###############################################################################
#
# IAR ELF Linker V8.40.1.212/W32 for ARM                  03/Sep/2019  11:33:58
# Copyright 2007-2019 IAR Systems AB.
#
#    Output file  =
#        C:/devapp/EB/tresos_bolo/workspace/demoBoot_VAG_SigCompCRC_can_asr/output/bin/CORTEXM_S32K14X_demoBoot_VAG_SigCompCRC_can_asr.elf
#    Map file     =
#        C:/devapp/EB/tresos_bolo/workspace/demoBoot_VAG_SigCompCRC_can_asr/output/bin\CORTEXM_S32K14X_demoBoot_VAG_SigCompCRC_can_asr.map
#    Command line =
#        --map
#        C:/devapp/EB/tresos_bolo/workspace/demoBoot_VAG_SigCompCRC_can_asr/output/bin\CORTEXM_S32K14X_demoBoot_VAG_SigCompCRC_can_asr.map
#        -f
#        C:/devapp/EB/tresos_bolo/workspace/demoBoot_VAG_SigCompCRC_can_asr/output/make/lnk.inc
#        (--no_wrap_diagnostics --semihosting --entry boardResetStart
#        C:/devapp/EB/tresos_bolo/workspace/demoBoot_VAG_SigCompCRC_can_asr/output/obj/APP_Prg.o
#        C:/devapp/EB/tresos_bolo/workspace/demoBoot_VAG_SigCompCRC_can_asr/output/obj/BlPduR_Cbk.o
#        C:/devapp/EB/tresos_bolo/workspace/demoBoot_VAG_SigCompCRC_can_asr/output/obj/main.o
#        C:/devapp/EB/tresos_bolo/workspace/demoBoot_VAG_SigCompCRC_can_asr/output/obj/Watchdog.o
#        C:/devapp/EB/tresos_bolo/workspace/demoBoot_VAG_SigCompCRC_can_asr/output/obj/UDS_Cbk.o
#        C:/devapp/EB/tresos_bolo/workspace/demoBoot_VAG_SigCompCRC_can_asr/output/obj/SA_Cbk.o
#        C:/devapp/EB/tresos_bolo/workspace/demoBoot_VAG_SigCompCRC_can_asr/output/obj/BM_Cbk.o
#        C:/devapp/EB/tresos_bolo/workspace/demoBoot_VAG_SigCompCRC_can_asr/output/obj/SchM.o
#        C:/devapp/EB/tresos_bolo/workspace/demoBoot_VAG_SigCompCRC_can_asr/output/obj/PROG_Cbk.o
#        C:/devapp/EB/tresos_bolo/workspace/demoBoot_VAG_SigCompCRC_can_asr/output/obj/CanSM.o
#        C:/devapp/EB/tresos_bolo/workspace/demoBoot_VAG_SigCompCRC_can_asr/output/obj/ComM.o
#        C:/devapp/EB/tresos_bolo/workspace/demoBoot_VAG_SigCompCRC_can_asr/output/obj/Atomics.o
#        C:/devapp/EB/tresos_bolo/workspace/demoBoot_VAG_SigCompCRC_can_asr/output/obj/Atomics_TSPlatforms.o
#        C:/devapp/EB/tresos_bolo/workspace/demoBoot_VAG_SigCompCRC_can_asr/output/obj/board.o
#        C:/devapp/EB/tresos_bolo/workspace/demoBoot_VAG_SigCompCRC_can_asr/output/obj/board_reset_vector.o
#        C:/devapp/EB/tresos_bolo/workspace/demoBoot_VAG_SigCompCRC_can_asr/output/obj/board_irq.o
#        C:/devapp/EB/tresos_bolo/workspace/demoBoot_VAG_SigCompCRC_can_asr/output/obj/boardStartup.o
#        C:/devapp/EB/tresos_bolo/workspace/demoBoot_VAG_SigCompCRC_can_asr/output/obj/interruptvectors.o
#        C:/devapp/EB/tresos_bolo/workspace/demoBoot_VAG_SigCompCRC_can_asr/output/obj/exceptiontable.o
#        C:/devapp/EB/tresos_bolo/workspace/demoBoot_VAG_SigCompCRC_can_asr/output/lib/BM_src.a
#        C:/devapp/EB/tresos_bolo/workspace/demoBoot_VAG_SigCompCRC_can_asr/output/lib/Base_src.a
#        C:/devapp/EB/tresos_bolo/workspace/demoBoot_VAG_SigCompCRC_can_asr/output/lib/BlPduR_src.a
#        C:/devapp/EB/tresos_bolo/workspace/demoBoot_VAG_SigCompCRC_can_asr/output/lib/Cal_src.a
#        C:/devapp/EB/tresos_bolo/workspace/demoBoot_VAG_SigCompCRC_can_asr/output/lib/Can_src.a
#        C:/devapp/EB/tresos_bolo/workspace/demoBoot_VAG_SigCompCRC_can_asr/output/lib/CanIf_src.a
#        C:/devapp/EB/tresos_bolo/workspace/demoBoot_VAG_SigCompCRC_can_asr/output/lib/CanIf_pbconfig.a
#        C:/devapp/EB/tresos_bolo/workspace/demoBoot_VAG_SigCompCRC_can_asr/output/lib/CanSM_src.a
#        C:/devapp/EB/tresos_bolo/workspace/demoBoot_VAG_SigCompCRC_can_asr/output/lib/CanTp_src.a
#        C:/devapp/EB/tresos_bolo/workspace/demoBoot_VAG_SigCompCRC_can_asr/output/lib/CanTp_pbconfig.a
#        C:/devapp/EB/tresos_bolo/workspace/demoBoot_VAG_SigCompCRC_can_asr/output/lib/Cpl_src.a
#        C:/devapp/EB/tresos_bolo/workspace/demoBoot_VAG_SigCompCRC_can_asr/output/lib/Cry_src.a
#        C:/devapp/EB/tresos_bolo/workspace/demoBoot_VAG_SigCompCRC_can_asr/output/lib/Csm_src.a
#        C:/devapp/EB/tresos_bolo/workspace/demoBoot_VAG_SigCompCRC_can_asr/output/lib/Det_src.a
#        C:/devapp/EB/tresos_bolo/workspace/demoBoot_VAG_SigCompCRC_can_asr/output/lib/EcuC_src.a
#        C:/devapp/EB/tresos_bolo/workspace/demoBoot_VAG_SigCompCRC_can_asr/output/lib/Flash_src.a
#        C:/devapp/EB/tresos_bolo/workspace/demoBoot_VAG_SigCompCRC_can_asr/output/lib/Mcu_src.a
#        C:/devapp/EB/tresos_bolo/workspace/demoBoot_VAG_SigCompCRC_can_asr/output/lib/PduR_src.a
#        C:/devapp/EB/tresos_bolo/workspace/demoBoot_VAG_SigCompCRC_can_asr/output/lib/PduR_pbconfig.a
#        C:/devapp/EB/tresos_bolo/workspace/demoBoot_VAG_SigCompCRC_can_asr/output/lib/Port_src.a
#        C:/devapp/EB/tresos_bolo/workspace/demoBoot_VAG_SigCompCRC_can_asr/output/lib/Prog_src.a
#        C:/devapp/EB/tresos_bolo/workspace/demoBoot_VAG_SigCompCRC_can_asr/output/lib/ProgVAG_src.a
#        C:/devapp/EB/tresos_bolo/workspace/demoBoot_VAG_SigCompCRC_can_asr/output/lib/SA_src.a
#        C:/devapp/EB/tresos_bolo/workspace/demoBoot_VAG_SigCompCRC_can_asr/output/lib/Uds_src.a)
#        --config
#        C:/devapp/EB/tresos_bolo/workspace/demoBoot_VAG_SigCompCRC_can_asr/source/boards/FRDMPK144_Q100_NoOS/board_flash-iar.ldscript
#        --output
#        C:/devapp/EB/tresos_bolo/workspace/demoBoot_VAG_SigCompCRC_can_asr/output/bin/CORTEXM_S32K14X_demoBoot_VAG_SigCompCRC_can_asr.elf
#
###############################################################################

*******************************************************************************
*** RUNTIME MODEL ATTRIBUTES
***

__SystemLibrary = DLib
__dlib_version  = 6


*******************************************************************************
*** HEAP SELECTION
***

The basic heap was selected because no calls to memory allocation
functions were found in the application outside of system library
functions, and there are calls to deallocation functions in the
application.


*******************************************************************************
*** PLACEMENT SUMMARY
***

define block reset_vector
   with fixed order, alignment = 256 {
      object board_reset_vector.o section .rodata,
      object board_reset_vector.o section .rodata*, section .startup,
      section .startup.* };
"A0":  place at start of [from 0x0 to 0xff] { block reset_vector };
define block ExceptionTable
   with fixed order, alignment = 256 {
      section .ExceptionTable, section .ExceptionTable.*,
      section .InterruptTable, section .InterruptTable.* };
"P1":  place in [from 0x800 to 0xbff] { block ExceptionTable };
define block text
   with fixed order, alignment = 32 {
      section .os_text, section .os_text.*, section .text, section .text.*,
      section i.*, section i.*.* };
"P2":  place in [from 0x1300 to 0x6'd2ff] { block text };
define block rodata
   with fixed order, alignment = 32 {
      section .const*, section .const*.*, section .constdata,
      section .constdata.*, section .rodata, section .rodata.* };
"P4":  place in [from 0x1300 to 0x6'd2ff] { block rodata };
define block DATA_init
   with fixed order, alignment = 32 {
      section .data_init, section .data.*_init };
"P5":  place in [from 0x1300 to 0x6'd2ff] { block DATA_init };
define block Flash_Rom
   with fixed order, alignment = 32 {
      section .fls_driver, section .fls_driver.* };
"P3":  place in [from 0xc00 to 0x12ff] { block Flash_Rom };
define block noinit
   with fixed order, alignment = 32 {
      section .prog_sig, section .prog_sig.*, section .ram_no_init,
      section .ram_no_init.* };
"P6":  place in [from 0x2000'6f00 to 0x2000'6fff] { block noinit };
define block BSS
   with fixed order, alignment = 32 {
      section *.stack*, section *.stack.*, section .bss, section .bss.*,
      section .bss.*.*, section .os_idlestack, section .os_idlestack.*,
      section COMMON, section COMMON.* };
define block DATA
   with fixed order, alignment = 32 { section .data, section .data.* }
      except { section *_init };
define block group_DATABSS with fixed order { block BSS, block DATA };
"P7":  place in [from 0x1fff'8700 to 0x2000'66ff] { block group_DATABSS };
do not initialize {
   section .bss*, section .stack*, section .prog_sig*, section .ram_no_init* };
initialize manually with packing = copy, complex ranges {
   section .data, section .data.* };
keep {
   object board_reset_vector.o section .rodata,
   object board_reset_vector.o section .rodata* };

No sections matched the following patterns:

  section *.stack.*          in block BSS
  section .ExceptionTable.*  in block ExceptionTable
  section .InterruptTable.*  in block ExceptionTable
  section .bss.*             in block BSS
  section .bss.*.*           in block BSS
  section .const*            in block rodata
  section .const*.*          in block rodata
  section .constdata         in block rodata
  section .constdata.*       in block rodata
  section .data.*            in block DATA
  section .data.*_init       in block DATA_init
  section .fls_driver.*      in block Flash_Rom
  section .os_idlestack      in block BSS
  section .os_idlestack.*    in block BSS
  section .os_text           in block text
  section .os_text.*         in block text
  section .prog_sig.*        in block noinit
  section .ram_no_init.*     in block noinit
  section .rodata.*          in block rodata
  section .startup.*         in block reset_vector
  section .text.*            in block text
  section COMMON             in block BSS
  section COMMON.*           in block BSS
  section i.*                in block text
  section i.*.*              in block text


  Section              Kind         Address    Size  Object
  -------              ----         -------    ----  ------
"A0":                                          0xae
  reset_vector                          0x0    0xae  <Block>
    .rodata            const            0x0     0x8  board_reset_vector.o [1]
    .startup           ro code          0x8    0xa6  boardStartup.o [1]
                                     - 0xae    0xae

"P1":                                         0x2c0
  ExceptionTable                      0x800   0x2c0  <Block>
    .ExceptionTable    ro code        0x800    0x40  exceptiontable.o [1]
    .InterruptTable    ro code        0x840   0x280  interruptvectors.o [1]
                                    - 0xac0   0x2c0

"P3":                                         0x188
  Flash_Rom                           0xc00   0x188  <Block>
    .fls_driver        ro code        0xc00   0x188  FLS_S32K14X.o [16]
                                    - 0xd88   0x188

"P2|P4-P5":                                  0xc900
  text                               0x1300  0xab88  <Block>
    .text              ro code       0x1300    0xe0  APP_Prg.o [1]
    .text              ro code       0x13e0   0x2f4  board.o [1]
    .text              ro code       0x16d4    0x48  main.o [1]
    .text              ro code       0x171c   0x19e  Mcu.o [17]
    .text              ro code       0x18bc    0x24  Port.o [20]
    .text              ro code       0x18e0    0x44  BM_Prg.o [2]
    .text              ro code       0x1924   0x630  BlPduR_Prg.o [4]
    .text              ro code       0x1f54  0x174e  PROG_Prg.o [22]
    .text              ro code       0x36a2    0x24  Csm.o [14]
    .text              ro code       0x36c8    0x84  Det.o [15]
    .text              ro code       0x374c    0xc6  Mcu_IPW.o [17]
    .text              ro code       0x3814   0x1d4  Port_Port_Ci.o [20]
    .text              ro code       0x39e8    0x88  BM_Cbk.o [1]
    .text              ro code       0x3a70   0x214  PROG_Cust_AppliCheck.o [22]
    .text              ro code       0x3c84    0x5a  BlPduR_Cbk.o [1]
    .text              ro code       0x3ce0   0xffa  UDS_Prg.o [24]
    .text              ro code       0x4cdc   0x2c8  FLASH_Prg.o [16]
    .text              ro code       0x4fa4    0xf8  SA_Prg.o [23]
    .text              ro code       0x509c    0x48  PduR_AdjLayerApi.o [19]
    .text              ro code       0x50e4  0x1678  CanTp_Merged.o [10]
    .text              ro code       0x675c    0x4c  TSMem.o [3]
    .text              ro code       0x67a8    0x92  PROG_Mem.o [22]
    .text              ro code       0x683c   0x1a2  PROG_Cry.o [22]
    .text              ro code       0x69de   0x29e  PROG_Hsm.o [21]
    .text              ro code       0x6c7c   0x412  PROG_Cbk.o [1]
    .text              ro code       0x7090   0x294  PROG_Decomp.o [22]
    .text              ro code       0x7324    0x48  PROG_Cust_Crc.o [22]
    .text              ro code       0x736c    0xfc  Csm_Hash.o [14]
    .text              ro code       0x7468   0x104  Csm_SignatureVerify.o [14]
    .text              ro code       0x756c    0x74  SchM.o [1]
    .text              ro code       0x75e0     0x8  Det_Rte.o [15]
    .text              ro code       0x75e8    0xbc  Mcu_SIM.o [17]
    .text              ro code       0x76a4    0x24  Mcu_RCM.o [17]
    .text              ro code       0x76c8    0x30  Mcu_PMC.o [17]
    .text              ro code       0x76f8    0x10  Mcu_SMC.o [17]
    .text              ro code       0x7708   0x180  Mcu_SCG.o [17]
    .text              ro code       0x7888    0x50  Mcu_PCC.o [17]
    .text              ro code       0x78d8     0x6  ABImemclr4.o [25]
    .text              ro code       0x78de     0x2  Watchdog.o [1]
    .text              ro code       0x78e0   0x5b4  CanSM_Merged.o [8]
    .text              ro code       0x7e94   0x2b8  PduR_Merged.o [19]
    .text              ro code       0x814c   0x10c  Can.o [11]
    .text              ro code       0x8258   0x65c  CanIf.o [7]
    .text              ro code       0x88b4    0x14  memset.o [25]
    .text              ro code       0x88c8     0x2  UDS_Cbk.o [1]
    .text              ro code       0x88cc    0x74  FLASH_LLD.o [16]
    .text              ro code       0x8940    0x3a  ABImemset48.o [25]
    .text              ro code       0x897c    0x4c  SA_Decomp.o [23]
    .text              ro code       0x89c8    0x30  SA_Cbk.o [1]
    .text              ro code       0x89f8    0x80  TSPBConfig.o [3]
    .text              ro code       0x8a78     0x6  ABImemclr.o [25]
    .text              ro code       0x8a80    0x40  Cal_Decompress.o [5]
    .text              ro code       0x8ac0     0x2  ComM.o [1]
    .text              ro code       0x8ac2     0x2  CanSM.o [1]
    .text              ro code       0x8ac4  0x10cc  Can_Flexcan.o [11]
    .text              ro code       0x9b90    0x12  ABImemset_small.o [25]
    .text              ro code       0x9ba4    0xc4  FLS_S32K14X.o [16]
    .text              ro code       0x9c68    0x56  board_irq.o [1]
    .text              ro code       0x9cc0    0xe4  Can_Irq.o [11]
    .text              ro code       0x9da4   0x1d4  PROG_HsmPROGFnct.o [21]
    .text              ro code       0x9f78    0x54  PROG_Cust_Init.o [22]
    .text              ro code       0x9fcc   0x5d6  Cry_RsaSsaPssVerify.o [13]
    .text              ro code       0xa5a4   0x61a  Cry_LN.o [13]
    .text              ro code       0xabc0   0x14c  Cry_Base64.o [13]
    .text              ro code       0xad0c    0x1c  Cry_Common.o [13]
    .text              ro code       0xad28   0xb34  Cry_SHA2.o [13]
    .text              ro code       0xb85c   0x2b0  Cry_SHA_Common.o [13]
    .text              ro code       0xbb0c   0x2d4  Cpl_LZSSDecompress.o [12]
    .text              ro code       0xbde0    0xa8  Cpl_Common.o [12]
  rodata                             0xbea0  0x1d07  <Block>
    .rodata            const         0xbea0     0xc  APP_Prg.o [1]
    .rodata            const         0xbeac     0x8  APP_Prg.o [1]
    .rodata            const         0xbeb4    0x18  APP_Prg.o [1]
    .rodata            const         0xbecc     0xc  APP_Prg.o [1]
    .rodata            const         0xbed8    0x1c  APP_Prg.o [1]
    .rodata            const         0xbef4     0x8  APP_Prg.o [1]
    .rodata            const         0xbefc     0x4  APP_Prg.o [1]
    .rodata            const         0xbf00    0x14  APP_Prg.o [1]
    .rodata            const         0xbf14    0x18  APP_Prg.o [1]
    .rodata            const         0xbf2c     0x8  APP_Prg.o [1]
    .rodata            const         0xbf34     0x8  PROG_Cbk.o [1]
    .rodata            const         0xbf3c     0x8  PROG_Cbk.o [1]
    .rodata            const         0xbf44   0x180  PROG_Cbk.o [1]
    .rodata            const         0xc0c4     0xc  Can_PBcfg.o [11]
    .rodata            const         0xc0d0    0x54  Can_PBcfg.o [11]
    .rodata            const         0xc124     0x8  Can_PBcfg.o [11]
    .rodata            const         0xc12c     0xc  Can_PBcfg.o [11]
    .rodata            const         0xc138    0x14  Can_PBcfg.o [11]
    .rodata            const         0xc14c    0xa8  CanIf_PBcfg.o [6]
    .rodata            const         0xc1f4    0xac  CanTp_PBcfg.o [9]
    .rodata            const         0xc2a0    0xac  PduR_PBcfg.o [18]
    .rodata            const         0xc34c    0x10  Mcu_PBcfg.o [17]
    .rodata            const         0xc35c     0x8  Mcu_PBcfg.o [17]
    .rodata            const         0xc364     0xc  Mcu_PBcfg.o [17]
    .rodata            const         0xc370    0x18  Mcu_PBcfg.o [17]
    .rodata            const         0xc388    0x18  Mcu_PBcfg.o [17]
    .rodata            const         0xc3a0    0x18  Mcu_PBcfg.o [17]
    .rodata            const         0xc3b8    0x18  Mcu_PBcfg.o [17]
    .rodata            const         0xc3d0    0x20  Mcu_PBcfg.o [17]
    .rodata            const         0xc3f0   0x100  Mcu_PBcfg.o [17]
    .rodata            const         0xc4f0     0x8  Mcu_PBcfg.o [17]
    .rodata            const         0xc4f8    0x14  Mcu_PBcfg.o [17]
    .rodata            const         0xc50c     0x8  Mcu_PBcfg.o [17]
    .rodata            const         0xc514    0x1c  Mcu_PBcfg.o [17]
    .rodata            const         0xc530     0x4  Mcu_PBcfg.o [17]
    .rodata            const         0xc534     0x4  Mcu_PBcfg.o [17]
    .rodata            const         0xc538    0x10  Mcu_PBcfg.o [17]
    .rodata            const         0xc548    0x1c  Mcu_PBcfg.o [17]
    .rodata            const         0xc564    0xa4  Port_PBcfg.o [20]
    .rodata            const         0xc608     0x8  Port_PBcfg.o [20]
    .rodata            const         0xc610    0x80  Port_PBcfg.o [20]
    .rodata            const         0xc690    0x18  Port_PBcfg.o [20]
    .rodata            const         0xc6a8    0x10  PROG_Cfg.o [22]
    .rodata            const         0xc6b8    0x28  PROG_Cfg.o [22]
    .rodata            const         0xc6e0     0xc  PROG_Cfg.o [22]
    .rodata            const         0xc6ec    0x90  UDS_Cfg.o [24]
    .rodata            const         0xc77c   0x140  UDS_Cfg.o [24]
    .rodata            const         0xc8bc    0x50  UDS_Cfg.o [24]
    .rodata            const         0xc90c    0x50  UDS_Cfg.o [24]
    .rodata            const         0xc95c     0x8  CanIf_Cfg.o [7]
    .rodata            const         0xc964     0x4  CanIf_Lcfg.o [7]
    .rodata            const         0xc968     0x4  CanTp_Lcfg.o [10]
    .rodata            const         0xc96c     0x4  Can_Cfg.o [11]
    .rodata            const         0xc970    0x14  Can_Cfg.o [11]
    .rodata            const         0xc984     0xc  Can_Cfg.o [11]
    .rodata            const         0xc990     0xc  Can_Flexcan.o [11]
    .rodata            const         0xc99c    0x18  Can_Flexcan.o [11]
    .rodata            const         0xc9b4     0x4  PduR_Lcfg.o [19]
    .rodata            const         0xc9b8    0x38  PduR_Lcfg.o [19]
    .rodata            const         0xc9f0   0x400  PROG_Cust_Crc.o [22]
    .rodata            const         0xcdf0   0x1d8  PROG_HsmPROGData.o [21]
    .rodata            const         0xcfc8    0x38  PROG_HsmPROGData.o [21]
    .rodata            const         0xd000    0x38  PROG_HsmPROGData.o [21]
    .rodata            const         0xd038    0x30  PROG_HsmPROGData.o [21]
    .rodata            const         0xd068    0x18  PROG_HsmPROGData.o [21]
    .rodata            const         0xd080    0x20  PROG_HsmPROGData.o [21]
    .rodata            const         0xd0a0    0x10  PROG_HsmPROGData.o [21]
    .rodata            const         0xd0b0    0x40  PROG_HsmPROGData.o [21]
    .rodata            const         0xd0f0     0x8  PROG_HsmPROGData.o [21]
    .rodata            const         0xd0f8    0x10  PROG_HsmPROGData.o [21]
    .rodata            const         0xd108    0x58  PROG_HsmPROGData.o [21]
    .rodata            const         0xd160     0x8  PROG_HsmPROGData.o [21]
    .rodata            const         0xd168     0x8  PROG_HsmPROGData.o [21]
    .rodata            const         0xd170    0x40  PROG_HsmPROGData.o [21]
    .rodata            const         0xd1b0    0x10  PROG_HsmPROGData.o [21]
    .rodata            const         0xd1c0    0x10  PROG_HsmPROGData.o [21]
    .rodata            const         0xd1d0    0x10  PROG_HsmPROGData.o [21]
    .rodata            const         0xd1e0     0x8  PROG_HsmPROGData.o [21]
    .rodata            const         0xd1e8     0x8  PROG_HsmPROGData.o [21]
    .rodata            const         0xd1f0     0x8  PROG_HsmPROGData.o [21]
    .rodata            const         0xd1f8    0x38  PROG_HsmPROGData.o [21]
    .rodata            const         0xd230     0x8  PROG_HsmPROGData.o [21]
    .rodata            const         0xd238    0x30  PROG_HsmPROGData.o [21]
    .rodata            const         0xd268    0x30  PROG_HsmPROGData.o [21]
    .rodata            const         0xd298    0x28  PROG_HsmPROGData.o [21]
    .rodata            const         0xd2c0    0x30  PROG_HsmPROGData.o [21]
    .rodata            const         0xd2f0     0x8  PROG_HsmPROGData.o [21]
    .rodata            const         0xd2f8     0x8  PROG_HsmPROGData.o [21]
    .rodata            const         0xd300    0x10  PROG_HsmPROGData.o [21]
    .rodata            const         0xd310    0x10  PROG_HsmPROGData.o [21]
    .rodata            const         0xd320    0x18  PROG_HsmPROGData.o [21]
    .rodata            const         0xd338    0x18  PROG_HsmPROGData.o [21]
    .rodata            const         0xd350    0x18  PROG_HsmPROGData.o [21]
    .rodata            const         0xd368     0x8  PROG_HsmPROGData.o [21]
    .rodata            const         0xd370    0x20  PROG_HsmPROGData.o [21]
    .rodata            const         0xd390    0x20  PROG_HsmPROGData.o [21]
    .rodata            const         0xd3b0     0x8  PROG_HsmPROGData.o [21]
    .rodata            const         0xd3b8    0x10  PROG_HsmPROGData.o [21]
    .rodata            const         0xd3c8     0x8  PROG_HsmPROGData.o [21]
    .rodata            const         0xd3d0    0x10  PROG_HsmPROGData.o [21]
    .rodata            const         0xd3e0    0x48  PROG_HsmPROGData.o [21]
    .rodata            const         0xd428    0x18  PROG_HsmPROGData.o [21]
    .rodata            const         0xd440     0x8  PROG_HsmPROGData.o [21]
    .rodata            const         0xd448    0x38  PROG_HsmPROGData.o [21]
    .rodata            const         0xd480    0x18  PROG_HsmPROGData.o [21]
    .rodata            const         0xd498     0x8  PROG_HsmPROGData.o [21]
    .rodata            const         0xd4a0     0x8  PROG_HsmPROGData.o [21]
    .rodata            const         0xd4a8   0x3d4  PROG_HsmPROGData.o [21]
    .rodata            const         0xd87c    0x1c  PROG_HsmPROGData.o [21]
    .rodata            const         0xd898     0xc  FLASH_Cfg.o [16]
    .rodata            const         0xd8a4    0x20  Csm_HashCfg.o [14]
    .rodata            const         0xd8c4    0x1c  Csm_SignatureVerifyCfg.o [14]
    .rodata            const         0xd8e0    0x10  Cry_SHA2Config.o [13]
    .rodata            const         0xd8f0    0x10  Cry_SHA2Config.o [13]
    .rodata            const         0xd900     0x8  Cry_RsaSsaPssVerify.o [13]
    .rodata            const         0xd908   0x100  Cry_SHA2.o [13]
    .rodata            const         0xda08     0x8  Cry_RsaSsaPssVerifyConfig.o [13]
    .rodata            const         0xda10    0x14  Cal_Decompress_Cfg.o [5]
    .rodata            const         0xda24   0x100  Cry_Base64.o [13]
    .rodata            const         0xdb24     0x8  Cpl_LZSSDecompress_Cfg.o [12]
    .rodata            const         0xdb2c     0x2  PROG_HsmPROGData.o [21]
    .rodata            const         0xdb2e     0x2  PROG_HsmPROGData.o [21]
    .rodata            const         0xdb30     0x2  PROG_HsmPROGData.o [21]
    .rodata            const         0xdb32     0x2  PROG_HsmPROGData.o [21]
    .rodata            const         0xdb34     0x2  PROG_HsmPROGData.o [21]
    .rodata            const         0xdb36     0x1  CanSM_Cfg.o [8]
    .rodata            const         0xdb37     0x1  CanSM_Cfg.o [8]
    .rodata            const         0xdb38     0x1  PduR_Lcfg.o [19]
    .rodata            const         0xdb39     0x1  PduR_Lcfg.o [19]
    .rodata            const         0xdb3a     0x1  PROG_HsmPROGData.o [21]
    .rodata            const         0xdb3b     0x1  PROG_HsmPROGData.o [21]
    .rodata            const         0xdb3c     0x1  PROG_HsmPROGData.o [21]
    .rodata            const         0xdb3d     0x1  PROG_HsmPROGData.o [21]
    .rodata            const         0xdb3e     0x1  PROG_HsmPROGData.o [21]
    .rodata            const         0xdb3f     0x1  PROG_HsmPROGData.o [21]
    .rodata            const         0xdb40     0x1  PROG_HsmPROGData.o [21]
    .rodata            const         0xdb41     0x1  PROG_HsmPROGData.o [21]
    .rodata            const         0xdb42     0x1  PROG_HsmPROGData.o [21]
    .rodata            const         0xdb43     0x1  PROG_HsmPROGData.o [21]
    .rodata            const         0xdb44     0x1  PROG_HsmPROGData.o [21]
    .rodata            const         0xdb45     0x1  PROG_HsmPROGData.o [21]
    .rodata            const         0xdb46     0x1  PROG_HsmPROGData.o [21]
    .rodata            const         0xdb47     0x1  PROG_HsmPROGData.o [21]
    .rodata            const         0xdb48     0x1  PROG_HsmPROGData.o [21]
    .rodata            const         0xdb49     0x1  PROG_HsmPROGData.o [21]
    .rodata            const         0xdb4a     0x1  PROG_HsmPROGData.o [21]
    .rodata            const         0xdb4b     0x1  PROG_HsmPROGData.o [21]
    .rodata            const         0xdb4c     0x1  PROG_HsmPROGData.o [21]
    .rodata            const         0xdb4d     0x1  PROG_HsmPROGData.o [21]
    .rodata            const         0xdb4e     0x1  PROG_HsmPROGData.o [21]
    .rodata            const         0xdb4f     0x1  PROG_HsmPROGData.o [21]
    .rodata            const         0xdb50     0x1  PROG_HsmPROGData.o [21]
    .rodata            const         0xdb51     0x1  PROG_HsmPROGData.o [21]
    .rodata            const         0xdb52     0x1  PROG_HsmPROGData.o [21]
    .rodata            const         0xdb53     0x1  PROG_HsmPROGData.o [21]
    .rodata            const         0xdb54     0x1  PROG_HsmPROGData.o [21]
    .rodata            const         0xdb55     0x1  PROG_HsmPROGData.o [21]
    .rodata            const         0xdb56     0x1  PROG_HsmPROGData.o [21]
    .rodata            const         0xdb57     0x1  PROG_HsmPROGData.o [21]
    .rodata            const         0xdb58     0x1  PROG_HsmPROGData.o [21]
    .rodata            const         0xdb59     0x1  PROG_HsmPROGData.o [21]
    .rodata            const         0xdb5a     0x1  PROG_HsmPROGData.o [21]
    .rodata            const         0xdb5b     0x1  PROG_HsmPROGData.o [21]
    .rodata            const         0xdb5c     0x1  PROG_HsmPROGData.o [21]
    .rodata            const         0xdb5d     0x1  PROG_HsmPROGData.o [21]
    .rodata            const         0xdb5e     0x1  PROG_HsmPROGData.o [21]
    .rodata            const         0xdb5f     0x1  PROG_HsmPROGData.o [21]
    .rodata            const         0xdb60     0x1  PROG_HsmPROGData.o [21]
    .rodata            const         0xdb61     0x1  PROG_HsmPROGData.o [21]
    .rodata            const         0xdb62     0x1  PROG_HsmPROGData.o [21]
    .rodata            const         0xdb63     0x1  PROG_HsmPROGData.o [21]
    .rodata            const         0xdb64     0x1  PROG_HsmPROGData.o [21]
    .rodata            const         0xdb65     0x1  PROG_HsmPROGData.o [21]
    .rodata            const         0xdb66     0x1  PROG_HsmPROGData.o [21]
    .rodata            const         0xdb67     0x1  PROG_HsmPROGData.o [21]
    .rodata            const         0xdb68     0x1  PROG_HsmPROGData.o [21]
    .rodata            const         0xdb69     0x1  PROG_HsmPROGData.o [21]
    .rodata            const         0xdb6a     0x1  PROG_HsmPROGData.o [21]
    .rodata            const         0xdb6b     0x1  PROG_HsmPROGData.o [21]
    .rodata            const         0xdb6c     0x1  PROG_HsmPROGData.o [21]
    .rodata            const         0xdb6d     0x1  PROG_HsmPROGData.o [21]
    .rodata            const         0xdb6e     0x1  PROG_HsmPROGData.o [21]
    .rodata            const         0xdb6f     0x1  PROG_HsmPROGData.o [21]
    .rodata            const         0xdb70     0x1  PROG_HsmPROGData.o [21]
    .rodata            const         0xdb71     0x1  PROG_HsmPROGData.o [21]
    .rodata            const         0xdb72     0x1  PROG_HsmPROGData.o [21]
    .rodata            const         0xdb73     0x1  PROG_HsmPROGData.o [21]
    .rodata            const         0xdb74     0x1  PROG_HsmPROGData.o [21]
    .rodata            const         0xdb75     0x1  PROG_HsmPROGData.o [21]
    .rodata            const         0xdb76     0x1  PROG_HsmPROGData.o [21]
    .rodata            const         0xdb77     0x1  PROG_HsmPROGData.o [21]
    .rodata            const         0xdb78     0x1  PROG_HsmPROGData.o [21]
    .rodata            const         0xdb79     0x1  PROG_HsmPROGData.o [21]
    .rodata            const         0xdb7a     0x1  PROG_HsmPROGData.o [21]
    .rodata            const         0xdb7b     0x1  PROG_HsmPROGData.o [21]
    .rodata            const         0xdb7c     0x1  PROG_HsmPROGData.o [21]
    .rodata            const         0xdb7d     0x1  PROG_HsmPROGData.o [21]
    .rodata            const         0xdb7e     0x1  PROG_HsmPROGData.o [21]
    .rodata            const         0xdb7f     0x1  PROG_HsmPROGData.o [21]
    .rodata            const         0xdb80     0x1  PROG_HsmPROGData.o [21]
    .rodata            const         0xdb81     0x1  PROG_HsmPROGData.o [21]
    .rodata            const         0xdb82     0x1  PROG_HsmPROGData.o [21]
    .rodata            const         0xdb83     0x1  PROG_HsmPROGData.o [21]
    .rodata            const         0xdb84     0x1  PROG_HsmPROGData.o [21]
    .rodata            const         0xdb85     0x1  PROG_HsmPROGData.o [21]
    .rodata            const         0xdb86     0x1  PROG_HsmPROGData.o [21]
    .rodata            const         0xdb87     0x1  PROG_HsmPROGData.o [21]
    .rodata            const         0xdb88     0x1  PROG_HsmPROGData.o [21]
    .rodata            const         0xdb89     0x1  PROG_HsmPROGData.o [21]
    .rodata            const         0xdb8a     0x1  PROG_HsmPROGData.o [21]
    .rodata            const         0xdb8b     0x1  PROG_HsmPROGData.o [21]
    .rodata            const         0xdb8c     0x1  PROG_HsmPROGData.o [21]
    .rodata            const         0xdb8d     0x1  PROG_HsmPROGData.o [21]
    .rodata            const         0xdb8e     0x1  PROG_HsmPROGData.o [21]
    .rodata            const         0xdb8f     0x1  PROG_HsmPROGData.o [21]
    .rodata            const         0xdb90     0x1  PROG_HsmPROGData.o [21]
    .rodata            const         0xdb91     0x1  PROG_HsmPROGData.o [21]
    .rodata            const         0xdb92     0x1  PROG_HsmPROGData.o [21]
    .rodata            const         0xdb93     0x1  PROG_HsmPROGData.o [21]
    .rodata            const         0xdb94     0x1  PROG_HsmPROGData.o [21]
    .rodata            const         0xdb95     0x1  PROG_HsmPROGData.o [21]
    .rodata            const         0xdb96     0x1  PROG_HsmPROGData.o [21]
    .rodata            const         0xdb97     0x1  PROG_HsmPROGData.o [21]
    .rodata            const         0xdb98     0x1  PROG_HsmPROGData.o [21]
    .rodata            const         0xdb99     0x1  PROG_HsmPROGData.o [21]
    .rodata            const         0xdb9a     0x1  PROG_HsmPROGData.o [21]
    .rodata            const         0xdb9b     0x1  PROG_HsmPROGData.o [21]
    .rodata            const         0xdb9c     0x1  PROG_HsmPROGData.o [21]
    .rodata            const         0xdb9d     0x1  PROG_HsmPROGData.o [21]
    .rodata            const         0xdb9e     0x1  PROG_HsmPROGData.o [21]
    .rodata            const         0xdb9f     0x1  PROG_HsmPROGData.o [21]
    .rodata            const         0xdba0     0x1  PROG_HsmPROGData.o [21]
    .rodata            const         0xdba1     0x1  PROG_HsmPROGData.o [21]
    .rodata            const         0xdba2     0x1  PROG_HsmPROGData.o [21]
    .rodata            const         0xdba3     0x1  PROG_HsmPROGData.o [21]
    .rodata            const         0xdba4     0x1  PROG_HsmPROGData.o [21]
    .rodata            const         0xdba5     0x1  PROG_HsmPROGData.o [21]
    .rodata            const         0xdba6     0x1  PROG_HsmPROGData.o [21]
  DATA_init                          0xdbc0    0x40  <Block>
    Initializer bytes  const         0xdbc0    0x40  <for section .data-1>
                                   - 0xdc00  0xc900

"P7":                                        0xdc40
  group_DATABSS                 0x1fff'8700  0xdc40  <Block>
    BSS                         0x1fff'8700  0xdbfb  <Block>
      .stack           uninit   0x1fff'8700   0x800  board_reset_vector.o [1]
      .bss             uninit   0x1fff'8f00     0xc  PROG_Cbk.o [1]
      .bss             uninit   0x1fff'8f0c    0x10  UDS_Prg.o [24]
      .bss             uninit   0x1fff'8f1c     0x4  CanIf.o [7]
      .bss             uninit   0x1fff'8f20     0x4  CanIf.o [7]
      .bss             uninit   0x1fff'8f24     0x4  CanIf.o [7]
      .bss             uninit   0x1fff'8f28     0x4  CanIf.o [7]
      .bss             uninit   0x1fff'8f2c     0xc  CanSM_Cfg.o [8]
      .bss             uninit   0x1fff'8f38     0x4  CanTp_Merged.o [10]
      .bss             uninit   0x1fff'8f3c     0x4  Can.o [11]
      .bss             uninit   0x1fff'8f40     0x4  Can.o [11]
      .bss             uninit   0x1fff'8f44     0x4  Can.o [11]
      .bss             uninit   0x1fff'8f48     0x4  PduR_Merged.o [19]
      .bss             uninit   0x1fff'8f4c     0x8  BlPduR_Prg.o [4]
      .bss             uninit   0x1fff'8f54     0xc  BlPduR_Prg.o [4]
      .bss             uninit   0x1fff'8f60     0x4  BlPduR_Prg.o [4]
      .bss             uninit   0x1fff'8f64     0xc  BlPduR_Prg.o [4]
      .bss             uninit   0x1fff'8f70     0xc  BlPduR_Prg.o [4]
      .bss             uninit   0x1fff'8f7c     0x4  BlPduR_Prg.o [4]
      .bss             uninit   0x1fff'8f80    0x14  BlPduR_Prg.o [4]
      .bss             uninit   0x1fff'8f94    0x10  BlPduR_Prg.o [4]
      .bss             uninit   0x1fff'8fa4     0x4  Mcu.o [17]
      .bss             uninit   0x1fff'8fa8     0xc  PROG_Prg.o [22]
      .bss             uninit   0x1fff'8fb4     0x4  PROG_Prg.o [22]
      .bss             uninit   0x1fff'8fb8     0xc  PROG_Prg.o [22]
      .bss             uninit   0x1fff'8fc4    0x10  PROG_Prg.o [22]
      .bss             uninit   0x1fff'8fd4   0x180  PROG_Prg.o [22]
      .bss             uninit   0x1fff'9154    0x10  PROG_Prg.o [22]
      .bss             uninit   0x1fff'9164    0x1c  PROG_Prg.o [22]
      .bss             uninit   0x1fff'9180     0xc  PROG_Prg.o [22]
      .bss             uninit   0x1fff'918c     0xc  PROG_Prg.o [22]
      .bss             uninit   0x1fff'9198     0x8  PROG_Prg.o [22]
      .bss             uninit   0x1fff'91a0     0xc  PROG_Prg.o [22]
      .bss             uninit   0x1fff'91ac     0x8  PROG_Prg.o [22]
      .bss             uninit   0x1fff'91b4    0x14  PROG_Prg.o [22]
      .bss             uninit   0x1fff'91c8     0x4  PROG_Prg.o [22]
      .bss             uninit   0x1fff'91cc    0x20  PROG_Prg.o [22]
      .bss             uninit   0x1fff'91ec     0x4  PROG_Prg.o [22]
      .bss             uninit   0x1fff'91f0   0x310  PROG_Prg.o [22]
      .bss             uninit   0x1fff'9500     0x4  Port.o [20]
      .bss             uninit   0x1fff'9504     0x4  CanIf_Cfg.o [7]
      .bss             uninit   0x1fff'9508     0x4  CanIf_Cfg.o [7]
      .bss             uninit   0x1fff'950c    0x3c  Det.o [15]
      .bss             uninit   0x1fff'9548     0xc  CanTp_Cfg.o [10]
      .bss             uninit   0x1fff'9554     0xc  CanTp_Cfg.o [10]
      .bss             uninit   0x1fff'9560  0x11d0  CanTp_Cfg.o [10]
      .bss             uninit   0x1fff'a730    0x94  Can_Flexcan.o [11]
      .bss             uninit   0x1fff'a7c4     0x4  Can_Flexcan.o [11]
      .bss             uninit   0x1fff'a7c8     0x4  FLASH_Prg.o [16]
      .bss             uninit   0x1fff'a7cc     0x4  FLASH_Prg.o [16]
      .bss             uninit   0x1fff'a7d0     0x4  SA_Prg.o [23]
      .bss             uninit   0x1fff'a7d4     0xc  SA_Prg.o [23]
      .bss             uninit   0x1fff'a7e0  0x3ffc  BlPduR_Cfg.o [4]
      .bss             uninit   0x1fff'e7dc    0x28  BlPduR_Cfg.o [4]
      .bss             uninit   0x1fff'e804     0x4  Mcu_IPW.o [17]
      .bss             uninit   0x1fff'e808  0x5000  PROG_Decomp.o [22]
      .bss             uninit   0x2000'3808    0x10  PROG_Decomp.o [22]
      .bss             uninit   0x2000'3818   0xfb4  PROG_Decomp.o [22]
      .bss             uninit   0x2000'47cc     0x4  PROG_Decomp.o [22]
      .bss             uninit   0x2000'47d0     0x4  PROG_Cry.o [22]
      .bss             uninit   0x2000'47d4    0x20  PROG_HsmPROGData.o [21]
      .bss             uninit   0x2000'47f4    0x20  PROG_HsmPROGData.o [21]
      .bss             uninit   0x2000'4814     0x4  PROG_HsmPROGData.o [21]
      .bss             uninit   0x2000'4818    0x14  Port_Port_Ci.o [20]
      .bss             uninit   0x2000'482c  0x1000  SA_Decomp.o [23]
      .bss             uninit   0x2000'582c    0x1c  FLS_S32K14X.o [16]
      .bss             uninit   0x2000'5848     0x8  FLS_S32K14X.o [16]
      .bss             uninit   0x2000'5850     0xc  FLS_S32K14X.o [16]
      .bss             uninit   0x2000'585c   0x848  Cry_RsaSsaPssVerify.o [13]
      .bss             uninit   0x2000'60a4   0x1f8  Cry_SHA2.o [13]
      .bss             uninit   0x2000'629c     0x2  UDS_Prg.o [24]
      .bss             uninit   0x2000'629e     0x2  UDS_Prg.o [24]
      .bss             uninit   0x2000'62a0     0x2  UDS_Prg.o [24]
      .bss             uninit   0x2000'62a2     0x2  UDS_Prg.o [24]
      .bss             uninit   0x2000'62a4     0x2  UDS_Prg.o [24]
      .bss             uninit   0x2000'62a6     0x2  BlPduR_Prg.o [4]
      .bss             uninit   0x2000'62a8     0x2  BlPduR_Prg.o [4]
      .bss             uninit   0x2000'62aa     0x2  PROG_Prg.o [22]
      .bss             uninit   0x2000'62ac     0x2  PROG_Prg.o [22]
      .bss             uninit   0x2000'62ae     0x2  Det.o [15]
      .bss             uninit   0x2000'62b0     0x2  Det.o [15]
      .bss             uninit   0x2000'62b2     0x2  Det.o [15]
      .bss             uninit   0x2000'62b4     0x2  FLASH_Prg.o [16]
      .bss             uninit   0x2000'62b6     0x2  FLASH_Prg.o [16]
      .bss             uninit   0x2000'62b8     0x2  FLASH_Prg.o [16]
      .bss             uninit   0x2000'62ba     0x2  FLASH_Prg.o [16]
      .bss             uninit   0x2000'62bc     0x2  FLASH_Prg.o [16]
      .bss             uninit   0x2000'62be     0x2  BlPduR_Cfg.o [4]
      .bss             uninit   0x2000'62c0     0x2  Csm_Hash.o [14]
      .bss             uninit   0x2000'62c2     0x2  Csm_SignatureVerify.o [14]
      .bss             uninit   0x2000'62c4     0x2  SA_Decomp.o [23]
      .bss             uninit   0x2000'62c6     0x2  SA_Decomp.o [23]
      .bss             uninit   0x2000'62c8     0x2  SA_Decomp.o [23]
      .bss             uninit   0x2000'62ca     0x2  SA_Decomp.o [23]
      .bss             uninit   0x2000'62cc     0x2  SA_Decomp.o [23]
      .bss             uninit   0x2000'62ce     0x1  board.o [1]
      .bss             uninit   0x2000'62cf     0x1  UDS_Prg.o [24]
      .bss             uninit   0x2000'62d0     0x1  UDS_Prg.o [24]
      .bss             uninit   0x2000'62d1     0x1  UDS_Prg.o [24]
      .bss             uninit   0x2000'62d2     0x1  UDS_Prg.o [24]
      .bss             uninit   0x2000'62d3     0x1  UDS_Prg.o [24]
      .bss             uninit   0x2000'62d4     0x1  UDS_Prg.o [24]
      .bss             uninit   0x2000'62d5     0x1  CanIf.o [7]
      .bss             uninit   0x2000'62d6     0x1  CanSM_Cfg.o [8]
      .bss             uninit   0x2000'62d7     0x1  CanSM_Merged.o [8]
      .bss             uninit   0x2000'62d8     0x1  CanSM_Merged.o [8]
      .bss             uninit   0x2000'62d9     0x1  Can.o [11]
      .bss             uninit   0x2000'62da     0x1  PduR_Merged.o [19]
      .bss             uninit   0x2000'62db     0x1  BlPduR_Prg.o [4]
      .bss             uninit   0x2000'62dc     0x1  BlPduR_Prg.o [4]
      .bss             uninit   0x2000'62dd     0x1  BlPduR_Prg.o [4]
      .bss             uninit   0x2000'62de     0x1  BlPduR_Prg.o [4]
      .bss             uninit   0x2000'62df     0x1  BlPduR_Prg.o [4]
      .bss             uninit   0x2000'62e0     0x1  Mcu.o [17]
      .bss             uninit   0x2000'62e1     0x1  Mcu.o [17]
      .bss             uninit   0x2000'62e2     0x1  Mcu.o [17]
      .bss             uninit   0x2000'62e3     0x1  PROG_Prg.o [22]
      .bss             uninit   0x2000'62e4     0x1  PROG_Prg.o [22]
      .bss             uninit   0x2000'62e5     0x1  PROG_Prg.o [22]
      .bss             uninit   0x2000'62e6     0x1  PROG_Prg.o [22]
      .bss             uninit   0x2000'62e7     0x1  PROG_Prg.o [22]
      .bss             uninit   0x2000'62e8     0x1  PROG_Prg.o [22]
      .bss             uninit   0x2000'62e9     0x1  PROG_Prg.o [22]
      .bss             uninit   0x2000'62ea     0x1  PROG_Prg.o [22]
      .bss             uninit   0x2000'62eb     0x1  PROG_Prg.o [22]
      .bss             uninit   0x2000'62ec     0x1  PROG_Prg.o [22]
      .bss             uninit   0x2000'62ed     0x1  PROG_Prg.o [22]
      .bss             uninit   0x2000'62ee     0x1  Det.o [15]
      .bss             uninit   0x2000'62ef     0x1  CanTp_Cfg.o [10]
      .bss             uninit   0x2000'62f0     0x1  CanTp_Cfg.o [10]
      .bss             uninit   0x2000'62f1     0x1  PROG_Cust_AppliCheck.o [22]
      .bss             uninit   0x2000'62f2     0x1  FLASH_Prg.o [16]
      .bss             uninit   0x2000'62f3     0x1  Csm_Hash.o [14]
      .bss             uninit   0x2000'62f4     0x1  Csm_SignatureVerify.o [14]
      .bss             uninit   0x2000'62f5     0x1  PROG_Decomp.o [22]
      .bss             uninit   0x2000'62f6     0x1  PROG_Cry.o [22]
      .bss             uninit   0x2000'62f7     0x1  PROG_Cry.o [22]
      .bss             uninit   0x2000'62f8     0x1  PROG_Cry.o [22]
      .bss             uninit   0x2000'62f9     0x1  SA_Decomp.o [23]
      .bss             uninit   0x2000'62fa     0x1  SA_Decomp.o [23]
    DATA                        0x2000'6300    0x40  <Block>
      section .data-1           0x2000'6300    0x40  <Init block>
        .data          inited   0x2000'6300     0x4  Can.o [11]
        .data          inited   0x2000'6304     0x8  BlPduR_Cfg.o [4]
        .data          inited   0x2000'630c    0x30  BlPduR_Cfg.o [4]
        .data          inited   0x2000'633c     0x1  CanSM_Merged.o [8]
        .data          inited   0x2000'633d     0x1  CanSM_Merged.o [8]
        .data          inited   0x2000'633e     0x1  Mcu.o [17]
        .data          inited   0x2000'633f     0x1  FLASH_Prg.o [16]
                              - 0x2000'6340  0xdc40

"P6":                                          0x5c
  noinit                        0x2000'6f00    0x5c  <Block>
    .prog_sig          uninit   0x2000'6f00     0x8  PROG_Cbk.o [1]
    .ram_no_init       uninit   0x2000'6f08    0x54  PROG_Cbk.o [1]
                              - 0x2000'6f5c    0x5c

Unused ranges:

         From           To      Size
         ----           --      ----
        0xac0        0xbff     0x140
        0xd88       0x12ff     0x578
       0xdc00     0x6'd2ff  0x5'f700
  0x2000'6340  0x2000'66ff     0x3c0
  0x2000'6f5c  0x2000'6fff      0xa4



*******************************************************************************
*** MODULE SUMMARY
***

    Module                       ro code  ro data  rw data
    ------                       -------  -------  -------
command line/config:
    ------------------------------------------------------
    Total:

C:\devapp\EB\tresos_bolo\workspace\demoBoot_VAG_SigCompCRC_can_asr\output\obj: [1]
    APP_Prg.o                        224      148
    BM_Cbk.o                         136
    BlPduR_Cbk.o                      90
    CanSM.o                            2
    ComM.o                             2
    PROG_Cbk.o                     1'042      400      104
    SA_Cbk.o                          48
    SchM.o                           116
    UDS_Cbk.o                          2
    Watchdog.o                         2
    board.o                          756                 1
    boardStartup.o                   166
    board_irq.o                       86
    board_reset_vector.o                        8    2'048
    exceptiontable.o                  64
    interruptvectors.o               640
    main.o                            72
    ------------------------------------------------------
    Total:                         3'448      556    2'153

BM_src.a: [2]
    BM_Prg.o                          68
    ------------------------------------------------------
    Total:                            68

Base_src.a: [3]
    TSMem.o                           76
    TSPBConfig.o                     128
    ------------------------------------------------------
    Total:                           204

BlPduR_src.a: [4]
    BlPduR_Cfg.o                               56   16'478
    BlPduR_Prg.o                   1'584                97
    ------------------------------------------------------
    Total:                         1'584       56   16'575

Cal_src.a: [5]
    Cal_Decompress.o                  64
    Cal_Decompress_Cfg.o                       20
    ------------------------------------------------------
    Total:                            64       20

CanIf_pbconfig.a: [6]
    CanIf_PBcfg.o                             168
    ------------------------------------------------------
    Total:                                    168

CanIf_src.a: [7]
    CanIf.o                        1'628                17
    CanIf_Cfg.o                                 8        8
    CanIf_Lcfg.o                                4
    ------------------------------------------------------
    Total:                         1'628       12       25

CanSM_src.a: [8]
    CanSM_Cfg.o                                 2       13
    CanSM_Merged.o                 1'460        2        4
    ------------------------------------------------------
    Total:                         1'460        4       17

CanTp_pbconfig.a: [9]
    CanTp_PBcfg.o                             172
    ------------------------------------------------------
    Total:                                    172

CanTp_src.a: [10]
    CanTp_Cfg.o                                      4'586
    CanTp_Lcfg.o                                4
    CanTp_Merged.o                 5'752                 4
    ------------------------------------------------------
    Total:                         5'752        4    4'590

Can_src.a: [11]
    Can.o                            268        4       17
    Can_Cfg.o                                  36
    Can_Flexcan.o                  4'300       36      152
    Can_Irq.o                        228
    Can_PBcfg.o                               136
    ------------------------------------------------------
    Total:                         4'796      212      169

Cpl_src.a: [12]
    Cpl_Common.o                     168
    Cpl_LZSSDecompress.o             724
    Cpl_LZSSDecompress_Cfg.o                    8
    ------------------------------------------------------
    Total:                           892        8

Cry_src.a: [13]
    Cry_Base64.o                     332      256
    Cry_Common.o                      28
    Cry_LN.o                       1'562
    Cry_RsaSsaPssVerify.o          1'494        8    2'120
    Cry_RsaSsaPssVerifyConfig.o                 8
    Cry_SHA2.o                     2'868      256      504
    Cry_SHA2Config.o                           32
    Cry_SHA_Common.o                 688
    ------------------------------------------------------
    Total:                         6'972      560    2'624

Csm_src.a: [14]
    Csm.o                             36
    Csm_Hash.o                       252                 3
    Csm_HashCfg.o                              32
    Csm_SignatureVerify.o            260                 3
    Csm_SignatureVerifyCfg.o                   28
    ------------------------------------------------------
    Total:                           548       60        6

Det_src.a: [15]
    Det.o                            132                67
    Det_Rte.o                          8
    ------------------------------------------------------
    Total:                           140                67

Flash_src.a: [16]
    FLASH_Cfg.o                                12
    FLASH_LLD.o                      116
    FLASH_Prg.o                      712        1       20
    FLS_S32K14X.o                    588                48
    ------------------------------------------------------
    Total:                         1'416       13       68

Mcu_src.a: [17]
    Mcu.o                            414        1        8
    Mcu_IPW.o                        198                 4
    Mcu_PBcfg.o                               536
    Mcu_PCC.o                         80
    Mcu_PMC.o                         48
    Mcu_RCM.o                         36
    Mcu_SCG.o                        384
    Mcu_SIM.o                        188
    Mcu_SMC.o                         16
    ------------------------------------------------------
    Total:                         1'364      537       12

PduR_pbconfig.a: [18]
    PduR_PBcfg.o                              172
    ------------------------------------------------------
    Total:                                    172

PduR_src.a: [19]
    PduR_AdjLayerApi.o                72
    PduR_Lcfg.o                                62
    PduR_Merged.o                    696                 5
    ------------------------------------------------------
    Total:                           768       62        5

Port_src.a: [20]
    Port.o                            36                 4
    Port_PBcfg.o                              324
    Port_Port_Ci.o                   468                20
    ------------------------------------------------------
    Total:                           504      324       24

ProgVAG_src.a: [21]
    PROG_Hsm.o                       670
    PROG_HsmPROGData.o                      2'847       68
    PROG_HsmPROGFnct.o               468
    ------------------------------------------------------
    Total:                         1'138    2'847       68

Prog_src.a: [22]
    PROG_Cfg.o                                 68
    PROG_Cry.o                       418                 7
    PROG_Cust_AppliCheck.o           532                 1
    PROG_Cust_Crc.o                   72    1'024
    PROG_Cust_Init.o                  84
    PROG_Decomp.o                    660            24'521
    PROG_Mem.o                       146
    PROG_Prg.o                     5'966             1'383
    ------------------------------------------------------
    Total:                         7'878    1'092   25'912

SA_src.a: [23]
    SA_Decomp.o                       76             4'108
    SA_Prg.o                         248                16
    ------------------------------------------------------
    Total:                           324             4'124

Uds_src.a: [24]
    UDS_Cfg.o                                 624
    UDS_Prg.o                      4'090                32
    ------------------------------------------------------
    Total:                         4'090      624       32

rt7M_tl.a: [25]
    ABImemclr.o                        6
    ABImemclr4.o                       6
    ABImemset48.o                     58
    ABImemset_small.o                 18
    memset.o                          20
    ------------------------------------------------------
    Total:                           108

    Gaps                              28
----------------------------------------------------------
    Grand Total:                  45'174    7'503   56'471


*******************************************************************************
*** ENTRY LIST
***

Entry                       Address    Size  Type      Object
-----                       -------    ----  ----      ------
APP_Init                     0x130f     0x2  Code  Gb  APP_Prg.o [1]
APP_InterruptDisable         0x1305     0xa  Code  Gb  APP_Prg.o [1]
APP_InterruptEnable          0x1301     0x4  Code  Gb  APP_Prg.o [1]
APP_Manage                   0x1311     0x2  Code  Gb  APP_Prg.o [1]
APP_TpRxInd                  0x13dd     0x2  Code  Gb  APP_Prg.o [1]
APP_TpTxConf                 0x13db     0x2  Code  Gb  APP_Prg.o [1]
APP_UdsSessionStatusInd
                             0x13d9     0x2  Code  Gb  APP_Prg.o [1]
BM_BootStartUp               0x18e1    0x1a  Code  Gb  BM_Prg.o [2]
BM_HardwareInit              0x39e9     0x2  Code  Gb  BM_Cbk.o [1]
BM_SoftwareInit              0x39eb    0x74  Code  Gb  BM_Cbk.o [1]
BM_StartUp                   0x18fb    0x2a  Code  Gb  BM_Prg.o [2]
BOARD_GET_ISR_SRC              0xa5          Code  Gb  boardStartup.o [1]
BSS$$Base               0x1fff'8700          Data  Gb  - Linker created -
BSS$$Limit              0x2000'62fb          Data  Gb  - Linker created -
BlPduRRxPhysBuffer      0x1fff'a7e0  0x3ffc  Data  Gb  BlPduR_Cfg.o [4]
BlPduR_CopyRxData            0x1be3    0x72  Code  Gb  BlPduR_Prg.o [4]
BlPduR_CopyTxData            0x1cf7    0x44  Code  Gb  BlPduR_Prg.o [4]
BlPduR_Custom_Com_Deactivate
                             0x3cdd     0x2  Code  Gb  BlPduR_Cbk.o [1]
BlPduR_Custom_Com_Init       0x3c9f    0x26  Code  Gb  BlPduR_Cbk.o [1]
BlPduR_Custom_RequestCommunicationDown
                             0x3c97     0x2  Code  Gb  BlPduR_Cbk.o [1]
BlPduR_Custom_RequestCommunicationUp
                             0x3c93     0x4  Code  Gb  BlPduR_Cbk.o [1]
BlPduR_GetNextBuffer         0x1eef    0x1a  Code  Gb  BlPduR_Prg.o [4]
BlPduR_GetRxPduId            0x3c85     0x8  Code  Gb  BlPduR_Cbk.o [1]
BlPduR_GetTpParameter        0x19b9    0x10  Code  Gb  BlPduR_Prg.o [4]
BlPduR_Init                  0x1925    0x38  Code  Gb  BlPduR_Prg.o [4]
BlPduR_Init1                 0x195d     0x4  Code  Gb  BlPduR_Prg.o [4]
BlPduR_Init2                 0x1961    0x4a  Code  Gb  BlPduR_Prg.o [4]
BlPduR_LockBuffer            0x1e6f    0x2c  Code  Gb  BlPduR_Prg.o [4]
BlPduR_Manage                0x1a1b    0x1a  Code  Gb  BlPduR_Prg.o [4]
BlPduR_ReleaseBuffers        0x1daf     0xc  Code  Lc  BlPduR_Prg.o [4]
BlPduR_RetrieveConnectionInfo
                             0x1e1d    0x22  Code  Gb  BlPduR_Prg.o [4]
BlPduR_RxInd                 0x1c5d    0x6a  Code  Gb  BlPduR_Prg.o [4]
BlPduR_SendMsgData           0x1ccf    0x28  Code  Gb  BlPduR_Prg.o [4]
BlPduR_Send_TPFrame          0x1e3f    0x1c  Code  Gb  BlPduR_Prg.o [4]
BlPduR_SimulateRxRequest
                             0x1e5b    0x14  Code  Gb  BlPduR_Prg.o [4]
BlPduR_StartOfReception
                             0x1adf   0x104  Code  Gb  BlPduR_Prg.o [4]
BlPduR_StoreConnectionInfo
                             0x1de9    0x34  Code  Gb  BlPduR_Prg.o [4]
BlPduR_StoreRxPduId          0x3c8d     0x6  Code  Gb  BlPduR_Cbk.o [1]
BlPduR_TpChangeParameter
                             0x19c9    0x52  Code  Gb  BlPduR_Prg.o [4]
BlPduR_TpRxIndication        0x1c55     0x8  Code  Gb  BlPduR_Prg.o [4]
BlPduR_TpRxMsgManage         0x1a35    0xaa  Code  Lc  BlPduR_Prg.o [4]
BlPduR_TpTxConfirmation
                             0x1d3b     0x8  Code  Gb  BlPduR_Prg.o [4]
BlPduR_TxConf                0x1d43    0x6c  Code  Gb  BlPduR_Prg.o [4]
BlPduR_UnlockBuffer          0x1e9b    0x54  Code  Gb  BlPduR_Prg.o [4]
BoardDisableInterrupts       0x15b1    0x18  Code  Gb  board.o [1]
BoardDisableMPU              0x14ed     0xc  Code  Lc  board.o [1]
BoardDisableWatchdog         0x13e1    0x18  Code  Lc  board.o [1]
BoardEnableInterrupts        0x15c9    0x16  Code  Gb  board.o [1]
BoardEnablePeripherals       0x13f9    0x12  Code  Lc  board.o [1]
BoardFlexCanErrorInterrupt
                             0x9ca7     0x4  Code  Gb  board_irq.o [1]
BoardFlexCanMailboxInterrupt
                             0x9cab    0x14  Code  Gb  board_irq.o [1]
BoardGetRandom               0x152f    0x10  Code  Gb  board.o [1]
BoardGetResetType            0x15fd    0x2c  Code  Gb  board.o [1]
BoardInitInterrupts          0x153f    0x4a  Code  Gb  board.o [1]
BoardInitMemorySections
                             0x14b7    0x36  Code  Lc  board.o [1]
BoardInitializationTimers
                             0x1477    0x2a  Code  Gb  board.o [1]
BoardInvalidInterrupt        0x9ca5     0x2  Code  Gb  board_irq.o [1]
BoardIsrHandler              0x9c69    0x36  Code  Gb  board_irq.o [1]
BoardPerformReset            0x15e1    0x1c  Code  Gb  board.o [1]
BoardSchedulingTimer         0x14a1    0x16  Code  Gb  board.o [1]
BoardSetState                0x1629     0xe  Code  Gb  board.o [1]
BoardSetupClocks             0x140b    0x6c  Code  Lc  board.o [1]
BoardStack              0x1fff'8700   0x800  Data  Gb  board_reset_vector.o [1]
BoardStart                   0x14f9    0x36  Code  Gb  board.o [1]
Board_CORTEXM_EnableVFPCoprocessor
                               0x79          Code  Gb  boardStartup.o [1]
BswM_CanSM_CurrentState
                             0x8ac3     0x2  Code  Gb  CanSM.o [1]
CORTEXMExceptionTable         0x800          Data  Gb  exceptiontable.o [1]
CORTEXMInterruptTable         0x840          Data  Gb  interruptvectors.o [1]
Cal_DecompressConfigurations
                             0xda10    0x14  Data  Gb  Cal_Decompress_Cfg.o [5]
Cal_DecompressFinish         0x8aa9    0x12  Code  Gb  Cal_Decompress.o [5]
Cal_DecompressStart          0x8a81     0xe  Code  Gb  Cal_Decompress.o [5]
Cal_DecompressUpdate         0x8a8f    0x1a  Code  Gb  Cal_Decompress.o [5]
CanConfigSet                 0xc138    0x14  Data  Gb  Can_PBcfg.o [11]
CanIf_BinarySwFiltering
                             0x86eb    0x72  Code  Lc  CanIf.o [7]
CanIf_CanControllerMode
                        0x1fff'9504     0x4  Data  Gb  CanIf_Cfg.o [7]
CanIf_CbkFctPtrTbl           0xc95c     0x8  Data  Gb  CanIf_Cfg.o [7]
CanIf_ConfigLayout           0xc14c    0xa8  Data  Gb  CanIf_PBcfg.o [6]
CanIf_ConfigPtr         0x1fff'8f20     0x4  Data  Gb  CanIf.o [7]
CanIf_ControllerModeIndication
                             0x84ff    0x60  Code  Gb  CanIf.o [7]
CanIf_DlcHandling            0x87c3    0x1a  Code  Lc  CanIf.o [7]
CanIf_DriverConfigPtr   0x1fff'8f28     0x4  Data  Lc  CanIf.o [7]
CanIf_GetCanIfIdFromCtrlIdx
                             0x8579    0x2c  Code  Lc  CanIf.o [7]
CanIf_Init                   0x828f    0x6a  Code  Gb  CanIf.o [7]
CanIf_IsValidConfig          0x8259    0x36  Code  Gb  CanIf.o [7]
CanIf_LcfgSignature          0xc964     0x4  Data  Gb  CanIf_Lcfg.o [7]
CanIf_PduMode           0x1fff'9508     0x4  Data  Gb  CanIf_Cfg.o [7]
CanIf_ProcessRxPdu           0x8833    0x52  Code  Lc  CanIf.o [7]
CanIf_RxIndication           0x8489    0x6c  Code  Gb  CanIf.o [7]
CanIf_RxIndication_DetChecks
                             0x876b    0x58  Code  Lc  CanIf.o [7]
CanIf_RxPduConfigPtr    0x1fff'8f24     0x4  Data  Lc  CanIf.o [7]
CanIf_SendRxIndication       0x87dd    0x20  Code  Lc  CanIf.o [7]
CanIf_SendTxConfirmation
                             0x87fd    0x36  Code  Lc  CanIf.o [7]
CanIf_SetControllerMode
                             0x82f9    0x34  Code  Gb  CanIf.o [7]
CanIf_SetControllerModeInternal
                             0x85a5    0x4c  Code  Lc  CanIf.o [7]
CanIf_SetOffline             0x8611     0x2  Code  Lc  CanIf.o [7]
CanIf_SetPduMode             0x840f    0x3c  Code  Gb  CanIf.o [7]
CanIf_SetPduModeInternal
                             0x85ff    0x12  Code  Lc  CanIf.o [7]
CanIf_SoftwareFiltering
                             0x8619    0xc0  Code  Lc  CanIf.o [7]
CanIf_State             0x2000'62d5     0x1  Data  Lc  CanIf.o [7]
CanIf_Transmit               0x832d    0xe2  Code  Gb  CanIf.o [7]
CanIf_TxConfirmation         0x8461    0x28  Code  Gb  CanIf.o [7]
CanIf_TxPduConfigPtr    0x1fff'8f1c     0x4  Data  Gb  CanIf.o [7]
CanSMConfiguration           0xdb36     0x1  Data  Gb  CanSM_Cfg.o [8]
CanSM_CheckCtrlModeIndications
                             0x7e1f    0x18  Code  Lc  CanSM_Merged.o [8]
CanSM_ClearCtrlModeIndAndSetModes
                             0x7e11     0xe  Code  Lc  CanSM_Merged.o [8]
CanSM_CommFullCommunication
                        0x2000'633d     0x1  Data  Gb  CanSM_Merged.o [8]
CanSM_CommNoCommunication
                        0x2000'62d7     0x1  Data  Gb  CanSM_Merged.o [8]
CanSM_CommSilentCommunication
                        0x2000'633c     0x1  Data  Gb  CanSM_Merged.o [8]
CanSM_ControllerModeIndication
                             0x78e1    0x48  Code  Gb  CanSM_Merged.o [8]
CanSM_ControllerModeTypeToUint8
                             0x7e81    0x14  Code  Lc  CanSM_Merged.o [8]
CanSM_ControllerNetworkLut
                             0xdb37     0x1  Data  Gb  CanSM_Cfg.o [8]
CanSM_CtrlModeIndication
                        0x2000'62d6     0x1  Data  Gb  CanSM_Cfg.o [8]
CanSM_DefaultTrailingCriticalSection
                             0x7def    0x1c  Code  Lc  CanSM_Merged.o [8]
CanSM_DoTransitionSequence
                             0x79ed    0x44  Code  Gb  CanSM_Merged.o [8]
CanSM_DoTransitionSwitch
                             0x7a79    0x32  Code  Lc  CanSM_Merged.o [8]
CanSM_Do_TRY_T_FUCO_BUS_OFF_PASSIVE
                             0x7dc9    0x26  Code  Lc  CanSM_Merged.o [8]
CanSM_Do_T_FUCO              0x7aab    0x22  Code  Lc  CanSM_Merged.o [8]
CanSM_Do_T_FUCO_HANDLE_BUS_OFF
                             0x7cbf    0x86  Code  Lc  CanSM_Merged.o [8]
CanSM_Do_T_FUCO_SICO         0x7c6b    0x1c  Code  Lc  CanSM_Merged.o [8]
CanSM_Do_T_FUCO_TX_OFF       0x7d55    0x14  Code  Lc  CanSM_Merged.o [8]
CanSM_Do_T_FUCO_TX_ON        0x7d89    0x26  Code  Lc  CanSM_Merged.o [8]
CanSM_Do_T_RFUCO             0x7afd    0x22  Code  Lc  CanSM_Merged.o [8]
CanSM_Do_T_RFUCO_CC_STARTED
                             0x7c0b    0x4e  Code  Lc  CanSM_Merged.o [8]
CanSM_Do_T_RFUCO_CC_STOPPED
                             0x7bdb    0x30  Code  Lc  CanSM_Merged.o [8]
CanSM_Do_T_RFUCO_INITIAL
                             0x7bad     0x6  Code  Lc  CanSM_Merged.o [8]
CanSM_Do_T_RFUCO_TRCV_NORMAL
                             0x7bb3    0x16  Code  Lc  CanSM_Merged.o [8]
CanSM_Do_T_RNOCO             0x7acd    0x30  Code  Lc  CanSM_Merged.o [8]
CanSM_Do_T_RNOCO_CC_INITIAL
                             0x7b35    0x16  Code  Lc  CanSM_Merged.o [8]
CanSM_Do_T_RNOCO_CC_SLEEP
                             0x7b71     0x6  Code  Lc  CanSM_Merged.o [8]
CanSM_Do_T_RNOCO_CC_STOPPED
                             0x7b4b    0x1e  Code  Lc  CanSM_Merged.o [8]
CanSM_Do_T_RNOCO_DEINIT_INITIAL
                             0x7b2f     0x6  Code  Lc  CanSM_Merged.o [8]
CanSM_Do_T_RNOCO_FINAL       0x7b77    0x36  Code  Lc  CanSM_Merged.o [8]
CanSM_Do_T_RNOCO_INITIAL
                             0x7b1f    0x10  Code  Lc  CanSM_Merged.o [8]
CanSM_Do_T_SICO_FUCO         0x7c87    0x38  Code  Lc  CanSM_Merged.o [8]
CanSM_GlobalInit        0x2000'62d8     0x1  Data  Gb  CanSM_Merged.o [8]
CanSM_Init                   0x7929    0x1c  Code  Gb  CanSM_Merged.o [8]
CanSM_NetworkInfo       0x1fff'8f2c     0xc  Data  Gb  CanSM_Cfg.o [8]
CanSM_RequestComMode         0x7945    0x36  Code  Gb  CanSM_Merged.o [8]
CanSM_RequestComModeInternal
                             0x7983    0x5e  Code  Lc  CanSM_Merged.o [8]
CanSM_SetCtrlModes           0x7e37    0x2a  Code  Lc  CanSM_Merged.o [8]
CanSM_SetPduModes            0x7e0b     0x6  Code  Lc  CanSM_Merged.o [8]
CanSM_VerifyRequestedComMode
                             0x7a31    0x48  Code  Gb  CanSM_Merged.o [8]
CanStatic_ConfigSet          0xc984     0xc  Data  Gb  Can_Cfg.o [11]
CanStatic_pControlerDescriptors
                        0x1fff'8f44     0x4  Data  Gb  Can.o [11]
CanStatic_pCurrentConfig
                        0x2000'6300     0x4  Data  Gb  Can.o [11]
CanTp_CalculateBlockSize
                             0x53e9    0x6e  Code  Gb  CanTp_Merged.o [10]
CanTp_CfgPtr            0x1fff'8f38     0x4  Data  Gb  CanTp_Merged.o [10]
CanTp_ChangeParameter        0x66ab    0x90  Code  Gb  CanTp_Merged.o [10]
CanTp_Channel           0x1fff'9560  0x11d0  Data  Gb  CanTp_Cfg.o [10]
CanTp_CheckAndHandleWaitFrameTimeOut
                             0x548d    0x2a  Code  Gb  CanTp_Merged.o [10]
CanTp_CheckNPduLength        0x5ff7    0x36  Code  Lc  CanTp_Merged.o [10]
CanTp_ConfigLayout           0xc1f4    0xac  Data  Gb  CanTp_PBcfg.o [9]
CanTp_FindNSduId             0x5a31    0x92  Code  Lc  CanTp_Merged.o [10]
CanTp_Init                   0x511b    0xda  Code  Gb  CanTp_Merged.o [10]
CanTp_InitChannelPtr         0x51f5    0x56  Code  Gb  CanTp_Merged.o [10]
CanTp_InitVars          0x2000'62ef     0x1  Data  Gb  CanTp_Cfg.o [10]
CanTp_IsValidConfig          0x50e5    0x36  Code  Gb  CanTp_Merged.o [10]
CanTp_LcfgSignature          0xc968     0x4  Data  Gb  CanTp_Lcfg.o [10]
CanTp_MainFunction           0x524b    0x50  Code  Gb  CanTp_Merged.o [10]
CanTp_NonIdleChannelCounter
                        0x2000'62f0     0x1  Data  Gb  CanTp_Cfg.o [10]
CanTp_PostRxIndication       0x590d    0x5c  Code  Gb  CanTp_Merged.o [10]
CanTp_PostSTminCallback
                             0x606b    0x26  Code  Gb  CanTp_Merged.o [10]
CanTp_PostTxConfirmation
                             0x645f    0x2c  Code  Gb  CanTp_Merged.o [10]
CanTp_PostponeRxFrame        0x5969    0x28  Code  Lc  CanTp_Merged.o [10]
CanTp_PrepareFC              0x535b    0x66  Code  Gb  CanTp_Merged.o [10]
CanTp_PreparePadding         0x55b7    0x6e  Code  Gb  CanTp_Merged.o [10]
CanTp_PreparexF              0x54b7    0xea  Code  Gb  CanTp_Merged.o [10]
CanTp_ProcessConfirmedCF
                             0x6571    0xa4  Code  Lc  CanTp_Merged.o [10]
CanTp_ProcessCopyTxData
                             0x63a5    0x34  Code  Lc  CanTp_Merged.o [10]
CanTp_ProcessReceivedCF
                             0x5cd3    0x64  Code  Lc  CanTp_Merged.o [10]
CanTp_ProcessReceivedFC
                             0x5ee5    0xfc  Code  Lc  CanTp_Merged.o [10]
CanTp_ProcessReceivedFF
                             0x5b8d   0x13c  Code  Lc  CanTp_Merged.o [10]
CanTp_ProcessReceivedIntermediateCF
                             0x5d6b    0xc8  Code  Lc  CanTp_Merged.o [10]
CanTp_ProcessReceivedLastCF
                             0x5e7b    0x52  Code  Lc  CanTp_Merged.o [10]
CanTp_ProcessReceivedSF
                             0x5ac3    0xca  Code  Lc  CanTp_Merged.o [10]
CanTp_ProcessRxFrame         0x5991    0x72  Code  Lc  CanTp_Merged.o [10]
CanTp_ProcessStartOfReception
                             0x5625    0x60  Code  Gb  CanTp_Merged.o [10]
CanTp_ProcessStartOfReceptionData
                             0x5685    0x3a  Code  Gb  CanTp_Merged.o [10]
CanTp_ProcessTxPdu           0x648b    0xe6  Code  Lc  CanTp_Merged.o [10]
CanTp_RequestTxFrameData
                             0x630b    0x9a  Code  Lc  CanTp_Merged.o [10]
CanTp_RxChannelCleanup       0x5a03    0x2e  Code  Lc  CanTp_Merged.o [10]
CanTp_RxIndication           0x578f   0x15a  Code  Gb  CanTp_Merged.o [10]
CanTp_RxNSduBSValues    0x1fff'9554     0xc  Data  Gb  CanTp_Cfg.o [10]
CanTp_RxNSduStMinValues
                        0x1fff'9548     0xc  Data  Gb  CanTp_Cfg.o [10]
CanTp_RxProcessData          0x56bf    0x28  Code  Gb  CanTp_Merged.o [10]
CanTp_RxStateHandling        0x56f9    0x8a  Code  Gb  CanTp_Merged.o [10]
CanTp_STminCallback          0x602d    0x3e  Code  Gb  CanTp_Merged.o [10]
CanTp_STminTimeoutHandling
                             0x6091    0x12  Code  Lc  CanTp_Merged.o [10]
CanTp_StallHandling          0x52dd    0x72  Code  Lc  CanTp_Merged.o [10]
CanTp_StopChannel            0x60a3    0x78  Code  Gb  CanTp_Merged.o [10]
CanTp_TimeoutHandling        0x529b    0x42  Code  Gb  CanTp_Merged.o [10]
CanTp_Transmit               0x611b    0xec  Code  Gb  CanTp_Merged.o [10]
CanTp_TransmitFrame          0x622f    0x60  Code  Gb  CanTp_Merged.o [10]
CanTp_TxConfirmation         0x63d9    0x7e  Code  Gb  CanTp_Merged.o [10]
CanTp_TxStateHandling        0x628f    0x6e  Code  Gb  CanTp_Merged.o [10]
CanTp_UnlockChannel          0x6633    0x78  Code  Gb  CanTp_Merged.o [10]
CanTp_VerifyBlockSize        0x5457    0x36  Code  Gb  CanTp_Merged.o [10]
Can_ControllerStatuses  0x1fff'a730    0x94  Data  Gb  Can_Flexcan.o [11]
Can_FilterMasks0_PB          0xc0c4     0xc  Data  Lc  Can_PBcfg.o [11]
Can_FlexCan_DisableInterrupts
                             0x8ac5    0x74  Code  Lc  Can_Flexcan.o [11]
Can_FlexCan_EnableInterrupts
                             0x8b39    0xa8  Code  Lc  Can_Flexcan.o [11]
Can_FlexCan_GotoFreezeMode
                             0x9503    0x8a  Code  Lc  Can_Flexcan.o [11]
Can_FlexCan_InitController
                             0x9755   0x1f6  Code  Gb  Can_Flexcan.o [11]
Can_FlexCan_InitReceiveMBs
                             0x8c77   0x10e  Code  Lc  Can_Flexcan.o [11]
Can_FlexCan_InitRxInvidualMask
                             0x8bef    0x5c  Code  Lc  Can_Flexcan.o [11]
Can_FlexCan_InitTransmitMBs
                             0x8d85   0x120  Code  Lc  Can_Flexcan.o [11]
Can_FlexCan_InitVariables
                             0x9697    0x9e  Code  Gb  Can_Flexcan.o [11]
Can_FlexCan_ProcessRx        0x9b2f    0x40  Code  Gb  Can_Flexcan.o [11]
Can_FlexCan_ProcessRxNormal
                             0x9301   0x1c2  Code  Lc  Can_Flexcan.o [11]
Can_FlexCan_ProcessTx        0x9aeb    0x44  Code  Gb  Can_Flexcan.o [11]
Can_FlexCan_ProcessTxPoll
                             0x9229    0xd8  Code  Lc  Can_Flexcan.o [11]
Can_FlexCan_ResetController
                             0x9647    0x50  Code  Lc  Can_Flexcan.o [11]
Can_FlexCan_SellectClockSource
                             0x95b5    0x7e  Code  Lc  Can_Flexcan.o [11]
Can_FlexCan_SetControllerMode
                             0x997d    0x34  Code  Gb  Can_Flexcan.o [11]
Can_FlexCan_SetControllerToSleepMode
                             0x906f    0x32  Code  Lc  Can_Flexcan.o [11]
Can_FlexCan_SetControllerToStartMode
                             0x8fbb    0xb4  Code  Lc  Can_Flexcan.o [11]
Can_FlexCan_SetControllerToStopMode
                             0x8ea5   0x10a  Code  Lc  Can_Flexcan.o [11]
Can_FlexCan_SetControllerToWakeupMode
                             0x90ad    0x30  Code  Lc  Can_Flexcan.o [11]
Can_FlexCan_UpdateMB         0x90fd   0x12c  Code  Lc  Can_Flexcan.o [11]
Can_FlexCan_ValidHth         0x94c3    0x40  Code  Lc  Can_Flexcan.o [11]
Can_FlexCan_Write            0x99b1   0x12e  Code  Gb  Can_Flexcan.o [11]
Can_IflagImask               0xc99c    0x18  Data  Gb  Can_Flexcan.o [11]
Can_Init                     0x814d    0x66  Code  Gb  Can.o [11]
Can_IsrFCA_ERR               0x9cc1    0x54  Code  Gb  Can_Irq.o [11]
Can_IsrFCA_MB_00_15          0x9d1f    0x24  Code  Gb  Can_Irq.o [11]
Can_IsrFCA_MB_16_31          0x9d4b    0x26  Code  Gb  Can_Irq.o [11]
Can_SetControllerMode        0x81bb    0x50  Code  Gb  Can.o [11]
Can_Write                    0x8215    0x2c  Code  Gb  Can.o [11]
Can_eDriverStatus       0x2000'62d9     0x1  Data  Gb  Can.o [11]
Can_pControlerDescriptors
                        0x1fff'8f40     0x4  Data  Gb  Can.o [11]
Can_pCurrentConfig      0x1fff'8f3c     0x4  Data  Gb  Can.o [11]
Can_u32BaseAddress           0xc990     0xc  Data  Gb  Can_Flexcan.o [11]
Can_u32TicksDelayDuration
                        0x1fff'a7c4     0x4  Data  Gb  Can_Flexcan.o [11]
ComM_BusSM_ModeIndication
                             0x8ac1     0x2  Code  Gb  ComM.o [1]
ControlerDescriptors0_PB
                             0xc12c     0xc  Data  Lc  Can_PBcfg.o [11]
ControlerDescriptors0_PC
                             0xc970    0x14  Data  Lc  Can_Cfg.o [11]
ControllerBaudrateCfgSet0_PB_0
                             0xc124     0x8  Data  Lc  Can_PBcfg.o [11]
ControllerBaudrateCfgSet0_PC_0
                             0xc96c     0x4  Data  Lc  Can_Cfg.o [11]
CplLzssDecompressConfig_0
                             0xdb24     0x8  Data  Gb  Cpl_LZSSDecompress_Cfg.o [12]
Cpl_CommonRingBufferGetLevel
                             0xbe85     0x4  Code  Gb  Cpl_Common.o [12]
Cpl_CommonRingBufferInit
                             0xbde1    0x24  Code  Gb  Cpl_Common.o [12]
Cpl_CommonRingBufferPush
                             0xbe05    0x34  Code  Gb  Cpl_Common.o [12]
Cpl_CommonRingBufferReadFromEnd
                             0xbe39    0x4c  Code  Gb  Cpl_Common.o [12]
Cpl_LZSSCopyBytesFromLookBack
                             0xbd9f    0x42  Code  Lc  Cpl_LZSSDecompress.o [12]
Cpl_LZSSDecodeEncoding       0xbd43    0x5c  Code  Lc  Cpl_LZSSDecompress.o [12]
Cpl_LZSSDecompressBeg        0xbbd7    0x40  Code  Lc  Cpl_LZSSDecompress.o [12]
Cpl_LZSSDecompressEnd        0xbd13    0x30  Code  Lc  Cpl_LZSSDecompress.o [12]
Cpl_LZSSDecompressFinish
                             0xbb85    0x52  Code  Gb  Cpl_LZSSDecompress.o [12]
Cpl_LZSSDecompressRun        0xbc17    0xfc  Code  Lc  Cpl_LZSSDecompress.o [12]
Cpl_LZSSDecompressStart
                             0xbb0d    0x1c  Code  Gb  Cpl_LZSSDecompress.o [12]
Cpl_LZSSDecompressUpdate
                             0xbb29    0x5c  Code  Gb  Cpl_LZSSDecompress.o [12]
CryRsaSsaPssVerifyConfig_0
                             0xda08     0x8  Data  Gb  Cry_RsaSsaPssVerifyConfig.o [13]
CrySHA2Config_0              0xd8f0    0x10  Data  Gb  Cry_SHA2Config.o [13]
CrySHA2Config_0_AlgorithmId
                             0xd8e0    0x10  Data  Lc  Cry_SHA2Config.o [13]
Cry_Base64Decode             0xabc1    0xd4  Code  Gb  Cry_Base64.o [13]
Cry_Base64DecodeOneBlock
                             0xac95    0x74  Code  Lc  Cry_Base64.o [13]
Cry_Base64Mapping            0xda24   0x100  Data  Lc  Cry_Base64.o [13]
Cry_CommonCopy               0xad17    0x12  Code  Gb  Cry_Common.o [13]
Cry_CommonResetCtx           0xad0d     0xa  Code  Gb  Cry_Common.o [13]
Cry_LNBEByteArrayToNumber
                             0xa6c1    0x46  Code  Gb  Cry_LN.o [13]
Cry_LNBitLengthOfNumber
                             0xa5a5    0x1c  Code  Gb  Cry_LN.o [13]
Cry_LNIsValid                0xa847    0x18  Code  Gb  Cry_LN.o [13]
Cry_LNModExp                 0xa789    0xbe  Code  Gb  Cry_LN.o [13]
Cry_LNModExpStart            0xa783     0x6  Code  Gb  Cry_LN.o [13]
Cry_LNModulo                 0xa655    0x6c  Code  Gb  Cry_LN.o [13]
Cry_LNModuloBegin            0xa85f    0x38  Code  Lc  Cry_LN.o [13]
Cry_LNModuloCarry            0xa9f9    0x3c  Code  Lc  Cry_LN.o [13]
Cry_LNModuloExport           0xaa35     0xe  Code  Lc  Cry_LN.o [13]
Cry_LNModuloShift1           0xa897    0x2a  Code  Lc  Cry_LN.o [13]
Cry_LNModuloShift2           0xa8c1    0x8c  Code  Lc  Cry_LN.o [13]
Cry_LNModuloStart            0xa64f     0x6  Code  Gb  Cry_LN.o [13]
Cry_LNModuloSubtract1        0xa94d    0x22  Code  Lc  Cry_LN.o [13]
Cry_LNModuloSubtract2        0xa96f    0x8a  Code  Lc  Cry_LN.o [13]
Cry_LNMultiplyNumbers        0xa5dd    0x72  Code  Gb  Cry_LN.o [13]
Cry_LNMultiplyStart          0xa5d5     0x6  Code  Gb  Cry_LN.o [13]
Cry_LNNormalizeNumber        0xa5c1    0x14  Code  Gb  Cry_LN.o [13]
Cry_LNNumberToBEByteArray
                             0xa707    0x36  Code  Gb  Cry_LN.o [13]
Cry_LNStateMultiplyBegin
                             0xaa43    0x34  Code  Lc  Cry_LN.o [13]
Cry_LNStateMultiplyCarry
                             0xab61    0x4a  Code  Lc  Cry_LN.o [13]
Cry_LNStateMultiplyComputeIsum1
                             0xaa97    0x54  Code  Lc  Cry_LN.o [13]
Cry_LNStateMultiplyComputeIsum2
                             0xaaeb    0x60  Code  Lc  Cry_LN.o [13]
Cry_LNStateMultiplyComputeOsum
                             0xaa77    0x20  Code  Lc  Cry_LN.o [13]
Cry_LNStateMultiplyExport
                             0xabab    0x14  Code  Lc  Cry_LN.o [13]
Cry_RsaSsaPssDoneMask        0xa4cf    0xb6  Code  Lc  Cry_RsaSsaPssVerify.o [13]
Cry_RsaSsaPssFinishComputeModularExp
                             0xa421    0x3a  Code  Lc  Cry_RsaSsaPssVerify.o [13]
Cry_RsaSsaPssFinishExp       0xa45b    0x74  Code  Lc  Cry_RsaSsaPssVerify.o [13]
Cry_RsaSsaPssStartExp        0xa3b7    0x54  Code  Lc  Cry_RsaSsaPssVerify.o [13]
Cry_RsaSsaPssVerifyCallback
                             0xa31f    0x98  Code  Gb  Cry_RsaSsaPssVerify.o [13]
Cry_RsaSsaPssVerifyCtx  0x2000'585c   0x848  Data  Lc  Cry_RsaSsaPssVerify.o [13]
Cry_RsaSsaPssVerifyFinish
                             0xa04f    0x22  Code  Gb  Cry_RsaSsaPssVerify.o [13]
Cry_RsaSsaPssVerifyMainFunction
                             0xa079   0x29a  Code  Gb  Cry_RsaSsaPssVerify.o [13]
Cry_RsaSsaPssVerifyStart
                             0x9fcd    0x5e  Code  Gb  Cry_RsaSsaPssVerify.o [13]
Cry_RsaSsaPssVerifyUpdate
                             0xa02b    0x24  Code  Gb  Cry_RsaSsaPssVerify.o [13]
Cry_RsaSsaPssVerify_Null_String
                             0xd900     0x8  Data  Lc  Cry_RsaSsaPssVerify.o [13]
Cry_SHA224256Compress        0xae4d   0x846  Code  Lc  Cry_SHA2.o [13]
Cry_SHA224256K               0xd908   0x100  Data  Lc  Cry_SHA2.o [13]
Cry_SHA2AlgorithmId          0xadcd     0x8  Code  Gb  Cry_SHA2.o [13]
Cry_SHA2Ctx             0x2000'60a4   0x1f8  Data  Lc  Cry_SHA2.o [13]
Cry_SHA2Finish               0xad89    0x34  Code  Gb  Cry_SHA2.o [13]
Cry_SHA2Init                 0xadd5    0x76  Code  Lc  Cry_SHA2.o [13]
Cry_SHA2MainFunction         0xadbd    0x10  Code  Gb  Cry_SHA2.o [13]
Cry_SHA2Start                0xad29    0x34  Code  Gb  Cry_SHA2.o [13]
Cry_SHA2Update               0xad5d    0x2c  Code  Gb  Cry_SHA2.o [13]
Cry_SHACountConvert          0xba5b    0x1c  Code  Lc  Cry_SHA_Common.o [13]
Cry_SHAExport                0xba77    0x7a  Code  Lc  Cry_SHA_Common.o [13]
Cry_SHAMainFunction          0xb85d    0xea  Code  Gb  Cry_SHA_Common.o [13]
Cry_SHAProcessInput          0xb949   0x112  Code  Lc  Cry_SHA_Common.o [13]
Csm_HashCallbackNotification
                             0x743f     0xc  Code  Gb  Csm_Hash.o [14]
Csm_HashConfigurations       0xd8a4    0x20  Data  Gb  Csm_HashCfg.o [14]
Csm_HashCurrentConfigId
                        0x2000'62c0     0x2  Data  Gb  Csm_Hash.o [14]
Csm_HashFinish               0x73f3    0x34  Code  Gb  Csm_Hash.o [14]
Csm_HashInit                 0x7451     0x2  Code  Gb  Csm_Hash.o [14]
Csm_HashIsRunning       0x2000'62f3     0x1  Data  Gb  Csm_Hash.o [14]
Csm_HashMainFunction         0x7427    0x18  Code  Gb  Csm_Hash.o [14]
Csm_HashServiceFinishNotification
[...]
Port_Port_Ci_Init            0x3971    0x4e  Code  Gb  Port_Port_Ci.o [20]
Port_Port_Ci_Init_ConfiguredPins
                             0x38cf    0x8c  Code  Lc  Port_Port_Ci.o [20]
Port_Port_Ci_Init_UnusedPins
                             0x3815    0x9a  Code  Lc  Port_Port_Ci.o [20]
Port_Port_Ci_au16GpioDirChangeability
                        0x2000'4818    0x14  Data  Lc  Port_Port_Ci.o [20]
Port_UnUsedPin               0xc608     0x8  Data  Lc  Port_PBcfg.o [20]
Port_aPinConfigDefault       0xc610    0x80  Data  Lc  Port_PBcfg.o [20]
Port_au16NoUnUsedPadsArrayDefault
                             0xc564    0xa4  Data  Lc  Port_PBcfg.o [20]
Port_pConfig            0x1fff'9500     0x4  Data  Gb  Port.o [20]
RCM_ResetConfigPB0           0xc50c     0x8  Data  Lc  Mcu_PBcfg.o [17]
SA_Antiscanning              0x504d    0x44  Code  Gb  SA_Prg.o [23]
SA_CompareKey                0x502d    0x20  Code  Gb  SA_Prg.o [23]
SA_CustomCalculateKey        0x89c9    0x1a  Code  Gb  SA_Cbk.o [1]
SA_CustomRestoreAsRetryCnt
                             0x89eb     0x8  Code  Gb  SA_Cbk.o [1]
SA_CustomStoreAsRetryCnt
                             0x89e3     0x8  Code  Gb  SA_Cbk.o [1]
SA_DecompressInit            0x897d    0x2a  Code  Gb  SA_Decomp.o [23]
SA_GetSeed                   0x4feb    0x42  Code  Gb  SA_Prg.o [23]
SA_Init                      0x4fa5    0x28  Code  Gb  SA_Prg.o [23]
SA_Manage                    0x4fcd    0x1e  Code  Gb  SA_Prg.o [23]
SCG_ClockConfigPB0_0         0xc3d0    0x20  Data  Lc  Mcu_PBcfg.o [17]
SIM_ClockConfigPB0_0         0xc364     0xc  Data  Lc  Mcu_PBcfg.o [17]
SIM_ConfigPB0                0xc514    0x1c  Data  Lc  Mcu_PBcfg.o [17]
SIRC_ClockConfigPB0_0        0xc388    0x18  Data  Lc  Mcu_PBcfg.o [17]
SMC_ConfigPB0                0xc534     0x4  Data  Lc  Mcu_PBcfg.o [17]
SOSC_ClockConfigPB0_0        0xc370    0x18  Data  Lc  Mcu_PBcfg.o [17]
SPLL_ClockConfigPB0_0        0xc3b8    0x18  Data  Lc  Mcu_PBcfg.o [17]
SchM_Enter_CanIf_SCHM_CANIF_EXCLUSIVE_AREA_0
                             0x75c5     0x4  Code  Gb  SchM.o [1]
SchM_Enter_CanSM_SCHM_CANSM_EXCLUSIVE_AREA_0
                             0x75cd     0x4  Code  Gb  SchM.o [1]
SchM_Enter_CanTp_SCHM_CANTP_EXCLUSIVE_AREA_0
                             0x75d5     0x4  Code  Gb  SchM.o [1]
SchM_Enter_Can_CAN_EXCLUSIVE_AREA_02
                             0x757d     0x4  Code  Gb  SchM.o [1]
SchM_Enter_Can_CAN_EXCLUSIVE_AREA_03
                             0x7585     0x4  Code  Gb  SchM.o [1]
SchM_Enter_Can_CAN_EXCLUSIVE_AREA_04
                             0x758d     0x4  Code  Gb  SchM.o [1]
SchM_Enter_Can_CAN_EXCLUSIVE_AREA_05
                             0x7595     0x4  Code  Gb  SchM.o [1]
SchM_Enter_Can_CAN_EXCLUSIVE_AREA_06
                             0x759d     0x4  Code  Gb  SchM.o [1]
SchM_Enter_Can_CAN_EXCLUSIVE_AREA_07
                             0x75a5     0x4  Code  Gb  SchM.o [1]
SchM_Enter_Can_CAN_EXCLUSIVE_AREA_08
                             0x75ad     0x4  Code  Gb  SchM.o [1]
SchM_Enter_Can_CAN_EXCLUSIVE_AREA_09
                             0x75b5     0x4  Code  Gb  SchM.o [1]
SchM_Enter_Can_CAN_EXCLUSIVE_AREA_13
                             0x75bd     0x4  Code  Gb  SchM.o [1]
SchM_Enter_Csm_SCHM_CSM_EXCLUSIVE_AREA_0
                             0x75dd     0x2  Code  Gb  SchM.o [1]
SchM_Enter_Det_SCHM_DET_EXCLUSIVE_AREA_0
                             0x7575     0x4  Code  Gb  SchM.o [1]
SchM_Enter_PROG_SCHM_PROG_EXCLUSIVE_AREA_0
                             0x756d     0x4  Code  Gb  SchM.o [1]
SchM_Exit_CanIf_SCHM_CANIF_EXCLUSIVE_AREA_0
                             0x75c9     0x4  Code  Gb  SchM.o [1]
SchM_Exit_CanSM_SCHM_CANSM_EXCLUSIVE_AREA_0
                             0x75d1     0x4  Code  Gb  SchM.o [1]
SchM_Exit_CanTp_SCHM_CANTP_EXCLUSIVE_AREA_0
                             0x75d9     0x4  Code  Gb  SchM.o [1]
SchM_Exit_Can_CAN_EXCLUSIVE_AREA_02
                             0x7581     0x4  Code  Gb  SchM.o [1]
SchM_Exit_Can_CAN_EXCLUSIVE_AREA_03
                             0x7589     0x4  Code  Gb  SchM.o [1]
SchM_Exit_Can_CAN_EXCLUSIVE_AREA_04
                             0x7591     0x4  Code  Gb  SchM.o [1]
SchM_Exit_Can_CAN_EXCLUSIVE_AREA_05
                             0x7599     0x4  Code  Gb  SchM.o [1]
SchM_Exit_Can_CAN_EXCLUSIVE_AREA_06
                             0x75a1     0x4  Code  Gb  SchM.o [1]
SchM_Exit_Can_CAN_EXCLUSIVE_AREA_07
                             0x75a9     0x4  Code  Gb  SchM.o [1]
SchM_Exit_Can_CAN_EXCLUSIVE_AREA_08
                             0x75b1     0x4  Code  Gb  SchM.o [1]
SchM_Exit_Can_CAN_EXCLUSIVE_AREA_09
                             0x75b9     0x4  Code  Gb  SchM.o [1]
SchM_Exit_Can_CAN_EXCLUSIVE_AREA_13
                             0x75c1     0x4  Code  Gb  SchM.o [1]
SchM_Exit_Csm_SCHM_CSM_EXCLUSIVE_AREA_0
                             0x75df     0x2  Code  Gb  SchM.o [1]
SchM_Exit_Det_SCHM_DET_EXCLUSIVE_AREA_0
                             0x7579     0x4  Code  Gb  SchM.o [1]
SchM_Exit_PROG_SCHM_PROG_EXCLUSIVE_AREA_0
                             0x7571     0x4  Code  Gb  SchM.o [1]
TS_MemCpy32                  0x675d    0x4c  Code  Gb  TSMem.o [3]
TS_PlatformSigIsValid        0x89f9    0x80  Code  Gb  TSPBConfig.o [3]
UDS_AnswerOrNot              0x48c1    0x1c  Code  Lc  UDS_Prg.o [24]
UDS_CustomPositiveAnswerInd
                             0x88c9     0x2  Code  Gb  UDS_Cbk.o [1]
UDS_DiagSession              0x48e9    0xce  Code  Lc  UDS_Prg.o [24]
UDS_DidFiltering             0x430d    0x46  Code  Lc  UDS_Prg.o [24]
UDS_DidSessionFiltering2
                             0x429f    0x4a  Code  Lc  UDS_Prg.o [24]
UDS_FilteringCfg1            0x3e9f    0xb4  Code  Lc  UDS_Prg.o [24]
UDS_FilteringCfg2            0x4123    0xb4  Code  Lc  UDS_Prg.o [24]
UDS_FilteringCfg3            0x44ab    0x9c  Code  Lc  UDS_Prg.o [24]
UDS_GetCurrentSession        0x4bdd    0x72  Code  Gb  UDS_Prg.o [24]
UDS_GetRoutineStatus         0x479f    0x2e  Code  Lc  UDS_Prg.o [24]
UDS_Init                     0x3ce1    0x38  Code  Gb  UDS_Prg.o [24]
UDS_LongRequestEnd           0x4a2f    0x52  Code  Gb  UDS_Prg.o [24]
UDS_LongRequestRespTxConf
                             0x4bcd     0x8  Code  Gb  UDS_Prg.o [24]
UDS_LongRequestResponseInd
                             0x4cd1     0xa  Code  Lc  UDS_Prg.o [24]
UDS_Manage                   0x4a85    0x88  Code  Gb  UDS_Prg.o [24]
UDS_NegativeAnswer           0x47cd    0x46  Code  Lc  UDS_Prg.o [24]
UDS_P2AboutToExpireInd       0x1313     0x2  Code  Gb  APP_Prg.o [1]
UDS_PositiveAnswer           0x4825    0x90  Code  Lc  UDS_Prg.o [24]
UDS_RdbiManagement           0x4353   0x14c  Code  Lc  UDS_Prg.o [24]
UDS_ReadDataByIdentifier
                             0x1315    0x98  Code  Gb  APP_Prg.o [1]
UDS_ReloadTStopDiag          0x4b75    0x50  Code  Gb  UDS_Prg.o [24]
UDS_ResponsePending_Manage
                             0x4b15    0x60  Code  Gb  UDS_Prg.o [24]
UDS_RiFiltering              0x46b7    0x4a  Code  Lc  UDS_Prg.o [24]
UDS_RiSessionFiltering3
                             0x4669    0x4e  Code  Lc  UDS_Prg.o [24]
UDS_RxRequest                0x3d19    0x10  Code  Gb  UDS_Prg.o [24]
UDS_RxRequestWithAddrMode
                             0x3d29   0x176  Code  Gb  UDS_Prg.o [24]
UDS_SecurityLevelCheck       0x4c4f    0x46  Code  Lc  UDS_Prg.o [24]
UDS_SelectSessionMask        0x49b7    0x78  Code  Lc  UDS_Prg.o [24]
UDS_ServiceFiltering1        0x3f53    0x56  Code  Lc  UDS_Prg.o [24]
UDS_ServiceFiltering2        0x420b    0x32  Code  Lc  UDS_Prg.o [24]
UDS_ServiceFiltering3        0x4547    0x34  Code  Lc  UDS_Prg.o [24]
UDS_SessionFiltering1        0x403f    0x46  Code  Lc  UDS_Prg.o [24]
UDS_SessionFiltering2        0x4257    0x38  Code  Lc  UDS_Prg.o [24]
UDS_SessionFiltering3        0x461d    0x3c  Code  Lc  UDS_Prg.o [24]
UDS_SessionStatusInd         0x1dbb    0x2e  Code  Gb  BlPduR_Prg.o [4]
UDS_StartRoutineControl
                             0x4709    0x2e  Code  Lc  UDS_Prg.o [24]
UDS_StopNRC78Timer           0x4bd5     0x8  Code  Gb  UDS_Prg.o [24]
UDS_StopRoutineControl       0x4737    0x2e  Code  Lc  UDS_Prg.o [24]
UDS_StopSessionTimer         0x4bc5     0x2  Code  Gb  UDS_Prg.o [24]
UDS_SubServiceFiltering1
                             0x3fa9    0x96  Code  Lc  UDS_Prg.o [24]
UDS_SubServiceFiltering3
                             0x459b    0x82  Code  Lc  UDS_Prg.o [24]
UDS_SubServiceSessionFiltering1
                             0x4085    0x8e  Code  Lc  UDS_Prg.o [24]
Watchdog_Trigger             0x78df     0x2  Code  Gb  Watchdog.o [1]
__Flash_API_RAM_SECTION_END_ADDR {Abs}
                        0x1fff'86ff          Data  Gb  <internal module>
__Flash_API_RAM_SECTION_START_ADDR {Abs}
                        0x1fff'8000          Data  Gb  <internal module>
__Flash_API_ROM_SECTION_END_ADDR {Abs}
                             0x12ff          Data  Gb  <internal module>
__Flash_API_ROM_SECTION_START_ADDR {Abs}
                              0xc00          Data  Gb  <internal module>
__GLBL_RAM_END {Abs}    0x2000'66ff          Data  Gb  <internal module>
__GLBL_RAM_START {Abs}  0x1fff'8700          Data  Gb  <internal module>
__GLBL_ROM_END {Abs}       0x6'd2ff          Data  Gb  <internal module>
__GLBL_ROM_START {Abs}          0x0          Data  Gb  <internal module>
__aeabi_memclr               0x8a79          Code  Gb  ABImemclr.o [25]
__aeabi_memclr4              0x78d9          Code  Gb  ABImemclr4.o [25]
__aeabi_memset4              0x8941          Code  Gb  ABImemset48.o [25]
__aeabi_memset8              0x8941          Code  Gb  ABImemset48.o [25]
__iar_Memset4_word           0x8949          Code  Gb  ABImemset48.o [25]
__iar_Memset8_word           0x8949          Code  Gb  ABImemset48.o [25]
__iar_small_Memset           0x9b91          Code  Gb  ABImemset_small.o [25]
__iar_small_Memset_word
                             0x9b91          Code  Gb  ABImemset_small.o [25]
__iar_small_memset           0x9b91          Code  Gb  ABImemset_small.o [25]
aubDataSlicerSync       0x1fff'a7cc     0x4  Data  Gb  FLASH_Prg.o [16]
boardDisableInterruptsAsm
                               0x71          Code  Gb  boardStartup.o [1]
boardEnableInterruptsAsm
                               0x75          Code  Gb  boardStartup.o [1]
boardInvalidException           0xb          Code  Gb  boardStartup.o [1]
boardInvalidInterrupt           0x9          Code  Gb  boardStartup.o [1]
boardResetStart                0x39          Code  Gb  boardStartup.o [1]
group_DATABSS$$Base     0x1fff'8700           --   Gb  - Linker created -
group_DATABSS$$Limit    0x2000'6340           --   Gb  - Linker created -
m_aMagicNumProgrammedValue
                             0xbf34     0x8  Data  Lc  PROG_Cbk.o [1]
m_aMagicNumRevokedValue
                             0xbf3c     0x8  Data  Lc  PROG_Cbk.o [1]
m_apstMultipleReceptionBuffer
                        0x1fff'8f94    0x10  Data  Lc  BlPduR_Prg.o [4]
m_apstReceptionBuffer   0x1fff'8f80    0x14  Data  Gb  BlPduR_Prg.o [4]
m_astCfgMemory               0xc6a8    0x10  Data  Gb  PROG_Cfg.o [22]
m_astDiagSrvCfg1             0xc6ec    0x90  Data  Gb  UDS_Cfg.o [24]
m_astDiagSrvCfg2             0xc77c   0x140  Data  Gb  UDS_Cfg.o [24]
m_astDiagSrvCfg3             0xc8bc    0x50  Data  Gb  UDS_Cfg.o [24]
m_aubCalculatedKey      0x1fff'a7d0     0x4  Data  Lc  SA_Prg.o [23]
m_aubCrcData            0x1fff'91cc    0x20  Data  Lc  PROG_Prg.o [22]
m_aubExpectedSignature  0x1fff'8fd4   0x180  Data  Gb  PROG_Prg.o [22]
m_aubFingerPrint        0x1fff'8f00     0xc  Data  Lc  PROG_Cbk.o [1]
m_aubOutDecompBuf       0x2000'482c  0x1000  Data  Lc  SA_Decomp.o [23]
m_aubPROGPublicModulus       0xbf44   0x180  Data  Gb  PROG_Cbk.o [1]
m_aubTPFuncBuffer       0x1fff'8f4c     0x8  Data  Lc  BlPduR_Prg.o [4]
m_aubUdsData            0x1fff'91ac     0x8  Data  Lc  PROG_Prg.o [22]
m_crc32tab                   0xc9f0   0x400  Data  Lc  PROG_Cust_Crc.o [22]
m_eCryptoState          0x2000'62f8     0x1  Data  Lc  PROG_Cry.o [22]
m_eCryptoStatus         0x2000'62f6     0x1  Data  Lc  PROG_Cry.o [22]
m_eSessionCode          0x2000'629c     0x2  Data  Lc  UDS_Prg.o [24]
m_eSessionIdx           0x2000'62cf     0x1  Data  Lc  UDS_Prg.o [24]
m_eSessionMask          0x2000'629e     0x2  Data  Lc  UDS_Prg.o [24]
m_eSuppresPosRspMsgIndicationBit
                        0x2000'62d1     0x1  Data  Lc  UDS_Prg.o [24]
m_eUdsAddrMode          0x2000'62d4     0x1  Data  Lc  UDS_Prg.o [24]
m_pstRxCurrentBufferConfig
                        0x1fff'8f7c     0x4  Data  Gb  BlPduR_Prg.o [4]
m_pubLastBufTxData      0x1fff'8fb4     0x4  Data  Gb  PROG_Prg.o [22]
m_pubProgCryptoSignature
                        0x2000'47d0     0x4  Data  Lc  PROG_Cry.o [22]
m_pubTxBuffer           0x1fff'8f60     0x4  Data  Gb  BlPduR_Prg.o [4]
m_stAntiscanInfo        0x1fff'a7d4     0xc  Data  Lc  SA_Prg.o [23]
m_stCurrentSegment      0x1fff'8fb8     0xc  Data  Gb  PROG_Prg.o [22]
m_stDataProgVerification
                        0x1fff'8fc4    0x10  Data  Gb  PROG_Prg.o [22]
m_stDiagMessageInfo     0x1fff'8fa8     0xc  Data  Gb  PROG_Prg.o [22]
m_stEventInfo           0x1fff'91a0     0xc  Data  Lc  PROG_Prg.o [22]
m_stFirstCheckMemoryAnswerInfo
                        0x1fff'9180     0xc  Data  Lc  PROG_Prg.o [22]
m_stInBuffContext       0x2000'3808    0x10  Data  Lc  PROG_Decomp.o [22]
m_stLongRequest         0x1fff'8f0c    0x10  Data  Lc  UDS_Prg.o [24]
m_stMultipleBuffers     0x1fff'9198     0x8  Data  Lc  PROG_Prg.o [22]
m_stOutBuffContext      0x2000'3818   0xfb4  Data  Lc  PROG_Decomp.o [22]
m_stPageBuffer          0x1fff'918c     0xc  Data  Lc  PROG_Prg.o [22]
m_stProgAsymPublicKey   0x1fff'91f0   0x310  Data  Gb  PROG_Prg.o [22]
m_stProgCplContext      0x1fff'e808  0x5000  Data  Gb  PROG_Decomp.o [22]
m_stReprogInfo          0x1fff'9154    0x10  Data  Gb  PROG_Prg.o [22]
m_stRxFuncBufferConfig  0x1fff'8f70     0xc  Data  Lc  BlPduR_Prg.o [4]
m_stRxFuncBufferInfo    0x1fff'8f64     0xc  Data  Lc  BlPduR_Prg.o [4]
m_stSegList             0x1fff'91b4    0x14  Data  Gb  PROG_Prg.o [22]
m_stSessionInfo              0xc90c    0x50  Data  Gb  UDS_Cfg.o [24]
m_stTxBufferInfo        0x1fff'8f54     0xc  Data  Gb  BlPduR_Prg.o [4]
m_stWfSuccess           0x2000'62ac     0x2  Data  Lc  PROG_Prg.o [22]
m_stWriteInfo           0x1fff'9164    0x1c  Data  Gb  PROG_Prg.o [22]
m_uDecompStatus         0x2000'62fa     0x1  Data  Lc  SA_Decomp.o [23]
m_uDecompressState      0x2000'62f9     0x1  Data  Lc  SA_Decomp.o [23]
m_uProgDecompStatus     0x2000'62f5     0x1  Data  Lc  PROG_Decomp.o [22]
m_uSessionTimeCnt       0x2000'62a0     0x2  Data  Lc  UDS_Prg.o [24]
m_uSrvIdx               0x2000'62d0     0x1  Data  Lc  UDS_Prg.o [24]
m_uStartSrvIdx          0x2000'62d2     0x1  Data  Lc  UDS_Prg.o [24]
m_uStartSubSrvIdx       0x2000'62d3     0x1  Data  Lc  UDS_Prg.o [24]
m_uTreatmentStatus      0x2000'62dd     0x1  Data  Lc  BlPduR_Prg.o [4]
m_ubActivePartialVerifyCrc
                        0x2000'62f1     0x1  Data  Gb  PROG_Cust_AppliCheck.o [22]
m_ubBoardIntLockNestingCounter
                        0x2000'62ce     0x1  Data  Gb  board.o [1]
m_ubBootInDefaultSession
                        0x2000'62e3     0x1  Data  Gb  PROG_Prg.o [22]
m_ubBuffLockCount       0x2000'62dc     0x1  Data  Lc  BlPduR_Prg.o [4]
m_ubCheckMemoryFinishState
                        0x2000'62e6     0x1  Data  Lc  PROG_Prg.o [22]
m_ubCurrentConnection   0x2000'62de     0x1  Data  Gb  BlPduR_Prg.o [4]
m_ubNbSectEraseCnt      0x2000'62ec     0x1  Data  Lc  PROG_Prg.o [22]
m_ubPendingNRC78        0x2000'62e8     0x1  Data  Lc  PROG_Prg.o [22]
m_ubPendingSendNRC78    0x2000'62e9     0x1  Data  Lc  PROG_Prg.o [22]
m_ubProgFirstCall       0x2000'62ea     0x1  Data  Lc  PROG_Prg.o [22]
m_ubProgIsInit          0x2000'62e4     0x1  Data  Gb  PROG_Prg.o [22]
m_ubProgSecurityLevel   0x2000'62eb     0x1  Data  Lc  PROG_Prg.o [22]
m_ubProgVerifyResult    0x2000'62f7     0x1  Data  Lc  PROG_Cry.o [22]
m_ubReceiveBuffCount    0x2000'62db     0x1  Data  Gb  BlPduR_Prg.o [4]
m_ubSameRequest         0x2000'62e7     0x1  Data  Lc  PROG_Prg.o [22]
m_ubSimulateProgSessionWithResponse
                        0x2000'62e5     0x1  Data  Gb  PROG_Prg.o [22]
m_ubStoredConnection    0x2000'62df     0x1  Data  Gb  BlPduR_Prg.o [4]
m_ubWaitCryptoBeforeTdEnd
                        0x2000'62ed     0x1  Data  Gb  PROG_Prg.o [22]
m_ulCompressedDataSize  0x2000'47cc     0x4  Data  Lc  PROG_Decomp.o [22]
m_ulExpectedCks         0x1fff'91ec     0x4  Data  Gb  PROG_Prg.o [22]
m_ulSleepTimeout        0x1fff'91c8     0x4  Data  Lc  PROG_Prg.o [22]
m_uwBlPduRTpBsVal       0x2000'62a6     0x2  Data  Lc  BlPduR_Prg.o [4]
m_uwBlPduRTpStminVal    0x2000'62a8     0x2  Data  Lc  BlPduR_Prg.o [4]
m_uwDecompIdx           0x2000'62c8     0x2  Data  Lc  SA_Decomp.o [23]
m_uwDid                 0x2000'62a2     0x2  Data  Lc  UDS_Prg.o [24]
m_uwInBufLength         0x2000'62c6     0x2  Data  Lc  SA_Decomp.o [23]
m_uwOutBufLength        0x2000'62cc     0x2  Data  Lc  SA_Decomp.o [23]
m_uwOutBufPosition      0x2000'62ca     0x2  Data  Lc  SA_Decomp.o [23]
m_uwRi                  0x2000'62a4     0x2  Data  Lc  UDS_Prg.o [24]
m_uwStreamingLength     0x2000'62aa     0x2  Data  Lc  PROG_Prg.o [22]
m_uwWinPos              0x2000'62c4     0x2  Data  Lc  SA_Decomp.o [23]
main                         0x16d5    0x48  Code  Gb  main.o [1]
memset                       0x88b5    0x14  Code  Gb  memset.o [25]
noinit$$Base            0x2000'6f00           --   Gb  - Linker created -
noinit$$Limit           0x2000'6f5c           --   Gb  - Linker created -
reset_vector                    0x0     0x8  Data  Gb  board_reset_vector.o [1]
reset_vector$$Base              0x0           --   Gb  - Linker created -
reset_vector$$Limit            0xae           --   Gb  - Linker created -
rodata$$Base                 0xbea0           --   Gb  - Linker created -
rodata$$Limit                0xdba7           --   Gb  - Linker created -
stCfgBlock                   0xc6e0     0xc  Data  Gb  PROG_Cfg.o [22]
stConfigSegment              0xc6b8    0x28  Data  Gb  PROG_Cfg.o [22]
stNVMBootloaderData     0x2000'6f08    0x54  Data  Gb  PROG_Cbk.o [1]
stNoIntShareVar         0x2000'6f00     0x8  Data  Gb  PROG_Cbk.o [1]
stPduConnection         0x2000'62be     0x2  Data  Gb  BlPduR_Cfg.o [4]
stRxPdu                 0x2000'6304     0x8  Data  Gb  BlPduR_Cfg.o [4]
stRxPhysBufferConfig    0x2000'630c    0x30  Data  Gb  BlPduR_Cfg.o [4]
stRxPhysBufferInfo      0x1fff'e7dc    0x28  Data  Gb  BlPduR_Cfg.o [4]
text$$Base                   0x1300           --   Gb  - Linker created -
text$$Limit                  0xbe88           --   Gb  - Linker created -
uAddrSlicerSync         0x1fff'a7c8     0x4  Data  Gb  FLASH_Prg.o [16]
ubProcessFlag           0x2000'62f2     0x1  Data  Gb  FLASH_Prg.o [16]
uwEndBlockNo            0x2000'62bc     0x2  Data  Gb  FLASH_Prg.o [16]
uwGlobalStatus          0x2000'633f     0x1  Data  Gb  FLASH_Prg.o [16]
uwNotAlignedDataLen     0x2000'62b8     0x2  Data  Gb  FLASH_Prg.o [16]
uwStartBlockNo          0x2000'62ba     0x2  Data  Gb  FLASH_Prg.o [16]
uwWriteIncrement        0x2000'62b6     0x2  Data  Gb  FLASH_Prg.o [16]
uwremainProcessTimes    0x2000'62b4     0x2  Data  Gb  FLASH_Prg.o [16]


[1] = C:\devapp\EB\tresos_bolo\workspace\demoBoot_VAG_SigCompCRC_can_asr\output\obj
[2] = BM_src.a
[3] = Base_src.a
[4] = BlPduR_src.a
[5] = Cal_src.a
[6] = CanIf_pbconfig.a
[7] = CanIf_src.a
[8] = CanSM_src.a
[9] = CanTp_pbconfig.a
[10] = CanTp_src.a
[11] = Can_src.a
[12] = Cpl_src.a
[13] = Cry_src.a
[14] = Csm_src.a
[15] = Det_src.a
[16] = Flash_src.a
[17] = Mcu_src.a
[18] = PduR_pbconfig.a
[19] = PduR_src.a
[20] = Port_src.a
[21] = ProgVAG_src.a
[22] = Prog_src.a
[23] = SA_src.a
[24] = Uds_src.a
[25] = rt7M_tl.a

  45'174 bytes of readonly  code memory
   7'503 bytes of readonly  data memory
  56'471 bytes of readwrite data memory

Errors: none
Warnings: none
