###############################################################################
#
# IAR ELF Linker V8.32.3.193/W32 for ARM                  07/Sep/2022  08:38:12
# Copyright 2007-2019 IAR Systems AB.
#
#    Output file  =  ../../Outputs/app/Out/app.elf
#    Map file     =  ../../Outputs/app/Out/app.map
#    Command line =  
#        -f
#        c:/Git/eCS_Platform_Git/Tools/Build_Env/Workspace/Build/Makefile/tmp/ilinkCommandLine.xcl
#        (../../Outputs/app/Obj/ACC.o ../../Outputs/app/Obj/Adc.o
#        ../../Outputs/app/Obj/Adc_Adc12bsarv2.o
#        ../../Outputs/app/Obj/Adc_Adc12bsarv2_Irq.o
#        ../../Outputs/app/Obj/Adc_Cfg.o ../../Outputs/app/Obj/Adc_Ipw.o
#        ../../Outputs/app/Obj/Adc_Pdb.o ../../Outputs/app/Obj/Adc_Pdb_Irq.o
#        ../../Outputs/app/Obj/Adc_TDK_4G_PBcfg.o ../../Outputs/app/Obj/AdcIf.o
#        ../../Outputs/app/Obj/AdcIf_autotest.o
#        ../../Outputs/app/Obj/AdcIf_cfg.o ../../Outputs/app/Obj/App_startup.o
#        ../../Outputs/app/Obj/Arm_FaultHandlerThumb_isr.o
#        ../../Outputs/app/Obj/ASIN_02.o ../../Outputs/app/Obj/ATAN_01.o
#        ../../Outputs/app/Obj/ATAN_02.o ../../Outputs/app/Obj/ATM.o
#        ../../Outputs/app/Obj/ATM_cfg.o ../../Outputs/app/Obj/Atomics.o
#        ../../Outputs/app/Obj/Atomics_TSPlatforms.o
#        ../../Outputs/app/Obj/BswM.o ../../Outputs/app/Obj/BswM_Callouts.o
#        ../../Outputs/app/Obj/BswM_Cfg.o ../../Outputs/app/Obj/BswM_Lcfg.o
#        ../../Outputs/app/Obj/BswM_PBcfg.o ../../Outputs/app/Obj/Can.o
#        ../../Outputs/app/Obj/Can_Cfg.o ../../Outputs/app/Obj/Can_Flexcan.o
#        ../../Outputs/app/Obj/Can_Irq.o
#        ../../Outputs/app/Obj/Can_TDK_4G_PBcfg.o ../../Outputs/app/Obj/CanIf.o
#        ../../Outputs/app/Obj/CanIf_Cfg.o ../../Outputs/app/Obj/CanIf_Lcfg.o
#        ../../Outputs/app/Obj/CanIf_ST_4G_PBcfg.o
#        ../../Outputs/app/Obj/CanIf_TDK_4G_PBcfg.o
#        ../../Outputs/app/Obj/CanNm.o ../../Outputs/app/Obj/CanNm_Cfg.o
#        ../../Outputs/app/Obj/CanNm_Hsm.o
#        ../../Outputs/app/Obj/CanNm_HsmCanNmData.o
#        ../../Outputs/app/Obj/CanNm_HsmCanNmFnct.o
#        ../../Outputs/app/Obj/CanNm_Lcfg.o
#        ../../Outputs/app/Obj/CanNm_ST_4G_PBcfg.o
#        ../../Outputs/app/Obj/CanNm_TDK_4G_PBcfg.o
#        ../../Outputs/app/Obj/CanNm_User.o ../../Outputs/app/Obj/CanSM.o
#        ../../Outputs/app/Obj/CanSM_Cbk.o ../../Outputs/app/Obj/CanSM_Cfg.o
#        ../../Outputs/app/Obj/CanSM_GetCurrentComMode.o
#        ../../Outputs/app/Obj/CanSM_GetVersionInfo.o
#        ../../Outputs/app/Obj/CanSM_Init.o
#        ../../Outputs/app/Obj/CanSM_MainFunction.o
#        ../../Outputs/app/Obj/CanSM_RequestComMode.o
#        ../../Outputs/app/Obj/CanSM_SetBaudrate.o
#        ../../Outputs/app/Obj/CanSM_StateMachine.o
#        ../../Outputs/app/Obj/CanTp.o
#        ../../Outputs/app/Obj/CanTp_CancelReceive.o
#        ../../Outputs/app/Obj/CanTp_CancelTransmit.o
#        ../../Outputs/app/Obj/CanTp_Cfg.o
#        ../../Outputs/app/Obj/CanTp_ChangeParameter.o
#        ../../Outputs/app/Obj/CanTp_EntryTable.o
#        ../../Outputs/app/Obj/CanTp_ExitTable.o
#        ../../Outputs/app/Obj/CanTp_GetNSa.o
#        ../../Outputs/app/Obj/CanTp_GetVersionInfo.o
#        ../../Outputs/app/Obj/CanTp_Gpt_Cbk.o
#        ../../Outputs/app/Obj/CanTp_GptST_4G_Cbk.o
#        ../../Outputs/app/Obj/CanTp_Init.o ../../Outputs/app/Obj/CanTp_Lcfg.o
#        ../../Outputs/app/Obj/CanTp_MainFunction.o
#        ../../Outputs/app/Obj/CanTp_PrepareFC.o
#        ../../Outputs/app/Obj/CanTp_PreparexF.o
#        ../../Outputs/app/Obj/CanTp_ReadParameter.o
#        ../../Outputs/app/Obj/CanTp_RxBufferDependentSend.o
#        ../../Outputs/app/Obj/CanTp_RxIndication.o
#        ../../Outputs/app/Obj/CanTp_SetNSa.o
#        ../../Outputs/app/Obj/CanTp_ST_4G_PBcfg.o
#        ../../Outputs/app/Obj/CanTp_STminCallback.o
#        ../../Outputs/app/Obj/CanTp_StopChannel.o
#        ../../Outputs/app/Obj/CanTp_TDK_4G_PBcfg.o
#        ../../Outputs/app/Obj/CanTp_Transmit.o
#        ../../Outputs/app/Obj/CanTp_TransmitFrame.o
#        ../../Outputs/app/Obj/CanTp_TxBufferDependentSend.o
#        ../../Outputs/app/Obj/CanTp_TxConfirmation.o
#        ../../Outputs/app/Obj/CanTp_UnlockChannel.o
#        ../../Outputs/app/Obj/CanTrcv.o ../../Outputs/app/Obj/CanTrcv_Cfg.o
#        ../../Outputs/app/Obj/CDD_Mcl.o ../../Outputs/app/Obj/CDD_Mcl_Cfg.o
#        ../../Outputs/app/Obj/CDD_Mcl_TDK_4G_PBcfg.o
#        ../../Outputs/app/Obj/CIL_AppliToCAN.o
#        ../../Outputs/app/Obj/CIL_CANToAppli.o
#        ../../Outputs/app/Obj/CIL_Init.o
#        ../../Outputs/app/Obj/CIL_ManageMFTransmission.o
#        ../../Outputs/app/Obj/Com.o
#        ../../Outputs/app/Obj/Com_ClearIpduGroupVector.o
#        ../../Outputs/app/Obj/Com_Core_IPduGroup.o
#        ../../Outputs/app/Obj/Com_Core_Read.o
#        ../../Outputs/app/Obj/Com_Core_RxIPdu.o
#        ../../Outputs/app/Obj/Com_Core_RxUpdateBit.o
#        ../../Outputs/app/Obj/Com_Core_TM.o
#        ../../Outputs/app/Obj/Com_Core_TxIPdu.o
#        ../../Outputs/app/Obj/Com_Core_TxSignal.o
#        ../../Outputs/app/Obj/Com_Core_TxSignalGroup.o
#        ../../Outputs/app/Obj/Com_Core_Write.o
#        ../../Outputs/app/Obj/Com_DeInit.o ../../Outputs/app/Obj/Com_Filter.o
#        ../../Outputs/app/Obj/Com_GenApi.o
#        ../../Outputs/app/Obj/Com_GetConfigurationId.o
#        ../../Outputs/app/Obj/Com_GetStatus.o
#        ../../Outputs/app/Obj/Com_GetVersionInfo.o
#        ../../Outputs/app/Obj/Com_Init.o
#        ../../Outputs/app/Obj/Com_IpduGroupControl.o
#        ../../Outputs/app/Obj/Com_IsValidConfig.o
#        ../../Outputs/app/Obj/Com_Lcfg.o
#        ../../Outputs/app/Obj/Com_MainFunctionRouteSignals.o
#        ../../Outputs/app/Obj/Com_MainFunctionRx.o
#        ../../Outputs/app/Obj/Com_MainFunctionTx.o
#        ../../Outputs/app/Obj/Com_PBcfg.o
#        ../../Outputs/app/Obj/Com_ReceiveShadowSignal.o
#        ../../Outputs/app/Obj/Com_ReceiveSignal.o
#        ../../Outputs/app/Obj/Com_ReceiveSignalGroup.o
#        ../../Outputs/app/Obj/Com_ReceptionDMControl.o
#        ../../Outputs/app/Obj/Com_RxIndication.o
#        ../../Outputs/app/Obj/Com_SendSignal.o
#        ../../Outputs/app/Obj/Com_SendSignalGroup.o
#        ../../Outputs/app/Obj/Com_SetIpduGroup.o
#        ../../Outputs/app/Obj/Com_SwitchIpduTxMode.o
#        ../../Outputs/app/Obj/Com_TriggerIPDUSend.o
#        ../../Outputs/app/Obj/Com_TriggerTransmit.o
#        ../../Outputs/app/Obj/Com_TxConfirmation.o
#        ../../Outputs/app/Obj/Com_UpdateShadowSignal.o
#        ../../Outputs/app/Obj/ComM.o ../../Outputs/app/Obj/ComM_ASR32_Rte.o
#        ../../Outputs/app/Obj/ComM_ASR40_Rte.o
#        ../../Outputs/app/Obj/ComM_BSW_Cfg.o ../../Outputs/app/Obj/ComM_Hsm.o
#        ../../Outputs/app/Obj/ComM_HsmComMData.o
#        ../../Outputs/app/Obj/ComM_HsmComMFnct.o
#        ../../Outputs/app/Obj/ComM_HsmComMPncData.o
#        ../../Outputs/app/Obj/ComM_HsmComMPncFnct.o
#        ../../Outputs/app/Obj/ComM_Lcfg.o
#        ../../Outputs/app/Obj/ComM_MainFunction.o
#        ../../Outputs/app/Obj/ComM_Rte.o ../../Outputs/app/Obj/ComM_Rte_Cfg.o
#        ../../Outputs/app/Obj/ComM_ST_4G_PBcfg.o
#        ../../Outputs/app/Obj/ComM_TDK_4G_PBcfg.o
#        ../../Outputs/app/Obj/CORTEXM-atomicadd.o
#        ../../Outputs/app/Obj/CORTEXM-atomicand.o
#        ../../Outputs/app/Obj/CORTEXM-atomicclearflag.o
#        ../../Outputs/app/Obj/CORTEXM-atomiccompareexchange.o
#        ../../Outputs/app/Obj/CORTEXM-atomicexchange.o
#        ../../Outputs/app/Obj/CORTEXM-atomicor.o
#        ../../Outputs/app/Obj/CORTEXM-atomicsub.o
#        ../../Outputs/app/Obj/CORTEXM-atomictestandsetflag.o
#        ../../Outputs/app/Obj/CORTEXM-atomicthreadfence.o
#        ../../Outputs/app/Obj/CORTEXM-atomicxor.o
#        ../../Outputs/app/Obj/CORTEXM-call.o
#        ../../Outputs/app/Obj/CORTEXM-cat2exit.o
#        ../../Outputs/app/Obj/CORTEXM-clz.o
#        ../../Outputs/app/Obj/CORTEXM-contextload.o
#        ../../Outputs/app/Obj/CORTEXM-disableirq.o
#        ../../Outputs/app/Obj/CORTEXM-disableirqgetstate.o
#        ../../Outputs/app/Obj/CORTEXM-dispatch.o
#        ../../Outputs/app/Obj/CORTEXM-errext-ArchTrapHandler.o
#        ../../Outputs/app/Obj/CORTEXM-exceptionhandler.o
#        ../../Outputs/app/Obj/CORTEXM-exceptions.o
#        ../../Outputs/app/Obj/CORTEXM-exceptiontable.o
#        ../../Outputs/app/Obj/CORTEXM-getcurirqsource.o
#        ../../Outputs/app/Obj/CORTEXM-getirqprio.o
#        ../../Outputs/app/Obj/CORTEXM-helpers.o
#        ../../Outputs/app/Obj/CORTEXM-idle.o
#        ../../Outputs/app/Obj/CORTEXM-initarch.o
#        ../../Outputs/app/Obj/CORTEXM-interruptvectors.o
#        ../../Outputs/app/Obj/CORTEXM-int-nvic.o
#        ../../Outputs/app/Obj/CORTEXM-killcalledcontext.o
#        ../../Outputs/app/Obj/CORTEXM-NXP-mpu.o
#        ../../Outputs/app/Obj/CORTEXM-returnfrominterrupt.o
#        ../../Outputs/app/Obj/CORTEXM-savecontextanddispatch.o
#        ../../Outputs/app/Obj/CORTEXM-setirqprio.o
#        ../../Outputs/app/Obj/CORTEXM-setstate.o
#        ../../Outputs/app/Obj/CORTEXM-starttask.o
#        ../../Outputs/app/Obj/CORTEXM-syscall.o
#        ../../Outputs/app/Obj/CORTEXM-timer-fs-lpit.o
#        ../../Outputs/app/Obj/CORTEXM-user-activatetask.o
#        ../../Outputs/app/Obj/CORTEXM-user-allowaccess.o
#        ../../Outputs/app/Obj/CORTEXM-user-calltrustedfunction.o
#        ../../Outputs/app/Obj/CORTEXM-user-cancelalarm.o
#        ../../Outputs/app/Obj/CORTEXM-user-chainscheduletable.o
#        ../../Outputs/app/Obj/CORTEXM-user-chaintask.o
#        ../../Outputs/app/Obj/CORTEXM-user-checkisrmemoryaccess.o
#        ../../Outputs/app/Obj/CORTEXM-user-checkobjectaccess.o
#        ../../Outputs/app/Obj/CORTEXM-user-checkobjectownership.o
#        ../../Outputs/app/Obj/CORTEXM-user-checktaskmemoryaccess.o
#        ../../Outputs/app/Obj/CORTEXM-user-clearevent.o
#        ../../Outputs/app/Obj/CORTEXM-user-disableinterruptsource.o
#        ../../Outputs/app/Obj/CORTEXM-user-enableinterruptsource.o
#        ../../Outputs/app/Obj/CORTEXM-user-getactiveapplicationmode.o
#        ../../Outputs/app/Obj/CORTEXM-user-getalarm.o
#        ../../Outputs/app/Obj/CORTEXM-user-getalarmbase.o
#        ../../Outputs/app/Obj/CORTEXM-user-getapplicationid.o
#        ../../Outputs/app/Obj/CORTEXM-user-getapplicationstate.o
#        ../../Outputs/app/Obj/CORTEXM-user-getcountervalue.o
#        ../../Outputs/app/Obj/CORTEXM-user-getcpuload.o
#        ../../Outputs/app/Obj/CORTEXM-user-getelapsedcountervalue.o
#        ../../Outputs/app/Obj/CORTEXM-user-getevent.o
#        ../../Outputs/app/Obj/CORTEXM-user-getisrid.o
#        ../../Outputs/app/Obj/CORTEXM-user-getresource.o
#        ../../Outputs/app/Obj/CORTEXM-user-getscheduletablestatus.o
#        ../../Outputs/app/Obj/CORTEXM-user-getstackinfo.o
#        ../../Outputs/app/Obj/CORTEXM-user-gettaskid.o
#        ../../Outputs/app/Obj/CORTEXM-user-gettaskstate.o
#        ../../Outputs/app/Obj/CORTEXM-user-incrementcounter.o
#        ../../Outputs/app/Obj/CORTEXM-user-iocaddonext.o
#        ../../Outputs/app/Obj/CORTEXM-user-iocemptyqueue.o
#        ../../Outputs/app/Obj/CORTEXM-user-iocsend.o
#        ../../Outputs/app/Obj/CORTEXM-user-iocwrite.o
#        ../../Outputs/app/Obj/CORTEXM-user-releaseresource.o
#        ../../Outputs/app/Obj/CORTEXM-user-resetpeakcpuload.o
#        ../../Outputs/app/Obj/CORTEXM-user-resumeinterrupts.o
#        ../../Outputs/app/Obj/CORTEXM-user-returnfromcall.o
#        ../../Outputs/app/Obj/CORTEXM-user-schedule.o
#        ../../Outputs/app/Obj/CORTEXM-user-setabsalarm.o
#        ../../Outputs/app/Obj/CORTEXM-user-setevent.o
#        ../../Outputs/app/Obj/CORTEXM-user-setscheduletableasync.o
#        ../../Outputs/app/Obj/CORTEXM-user-shutdownos.o
#        ../../Outputs/app/Obj/CORTEXM-user-simtimeradvance.o
#        ../../Outputs/app/Obj/CORTEXM-user-startos.o
#        ../../Outputs/app/Obj/CORTEXM-user-startscheduletable.o
#        ../../Outputs/app/Obj/CORTEXM-user-startscheduletablesynchron.o
#        ../../Outputs/app/Obj/CORTEXM-user-stopscheduletable.o
#        ../../Outputs/app/Obj/CORTEXM-user-suspendinterrupts.o
#        ../../Outputs/app/Obj/CORTEXM-user-syncscheduletable.o
#        ../../Outputs/app/Obj/CORTEXM-user-taskreturn.o
#        ../../Outputs/app/Obj/CORTEXM-user-terminateapplication.o
#        ../../Outputs/app/Obj/CORTEXM-user-terminatetask.o
#        ../../Outputs/app/Obj/CORTEXM-user-waitevent.o
#        ../../Outputs/app/Obj/Crc.o ../../Outputs/app/Obj/Dcm.o
#        ../../Outputs/app/Obj/Dcm_Callouts.o ../../Outputs/app/Obj/Dcm_Cfg.o
#        ../../Outputs/app/Obj/Dcm_CommunicationControl_Cfg.o
#        ../../Outputs/app/Obj/Dcm_Dsd.o ../../Outputs/app/Obj/Dcm_Dsl.o
#        ../../Outputs/app/Obj/Dcm_Dsl_Cfg.o
#        ../../Outputs/app/Obj/Dcm_Dsl_CommunicationServices.o
#        ../../Outputs/app/Obj/Dcm_Dsl_RoeServices.o
#        ../../Outputs/app/Obj/Dcm_Dsl_SecurityLevelHandler.o
#        ../../Outputs/app/Obj/Dcm_Dsl_Supervisor.o
#        ../../Outputs/app/Obj/Dcm_Dsp.o
#        ../../Outputs/app/Obj/Dcm_Dsp_Contexts.o
#        ../../Outputs/app/Obj/Dcm_Dsp_DataTransferServices.o
#        ../../Outputs/app/Obj/Dcm_Dsp_DemFacade.o
#        ../../Outputs/app/Obj/Dcm_Dsp_DidServices.o
#        ../../Outputs/app/Obj/Dcm_Dsp_DidSignals.o
#        ../../Outputs/app/Obj/Dcm_Dsp_EndiannessInterpretation.o
#        ../../Outputs/app/Obj/Dcm_Dsp_MemoryServices.o
#        ../../Outputs/app/Obj/Dcm_Dsp_MidServices.o
#        ../../Outputs/app/Obj/Dcm_Dsp_PidServices.o
#        ../../Outputs/app/Obj/Dcm_Dsp_SvcH_CommunicationControl.o
#        ../../Outputs/app/Obj/Dcm_Dsp_SvcH_ControlDTCSetting.o
#        ../../Outputs/app/Obj/Dcm_Dsp_SvcH_DynamicallyDefineDataIdentifier.o
#        ../../Outputs/app/Obj/Dcm_Dsp_SvcH_InputOutputControlByIdentifier.o
#        ../../Outputs/app/Obj/Dcm_Dsp_SvcH_LinkControl.o
#        ../../Outputs/app/Obj/Dcm_Dsp_SvcH_ReadDataByIdentifier.o
#        ../../Outputs/app/Obj/Dcm_Dsp_SvcH_ReadDataByPeriodicIdentifier.o
#        ../../Outputs/app/Obj/Dcm_Dsp_SvcH_ReadDTCInformation.o
#        ../../Outputs/app/Obj/Dcm_Dsp_SvcH_ReadMemoryByAddress.o
#        ../../Outputs/app/Obj/Dcm_Dsp_SvcH_RequestControlOfOnBoardSysTstComp.o
#        ../../Outputs/app/Obj/Dcm_Dsp_SvcH_RequestDownload.o
#        ../../Outputs/app/Obj/Dcm_Dsp_SvcH_RequestOnboardMonitoringTestResults.o
#        ../../Outputs/app/Obj/Dcm_Dsp_SvcH_RequestTransferExit.o
#        ../../Outputs/app/Obj/Dcm_Dsp_SvcH_RequestUpload.o
#        ../../Outputs/app/Obj/Dcm_Dsp_SvcH_RequestVehicleInformation.o
#        ../../Outputs/app/Obj/Dcm_Dsp_SvcH_ResponseOnEvent.o
#        ../../Outputs/app/Obj/Dcm_Dsp_SvcH_SecurityAccess.o
#        ../../Outputs/app/Obj/Dcm_Dsp_SvcH_TesterPresent.o
#        ../../Outputs/app/Obj/Dcm_Dsp_SvcH_TransferData.o
#        ../../Outputs/app/Obj/Dcm_Dsp_SvcH_WriteDataByIdentifier.o
#        ../../Outputs/app/Obj/Dcm_Dsp_SvcH_WriteMemoryByAddress.o
#        ../../Outputs/app/Obj/Dcm_Hsm.o ../../Outputs/app/Obj/Dcm_HsmDcmData.o
#        ../../Outputs/app/Obj/Dcm_HsmDcmFnct.o
#        ../../Outputs/app/Obj/Dcm_SecurityAccess_Cfg.o
#        ../../Outputs/app/Obj/Dcm_User.o ../../Outputs/app/Obj/Dem.o
#        ../../Outputs/app/Obj/Dem_Callouts.o ../../Outputs/app/Obj/Dem_Cfg.o
#        ../../Outputs/app/Obj/Dem_Core.o
#        ../../Outputs/app/Obj/Dem_DcmIfAccess.o
#        ../../Outputs/app/Obj/Dem_DcmIfFFandED.o
#        ../../Outputs/app/Obj/Dem_DcmIfOBD.o
#        ../../Outputs/app/Obj/Dem_DcmIfStatusInfo.o
#        ../../Outputs/app/Obj/DIA.o ../../Outputs/app/Obj/DIA_ECUReset.o
#        ../../Outputs/app/Obj/DIA_ReadDataByIdentifier.o
#        ../../Outputs/app/Obj/DIA_RoutineControl.o
#        ../../Outputs/app/Obj/DIA_SecurityAccess.o
#        ../../Outputs/app/Obj/DIA_SessionControl.o
#        ../../Outputs/app/Obj/DIA_WriteDataByIdentifier.o
#        ../../Outputs/app/Obj/Dio.o ../../Outputs/app/Obj/Dio_Cfg.o
#        ../../Outputs/app/Obj/Dio_Gpio.o ../../Outputs/app/Obj/DioIf.o
#        ../../Outputs/app/Obj/DioIf_cfg.o ../../Outputs/app/Obj/eCS.o
#        ../../Outputs/app/Obj/eCS_lut.o ../../Outputs/app/Obj/EcuM.o
#        ../../Outputs/app/Obj/EcuM_ASR32_Rte.o
#        ../../Outputs/app/Obj/EcuM_ASR40_Rte.o
#        ../../Outputs/app/Obj/EcuM_BootTarget.o
#        ../../Outputs/app/Obj/EcuM_Callout_Stubs.o
#        ../../Outputs/app/Obj/EcuM_Cfg.o ../../Outputs/app/Obj/EcuM_PBcfg.o
#        ../../Outputs/app/Obj/EcuM_Rte.o ../../Outputs/app/Obj/EFX_Filter.o
#        ../../Outputs/app/Obj/Fee.o ../../Outputs/app/Obj/Fee_Cfg.o
#        ../../Outputs/app/Obj/Fls.o ../../Outputs/app/Obj/Fls_Ac.o
#        ../../Outputs/app/Obj/Fls_Cfg.o ../../Outputs/app/Obj/Fls_Flash.o
#        ../../Outputs/app/Obj/Fls_Flash_Const.o
#        ../../Outputs/app/Obj/Fls_IPW.o ../../Outputs/app/Obj/Fls_Qspi.o
#        ../../Outputs/app/Obj/Fls_Qspi_Irq.o
#        ../../Outputs/app/Obj/Fls_TDK_4G_PBcfg.o ../../Outputs/app/Obj/Fsm.o
#        ../../Outputs/app/Obj/FSM_lut.o ../../Outputs/app/Obj/Ftm_Common.o
#        ../../Outputs/app/Obj/Gpt.o ../../Outputs/app/Obj/Gpt_Ftm.o
#        ../../Outputs/app/Obj/Gpt_Ipw.o ../../Outputs/app/Obj/Gpt_LPit.o
#        ../../Outputs/app/Obj/Gpt_Lptmr.o ../../Outputs/app/Obj/Gpt_SRtc.o
#        ../../Outputs/app/Obj/Gpt_TDK_4G_PBcfg.o
#        ../../Outputs/app/Obj/IoHwAb_AdcIf.o
#        ../../Outputs/app/Obj/IoHwAb_AdcIf_Autotests.o
#        ../../Outputs/app/Obj/kern-actitask.o
#        ../../Outputs/app/Obj/kern-activateautoalarms.o
#        ../../Outputs/app/Obj/kern-activateautoschedules.o
#        ../../Outputs/app/Obj/kern-activateautotasks.o
#        ../../Outputs/app/Obj/kern-activatetask.o
#        ../../Outputs/app/Obj/kern-advancecounter.o
#        ../../Outputs/app/Obj/kern-advancetimestampgeneric.o
#        ../../Outputs/app/Obj/kern-allowaccess.o
#        ../../Outputs/app/Obj/kern-appisaccessible.o
#        ../../Outputs/app/Obj/kern-callerrorhook.o
#        ../../Outputs/app/Obj/kern-callshutdownhook.o
#        ../../Outputs/app/Obj/kern-callstartuphook.o
#        ../../Outputs/app/Obj/kern-calltrustedfunction.o
#        ../../Outputs/app/Obj/kern-cancelalarm.o
#        ../../Outputs/app/Obj/kern-canwrite.o
#        ../../Outputs/app/Obj/kern-cat1entry.o
#        ../../Outputs/app/Obj/kern-cat2entry.o
#        ../../Outputs/app/Obj/kern-catkentry.o
#        ../../Outputs/app/Obj/kern-chainscheduletable.o
#        ../../Outputs/app/Obj/kern-chaintask.o
#        ../../Outputs/app/Obj/kern-checkfordispatch.o
#        ../../Outputs/app/Obj/kern-checkisrmemoryaccess.o
#        ../../Outputs/app/Obj/kern-checkobjectaccess.o
#        ../../Outputs/app/Obj/kern-checkobjectownership.o
#        ../../Outputs/app/Obj/kern-checktaskmemoryaccess.o
#        ../../Outputs/app/Obj/kern-clearevent.o
#        ../../Outputs/app/Obj/kern-dequeue.o
#        ../../Outputs/app/Obj/kern-dequeueall.o
#        ../../Outputs/app/Obj/kern-dequeuetask.o
#        ../../Outputs/app/Obj/kern-disableinterruptsource.o
#        ../../Outputs/app/Obj/kern-dispatch.o
#        ../../Outputs/app/Obj/kern-dogetapplicationid.o
#        ../../Outputs/app/Obj/kern-doterminatetask.o
#        ../../Outputs/app/Obj/kern-enableinterruptsource.o
#        ../../Outputs/app/Obj/kern-enqueue.o
#        ../../Outputs/app/Obj/kern-enqueuealarm.o
#        ../../Outputs/app/Obj/kern-enqueuetask.o
#        ../../Outputs/app/Obj/kern-errext-ActivateTask.o
#        ../../Outputs/app/Obj/kern-errext-AllowAccess.o
#        ../../Outputs/app/Obj/kern-errext-CallTrustedFunction.o
#        ../../Outputs/app/Obj/kern-errext-CancelAlarm.o
#        ../../Outputs/app/Obj/kern-errext-ChainScheduleTable.o
#        ../../Outputs/app/Obj/kern-errext-ChainTask.o
#        ../../Outputs/app/Obj/kern-errext-CheckIsrMemoryAccess.o
#        ../../Outputs/app/Obj/kern-errext-CheckObjectAccess.o
#        ../../Outputs/app/Obj/kern-errext-CheckObjectOwnership.o
#        ../../Outputs/app/Obj/kern-errext-CheckTaskMemoryAccess.o
#        ../../Outputs/app/Obj/kern-errext-ClearEvent.o
#        ../../Outputs/app/Obj/kern-errext-DisableInterruptSource.o
#        ../../Outputs/app/Obj/kern-errext-Dispatch.o
#        ../../Outputs/app/Obj/kern-errext-EnableInterruptSource.o
#        ../../Outputs/app/Obj/kern-errext-GetActiveApplicationMode.o
#        ../../Outputs/app/Obj/kern-errext-GetAlarm.o
#        ../../Outputs/app/Obj/kern-errext-GetAlarmBase.o
#        ../../Outputs/app/Obj/kern-errext-GetApplicationId.o
#        ../../Outputs/app/Obj/kern-errext-GetApplicationState.o
#        ../../Outputs/app/Obj/kern-errext-GetCounterValue.o
#        ../../Outputs/app/Obj/kern-errext-GetCpuLoad.o
#        ../../Outputs/app/Obj/kern-errext-GetElapsedCounterValue.o
#        ../../Outputs/app/Obj/kern-errext-GetEvent.o
#        ../../Outputs/app/Obj/kern-errext-GetIsrId.o
#        ../../Outputs/app/Obj/kern-errext-GetResource.o
#        ../../Outputs/app/Obj/kern-errext-GetScheduleTableStatus.o
#        ../../Outputs/app/Obj/kern-errext-GetStackInfo.o
#        ../../Outputs/app/Obj/kern-errext-GetTaskId.o
#        ../../Outputs/app/Obj/kern-errext-GetTaskState.o
#        ../../Outputs/app/Obj/kern-errext-HookHandler.o
#        ../../Outputs/app/Obj/kern-errext-IncrementCounter.o
#        ../../Outputs/app/Obj/kern-errext-IsrHandler.o
#        ../../Outputs/app/Obj/kern-errext-KillAlarm.o
#        ../../Outputs/app/Obj/kern-errext-ReleaseResource.o
#        ../../Outputs/app/Obj/kern-errext-ReleaseSpinlock.o
#        ../../Outputs/app/Obj/kern-errext-ResetPeakCpuLoad.o
#        ../../Outputs/app/Obj/kern-errext-ResumeInterrupts.o
#        ../../Outputs/app/Obj/kern-errext-RunSchedule.o
#        ../../Outputs/app/Obj/kern-errext-Schedule.o
#        ../../Outputs/app/Obj/kern-errext-SetAbsAlarm.o
#        ../../Outputs/app/Obj/kern-errext-SetEvent.o
#        ../../Outputs/app/Obj/kern-errext-SetRelAlarm.o
#        ../../Outputs/app/Obj/kern-errext-SetScheduleTableAsync.o
#        ../../Outputs/app/Obj/kern-errext-ShutdownAllCores.o
#        ../../Outputs/app/Obj/kern-errext-ShutdownOs.o
#        ../../Outputs/app/Obj/kern-errext-StartOs.o
#        ../../Outputs/app/Obj/kern-errext-StartScheduleTableAbs.o
#        ../../Outputs/app/Obj/kern-errext-StartScheduleTableRel.o
#        ../../Outputs/app/Obj/kern-errext-StartScheduleTableSynchron.o
#        ../../Outputs/app/Obj/kern-errext-StopScheduleTable.o
#        ../../Outputs/app/Obj/kern-errext-SuspendInterrupts.o
#        ../../Outputs/app/Obj/kern-errext-SyncScheduleTable.o
#        ../../Outputs/app/Obj/kern-errext-TaskReturn.o
#        ../../Outputs/app/Obj/kern-errext-TerminateApplication.o
#        ../../Outputs/app/Obj/kern-errext-TerminateTask.o
#        ../../Outputs/app/Obj/kern-errext-TrapHandler.o
#        ../../Outputs/app/Obj/kern-errext-TryToGetSpinlock.o
#        ../../Outputs/app/Obj/kern-errext-UnknownSyscall.o
#        ../../Outputs/app/Obj/kern-errext-WaitEvent.o
#        ../../Outputs/app/Obj/kern-error.o
#        ../../Outputs/app/Obj/kern-erroraction.o
#        ../../Outputs/app/Obj/kern-errorminimal.o
#        ../../Outputs/app/Obj/kern-errorminimalparam.o
#        ../../Outputs/app/Obj/kern-exceedexectime.o
#        ../../Outputs/app/Obj/kern-exectimerinterrupt.o
#        ../../Outputs/app/Obj/kern-exectimertimestampinterrupt.o
#        ../../Outputs/app/Obj/kern-findhighesttask.o
#        ../../Outputs/app/Obj/kern-getactiveapplicationmode.o
#        ../../Outputs/app/Obj/kern-getalarm.o
#        ../../Outputs/app/Obj/kern-getalarmbase.o
#        ../../Outputs/app/Obj/kern-getalarmdelta.o
#        ../../Outputs/app/Obj/kern-getapplicationid.o
#        ../../Outputs/app/Obj/kern-getapplicationstate.o
#        ../../Outputs/app/Obj/kern-getcount.o
#        ../../Outputs/app/Obj/kern-getcountervalue.o
#        ../../Outputs/app/Obj/kern-getcpuload.o
#        ../../Outputs/app/Obj/kern-getcurrentstackarea.o
#        ../../Outputs/app/Obj/kern-getelapsedcountervalue.o
#        ../../Outputs/app/Obj/kern-getevent.o
#        ../../Outputs/app/Obj/kern-getisrid.o
#        ../../Outputs/app/Obj/kern-getisrmaxruntime.o
#        ../../Outputs/app/Obj/kern-getresource.o
#        ../../Outputs/app/Obj/kern-getresourcefromisr.o
#        ../../Outputs/app/Obj/kern-getresourcefromtask.o
#        ../../Outputs/app/Obj/kern-getscheduletablestatus.o
#        ../../Outputs/app/Obj/kern-getstackinfo.o
#        ../../Outputs/app/Obj/kern-gettaskid.o
#        ../../Outputs/app/Obj/kern-gettaskmaxruntime.o
#        ../../Outputs/app/Obj/kern-gettaskstate.o
#        ../../Outputs/app/Obj/kern-gettimestampgeneric.o
#        ../../Outputs/app/Obj/kern-gettimeused.o
#        ../../Outputs/app/Obj/kern-hwcountertimestampupdate.o
#        ../../Outputs/app/Obj/kern-hwcounterupdate.o
#        ../../Outputs/app/Obj/kern-incrementcounter.o
#        ../../Outputs/app/Obj/kern-initalarms.o
#        ../../Outputs/app/Obj/kern-initapp.o
#        ../../Outputs/app/Obj/kern-initappdata.o
#        ../../Outputs/app/Obj/kern-initcounters.o
#        ../../Outputs/app/Obj/kern-initexecutiontiming.o
#        ../../Outputs/app/Obj/kern-initinterrupts.o
#        ../../Outputs/app/Obj/kern-initisrstacks.o
#        ../../Outputs/app/Obj/kern-initkernstack.o
#        ../../Outputs/app/Obj/kern-initmeasurecpuload.o
#        ../../Outputs/app/Obj/kern-initresources.o
#        ../../Outputs/app/Obj/kern-initschedules.o
#        ../../Outputs/app/Obj/kern-inittasks.o
#        ../../Outputs/app/Obj/kern-inittaskstacks.o
#        ../../Outputs/app/Obj/kern-inittimers.o
#        ../../Outputs/app/Obj/kern-inserttask.o
#        ../../Outputs/app/Obj/kern-isschedulenecessary.o
#        ../../Outputs/app/Obj/kern-isscheduleworthwhile.o
#        ../../Outputs/app/Obj/kern-killalarm.o
#        ../../Outputs/app/Obj/kern-killhook.o
#        ../../Outputs/app/Obj/kern-killisr.o
#        ../../Outputs/app/Obj/kern-killschedule.o
#        ../../Outputs/app/Obj/kern-killtask.o
#        ../../Outputs/app/Obj/kern-localactivatetask.o
#        ../../Outputs/app/Obj/kern-localcancelalarm.o
#        ../../Outputs/app/Obj/kern-localchainscheduletable.o
#        ../../Outputs/app/Obj/kern-localgetalarm.o
#        ../../Outputs/app/Obj/kern-localgetevent.o
#        ../../Outputs/app/Obj/kern-localsetalarm.o
#        ../../Outputs/app/Obj/kern-localsetevent.o
#        ../../Outputs/app/Obj/kern-localsetscheduletableasync.o
#        ../../Outputs/app/Obj/kern-localstartscheduletable.o
#        ../../Outputs/app/Obj/kern-localstartscheduletablesynchron.o
#        ../../Outputs/app/Obj/kern-localstopscheduletable.o
#        ../../Outputs/app/Obj/kern-localsyncscheduletable.o
#        ../../Outputs/app/Obj/kern-localterminateapplication.o
#        ../../Outputs/app/Obj/kern-lowercurrenttaskspriority.o
#        ../../Outputs/app/Obj/kern-measurecoreload.o
#        ../../Outputs/app/Obj/kern-measurecpuload.o
#        ../../Outputs/app/Obj/kern-missingterminatetask.o
#        ../../Outputs/app/Obj/kern-nullerrorhook.o
#        ../../Outputs/app/Obj/kern-nullfunction.o
#        ../../Outputs/app/Obj/kern-nullisrhook.o
#        ../../Outputs/app/Obj/kern-nullprotectionhook.o
#        ../../Outputs/app/Obj/kern-panic.o
#        ../../Outputs/app/Obj/kern-permittedcontextautosar.o
#        ../../Outputs/app/Obj/kern-permittedcontextosek.o
#        ../../Outputs/app/Obj/kern-preemptisrexectiming.o
#        ../../Outputs/app/Obj/kern-preempttaskexectiming.o
#        ../../Outputs/app/Obj/kern-quarantineapplication.o
#        ../../Outputs/app/Obj/kern-raisetaskpriority.o
#        ../../Outputs/app/Obj/kern-ratemonitor.o
#        ../../Outputs/app/Obj/kern-releaselocks.o
#        ../../Outputs/app/Obj/kern-releaseresource.o
#        ../../Outputs/app/Obj/kern-requeuedown.o
#        ../../Outputs/app/Obj/kern-requeueup.o
#        ../../Outputs/app/Obj/kern-resetpeakcpuload.o
#        ../../Outputs/app/Obj/kern-resetschedulealarm.o
#        ../../Outputs/app/Obj/kern-restartapplication.o
#        ../../Outputs/app/Obj/kern-resumeinterrupts.o
#        ../../Outputs/app/Obj/kern-resumeisrexectiming.o
#        ../../Outputs/app/Obj/kern-returnfromcall.o
#        ../../Outputs/app/Obj/kern-runschedule.o
#        ../../Outputs/app/Obj/kern-schedule.o
#        ../../Outputs/app/Obj/kern-setabsalarm.o
#        ../../Outputs/app/Obj/kern-setevent.o
#        ../../Outputs/app/Obj/kern-setrelalarm.o
#        ../../Outputs/app/Obj/kern-setschedulealarm.o
#        ../../Outputs/app/Obj/kern-setscheduletableasync.o
#        ../../Outputs/app/Obj/kern-shutdown.o
#        ../../Outputs/app/Obj/kern-shutdownos.o
#        ../../Outputs/app/Obj/kern-simtimer.o
#        ../../Outputs/app/Obj/kern-startisrexectiming.o
#        ../../Outputs/app/Obj/kern-startisrintlocktiming.o
#        ../../Outputs/app/Obj/kern-startos.o
#        ../../Outputs/app/Obj/kern-startreslocktiming.o
#        ../../Outputs/app/Obj/kern-startscheduletable.o
#        ../../Outputs/app/Obj/kern-startscheduletablesynchron.o
#        ../../Outputs/app/Obj/kern-starttaskexectiming.o
#        ../../Outputs/app/Obj/kern-starttaskintlocktiming.o
#        ../../Outputs/app/Obj/kern-starttimestamptimergeneric.o
#        ../../Outputs/app/Obj/kern-startupchecks.o
#        ../../Outputs/app/Obj/kern-startupchecksalarm.o
#        ../../Outputs/app/Obj/kern-startupchecksapplication.o
#        ../../Outputs/app/Obj/kern-startupchecksassembleroffsets.o
#        ../../Outputs/app/Obj/kern-startupcheckscounter.o
#        ../../Outputs/app/Obj/kern-startupchecksisr.o
#        ../../Outputs/app/Obj/kern-startupchecksqueue.o
#        ../../Outputs/app/Obj/kern-startupchecksresource.o
#        ../../Outputs/app/Obj/kern-startupchecksschedule.o
#        ../../Outputs/app/Obj/kern-startupcheckstask.o
#        ../../Outputs/app/Obj/kern-startupcheckstimer.o
#        ../../Outputs/app/Obj/kern-startupcheckstrustedfunction.o
#        ../../Outputs/app/Obj/kern-stopisrexectiming.o
#        ../../Outputs/app/Obj/kern-stopisrintlocktiming.o
#        ../../Outputs/app/Obj/kern-stopreslocktiming.o
#        ../../Outputs/app/Obj/kern-stopscheduletable.o
#        ../../Outputs/app/Obj/kern-stoptaskexectiming.o
#        ../../Outputs/app/Obj/kern-stoptaskintlocktiming.o
#        ../../Outputs/app/Obj/kern-suspendinterrupts.o
#        ../../Outputs/app/Obj/kern-synchronize.o
#        ../../Outputs/app/Obj/kern-syncscheduletable.o
#        ../../Outputs/app/Obj/kern-taskreturn.o
#        ../../Outputs/app/Obj/kern-taskspoutofbounds.o
#        ../../Outputs/app/Obj/kern-terminateapplication.o
#        ../../Outputs/app/Obj/kern-terminatetask.o
#        ../../Outputs/app/Obj/kern-timestampupdate.o
#        ../../Outputs/app/Obj/kern-unknowninterrupt.o
#        ../../Outputs/app/Obj/kern-unknownsyscall.o
#        ../../Outputs/app/Obj/kern-waitevent.o
#        ../../Outputs/app/Obj/kern-wrapactivatetask.o
#        ../../Outputs/app/Obj/kern-wrapalarmcallback.o
#        ../../Outputs/app/Obj/kern-wrapincrementcounter.o
#        ../../Outputs/app/Obj/kern-wraprunschedule.o
#        ../../Outputs/app/Obj/kern-wrapsetevent.o
#        ../../Outputs/app/Obj/lib-difftime32.o
#        ../../Outputs/app/Obj/lib-fastresumeallinterrupts.o
#        ../../Outputs/app/Obj/lib-fastresumeosinterrupts.o
#        ../../Outputs/app/Obj/lib-fastsuspendallinterrupts.o
#        ../../Outputs/app/Obj/lib-fastsuspendosinterrupts.o
#        ../../Outputs/app/Obj/lib-getcoreid.o
#        ../../Outputs/app/Obj/lib-geterrorinfo.o
#        ../../Outputs/app/Obj/lib-getscheduletablestatus.o
#        ../../Outputs/app/Obj/lib-gettaskstate.o
#        ../../Outputs/app/Obj/lib-getunusedisrstack.o
#        ../../Outputs/app/Obj/lib-getunusedtaskstack.o
#        ../../Outputs/app/Obj/lib-getusedisrstack.o
#        ../../Outputs/app/Obj/lib-getusedtaskstack.o
#        ../../Outputs/app/Obj/lib-salsa-getstackusage.o
#        ../../Outputs/app/Obj/lib-salsa-getsystemstackusage.o
#        ../../Outputs/app/Obj/lib-stackcheck.o
#        ../../Outputs/app/Obj/LPit_Common.o ../../Outputs/app/Obj/LUTCOS.o
#        ../../Outputs/app/Obj/main.o ../../Outputs/app/Obj/Math.o
#        ../../Outputs/app/Obj/Mcl_Dma.o ../../Outputs/app/Obj/Mcl_Dma_Irq.o
#        ../../Outputs/app/Obj/Mcl_DmaMux.o
#        ../../Outputs/app/Obj/Mcl_FlexIO_Common.o
#        ../../Outputs/app/Obj/Mcl_FlexIO_Irq.o ../../Outputs/app/Obj/Mcl_IPW.o
#        ../../Outputs/app/Obj/Mcl_Lmem.o ../../Outputs/app/Obj/Mcl_TrgMux.o
#        ../../Outputs/app/Obj/Mcu.o ../../Outputs/app/Obj/Mcu_Cfg.o
#        ../../Outputs/app/Obj/Mcu_CMU.o ../../Outputs/app/Obj/Mcu_CMU_Irq.o
#        ../../Outputs/app/Obj/Mcu_CortexM4.o ../../Outputs/app/Obj/Mcu_IPW.o
#        ../../Outputs/app/Obj/Mcu_IPW_Irq.o ../../Outputs/app/Obj/Mcu_PCC.o
#        ../../Outputs/app/Obj/Mcu_PMC.o ../../Outputs/app/Obj/Mcu_PMC_Irq.o
#        ../../Outputs/app/Obj/Mcu_RCM.o ../../Outputs/app/Obj/Mcu_SCG.o
#        ../../Outputs/app/Obj/Mcu_SIM.o ../../Outputs/app/Obj/Mcu_SMC.o
#        ../../Outputs/app/Obj/Mcu_TDK_4G_PBcfg.o ../../Outputs/app/Obj/MemIf.o
#        ../../Outputs/app/Obj/MIC.o ../../Outputs/app/Obj/MIC_autotests.o
#        ../../Outputs/app/Obj/MIC_LLD.o ../../Outputs/app/Obj/MyMcuArchClock.o
#        ../../Outputs/app/Obj/Nm.o ../../Outputs/app/Obj/Nm_Cfg.o
#        ../../Outputs/app/Obj/NvM.o ../../Outputs/app/Obj/NvM_ASR32_Rte.o
#        ../../Outputs/app/Obj/NvM_ASR40_Rte.o
#        ../../Outputs/app/Obj/NvM_ASR42_Rte.o
#        ../../Outputs/app/Obj/NvM_BlockCheck.o
#        ../../Outputs/app/Obj/NvM_CalcCrc.o ../../Outputs/app/Obj/NvM_Cfg.o
#        ../../Outputs/app/Obj/NvM_DataIntern.o
#        ../../Outputs/app/Obj/NvM_Queue.o ../../Outputs/app/Obj/NvM_ReadAll.o
#        ../../Outputs/app/Obj/NvM_ReadBlock.o
#        ../../Outputs/app/Obj/NvM_RestoreBlockDefaults.o
#        ../../Outputs/app/Obj/NvM_Rte.o
#        ../../Outputs/app/Obj/NvM_StateMachine.o
#        ../../Outputs/app/Obj/NvM_ValidateAll.o
#        ../../Outputs/app/Obj/NvM_Wrapper.o
#        ../../Outputs/app/Obj/NvM_WriteAll.o
#        ../../Outputs/app/Obj/NvM_WriteBlock.o ../../Outputs/app/Obj/NvmIf.o
#        ../../Outputs/app/Obj/NvmIf_autotests.o
#        ../../Outputs/app/Obj/Nvp_Cfg.o
#        ../../Outputs/app/Obj/Nvp_Generated_Calibration.o
#        ../../Outputs/app/Obj/Nvp_Generated_NvmDefault.o
#        ../../Outputs/app/Obj/Os_configuration.o
#        ../../Outputs/app/Obj/Os_configuration_c0.o
#        ../../Outputs/app/Obj/Os_configuration_c1.o
#        ../../Outputs/app/Obj/Os_configuration_c2.o
#        ../../Outputs/app/Obj/Os_configuration_c3.o
#        ../../Outputs/app/Obj/Os_configuration_c4.o
#        ../../Outputs/app/Obj/Os_configuration_c5.o
#        ../../Outputs/app/Obj/Os_configuration_c6.o
#        ../../Outputs/app/Obj/Os_configuration_c7.o
#        ../../Outputs/app/Obj/Os_configuration_CORTEXM.o
#        ../../Outputs/app/Obj/Os_gen.o ../../Outputs/app/Obj/Os_hooks.o
#        ../../Outputs/app/Obj/Os_rtewrappers.o
#        ../../Outputs/app/Obj/Os_starttickers.o
#        ../../Outputs/app/Obj/OS_SYSTEM_0_gen.o
#        ../../Outputs/app/Obj/OsApplication_0_gen.o
#        ../../Outputs/app/Obj/OsUser_InitTask.o ../../Outputs/app/Obj/PduR.o
#        ../../Outputs/app/Obj/PduR_AdjLayerApi.o
#        ../../Outputs/app/Obj/PduR_GateIfRxIndicationDf.o
#        ../../Outputs/app/Obj/PduR_GateIfRxIndicationDfDynPyld.o
#        ../../Outputs/app/Obj/PduR_GateIfRxIndicationNb.o
#        ../../Outputs/app/Obj/PduR_GateIfRxIndicationSb.o
#        ../../Outputs/app/Obj/PduR_GateIfRxIndicationSbDynPyld.o
#        ../../Outputs/app/Obj/PduR_GateIfRxIndicationTf.o
#        ../../Outputs/app/Obj/PduR_GateIfRxIndicationTfDynPyld.o
#        ../../Outputs/app/Obj/PduR_GateIfTriggerTransmitSb.o
#        ../../Outputs/app/Obj/PduR_GateIfTriggerTransmitSbDynPyld.o
#        ../../Outputs/app/Obj/PduR_GateIfTriggerTransmitTf.o
#        ../../Outputs/app/Obj/PduR_GateIfTriggerTransmitTfDynPyld.o
#        ../../Outputs/app/Obj/PduR_GateIfTxConfirmationDf.o
#        ../../Outputs/app/Obj/PduR_GateIfTxConfirmationDfDynPyld.o
#        ../../Outputs/app/Obj/PduR_GateIfTxConfirmationTf.o
#        ../../Outputs/app/Obj/PduR_GateIfTxConfirmationTfDynPyld.o
#        ../../Outputs/app/Obj/PduR_GateTp.o
#        ../../Outputs/app/Obj/PduR_GateTpCopyRxData.o
#        ../../Outputs/app/Obj/PduR_GateTpCopyTxData.o
#        ../../Outputs/app/Obj/PduR_GateTpRxIndication.o
#        ../../Outputs/app/Obj/PduR_GateTpStartOfReception.o
#        ../../Outputs/app/Obj/PduR_GateTpTxConfirmation.o
#        ../../Outputs/app/Obj/PduR_GateTpUpReception.o
#        ../../Outputs/app/Obj/PduR_GenericIfRxIndication.o
#        ../../Outputs/app/Obj/PduR_GenericIfTransmit.o
#        ../../Outputs/app/Obj/PduR_GenericIfTriggerTransmit.o
#        ../../Outputs/app/Obj/PduR_GenericIfTxConfirmation.o
#        ../../Outputs/app/Obj/PduR_GenericTpCancelReceive.o
#        ../../Outputs/app/Obj/PduR_GenericTpCancelTransmit.o
#        ../../Outputs/app/Obj/PduR_GenericTpChangeParameter.o
#        ../../Outputs/app/Obj/PduR_GenericTpCopyRxData.o
#        ../../Outputs/app/Obj/PduR_GenericTpCopyTxData.o
#        ../../Outputs/app/Obj/PduR_GenericTpRxIndication.o
#        ../../Outputs/app/Obj/PduR_GenericTpStartOfReception.o
#        ../../Outputs/app/Obj/PduR_GenericTpTransmit.o
#        ../../Outputs/app/Obj/PduR_GenericTpTxConfirmation.o
#        ../../Outputs/app/Obj/PduR_GetConfigurationId.o
#        ../../Outputs/app/Obj/PduR_GetVersionInfo.o
#        ../../Outputs/app/Obj/PduR_Init.o
#        ../../Outputs/app/Obj/PduR_IsValidConfig.o
#        ../../Outputs/app/Obj/PduR_Lcfg.o ../../Outputs/app/Obj/PduR_MultiIf.o
#        ../../Outputs/app/Obj/PduR_MultiIfRxIndication.o
#        ../../Outputs/app/Obj/PduR_MultiIfTriggerTransmit.o
#        ../../Outputs/app/Obj/PduR_MultiIfTxConfirmation.o
#        ../../Outputs/app/Obj/PduR_MultiTp.o
#        ../../Outputs/app/Obj/PduR_MultiTpCopyTxData.o
#        ../../Outputs/app/Obj/PduR_MultiTpTransmit.o
#        ../../Outputs/app/Obj/PduR_MultiTpTxConfirmation.o
#        ../../Outputs/app/Obj/PduR_MultiUpIfTransmit.o
#        ../../Outputs/app/Obj/PduR_PBcfg.o
#        ../../Outputs/app/Obj/PduR_WrapASR32.o ../../Outputs/app/Obj/Port.o
#        ../../Outputs/app/Obj/Port_Cfg.o ../../Outputs/app/Obj/Port_Ipw.o
#        ../../Outputs/app/Obj/Port_Port_Ci.o
#        ../../Outputs/app/Obj/Port_TDK_4G_PBcfg.o
#        ../../Outputs/app/Obj/Portif.o ../../Outputs/app/Obj/Pwm.o
#        ../../Outputs/app/Obj/Pwm_Ftm.o ../../Outputs/app/Obj/Pwm_Ipw.o
#        ../../Outputs/app/Obj/Pwm_TDK_4G_PBcfg.o ../../Outputs/app/Obj/PwmIf.o
#        ../../Outputs/app/Obj/Rcm.o ../../Outputs/app/Obj/RCM_autotests.o
#        ../../Outputs/app/Obj/Rte.o ../../Outputs/app/Obj/Sad.o
#        ../../Outputs/app/Obj/Sad_autotests.o ../../Outputs/app/Obj/SBC.o
#        ../../Outputs/app/Obj/SIN_01.o ../../Outputs/app/Obj/Spi.o
#        ../../Outputs/app/Obj/Spi_Cfg.o ../../Outputs/app/Obj/Spi_IPW.o
#        ../../Outputs/app/Obj/Spi_LPspi.o
#        ../../Outputs/app/Obj/Spi_LPspi_Irq.o
#        ../../Outputs/app/Obj/Spi_TDK_4G_PBcfg.o ../../Outputs/app/Obj/SpiIf.o
#        ../../Outputs/app/Obj/startup_iar.o ../../Outputs/app/Obj/STM.o
#        ../../Outputs/app/Obj/TSMem.o ../../Outputs/app/Obj/TSPBConfig.o
#        --config Application/App.icf --map ../../Outputs/app/Out/app.map -o
#        ../../Outputs/app/Out/app.elf --no_wrap_diagnostics --entry
#        boardResetStart --semihosting --no_free_heap --enable_stack_usage)
#
###############################################################################

*******************************************************************************
*** MESSAGES
***


  place in region_iram_data        { block AppData, block AppDataMcal, block AppDataSpi, block AppDataAdc, block OsData, block AppFlsRamCode, block AppBSS };
  ^
"C:\Git\eCS_Platform_Git\Tools\Build_Env\Workspace\Build\Makefile\Application/App.icf",256  Warning[Lp005]: placement includes a mix of sections with content (example "rw data section .bss in MIC.o symbols: [MIC_bECCErrFls]") and sections without content (example "rw data section .data in AdcIf.o symbols: [ADCIF_CalibrationStatus0]")
Warning[Ls014]: [stack usage analysis] at least one function does not have stack usage information. Example: "OS_CORTEXM_Call". A complete list of such functions is in the map file.
Warning[Ls016]: [stack usage analysis] the program contains at least one indirect call. Example: from "Fls_MainFunction". A complete list of such functions is in the map file.
Warning[Ls017]: [stack usage analysis] the program contains at least one instance of recursion for which stack usage analysis has not been able to calculate a maximum stack depth. One function involved is "OS_Error". A complete list of all recursion nests is in the map file.


*******************************************************************************
*** RUNTIME MODEL ATTRIBUTES
***

__SystemLibrary = DLib
__dlib_version  = 6


*******************************************************************************
*** HEAP SELECTION
***

The no free heap was selected because of --no_free_heap.


*******************************************************************************
*** PLACEMENT SUMMARY
***

define block AppIntVec
   with fixed order, alignment = 4 {
      section ExceptionTable, section InterruptTable };
"P1":  place in [from 0x2'0000 to 0x2'0fff] { block AppIntVec };
define block AppFlashConfig { section .flash_config };
"P2":  place in [from 0x2'1000 to 0x2'0fef] { block AppFlashConfig };
define block AppStartup with fixed order { section .startup };
define block AppCode
   with fixed order { section .text, section .mcal_text, section .os_text };
define block AppROData
   with fixed order {
      section .rodata, section .mcal_const_cfg, section .mcal_const };
define block AppData_Init with fixed order { section .data_init };
define block AppDataMcal_Init with fixed order { section .mcal_data_init };
define block OsData_Init
   with fixed order { section .data.core0.kernelData_init };
define block AppDataSpi_Init with fixed order { section .mcal_data_spi_init };
define block AppDataAdc_Init with fixed order { section .mcal_data_adc_init };
define block AppFlsRamCode_Init { section .fls_ram_code_text_init };
"P3":  place in [from 0x2'1000 to 0x7'df93] {
          block AppStartup, block AppCode, block AppROData, block AppData_Init,
          block AppDataMcal_Init, block OsData_Init, block AppDataSpi_Init,
          block AppDataAdc_Init, block AppFlsRamCode_Init };
define block AppData with fixed order { section .data };
define block AppDataMcal with fixed order { section .mcal_data };
define block AppDataSpi with fixed order { section .mcal_data_spi };
define block AppDataAdc with fixed order { section .mcal_data_adc };
define block OsData with fixed order { section .data.core0.kernelData };
define block AppFlsRamCode { section .fls_ram_code_text };
define block AppBSS
   with fixed order {
      section .bss, section .mcal_bss, section .bss.core0.appDynamic,
      section .bss.core0.cpuLoad, section .bss.core0.alarmDynamic,
      section .bss.core0.counterDynamic, section .bss.core0.cpuLoadBusyBuffer,
      section .bss.core0.hwtLastValue, section .bss.core0.isrDynamic,
      section .bss.core0.resourceDynamic, section .bss.core0.scheduleDynamic,
      section .bss.core0.taskActivations, section .bss.core0.taskDynamic,
      section .bss.core0.prioritySlot, section .bss.core0.slavePrioWord,
      section .bss.core0.taskAccounting, section .bss.core0.isrAccounting,
      section .bss.os_idlestack };
"P4":  place in [from 0x1fff'8000 to 0x1fff'ffff] {
          block AppData, block AppDataMcal, block AppDataSpi, block AppDataAdc,
          block OsData, block AppFlsRamCode, block AppBSS };
define block OSSTACK
   with fixed order, size = 15872, alignment = 8 {
      section .bss.core0.os_taskstack0_slot15,
      section .bss.core0.os_taskstack0_slot14,
      section .bss.core0.os_taskstack0_slot13,
      section .bss.core0.os_taskstack0_slot12,
      section .bss.core0.os_taskstack0_slot11,
      section .bss.core0.os_taskstack0_slot10,
      section .bss.core0.os_taskstack0_slot9,
      section .bss.core0.os_taskstack0_slot8,
      section .bss.core0.os_taskstack0_slot7,
      section .bss.core0.os_taskstack0_slot6,
      section .bss.core0.os_taskstack0_slot5,
      section .bss.core0.os_taskstack0_slot4,
      section .bss.core0.os_taskstack0_slot3,
      section .bss.core0.os_taskstack0_slot2,
      section .bss.core0.os_taskstack0_slot1,
      section .bss.core0.os_taskstack0_slot0, section .bss.core0.os_kernstack0,
      section .bss.core0.priorityQueueDynamic };
"P5":  place in [from 0x2000'0000 to 0x2000'6cff] { block OSSTACK };
define block AppNoInitData { section .noinit };
"P6":  place in [from 0x2000'6f00 to 0x2000'6fff] { block AppNoInitData };
do not initialize { rw };
do not initialize {
   section .bss, section .mcal_bss, section .mcal_bss_no_cacheable,
   section .flash_config, section .noinit, section .nv_ram_data,
   section .osstack, section .bss.core0.alarmDynamic,
   section .bss.core0.appDynamic, section .bss.core0.cpuLoad,
   section .bss.core0.alarmDynamic, section .bss.core0.counterDynamic,
   section .bss.core0.cpuLoadBusyBuffer, section .bss.core0.hwtLastValue,
   section .bss.core0.isrDynamic, section .bss.core0.resourceDynamic,
   section .bss.core0.scheduleDynamic, section .bss.core0.taskActivations,
   section .bss.core0.taskDynamic, section .bss.core0.prioritySlot,
   section .bss.core0.slavePrioWord, section .bss.core0.taskAccounting,
   section .bss.core0.isrAccounting, section .bss.os_idlestack,
   section .bss.core0.os_taskstack0_slot15,
   section .bss.core0.os_taskstack0_slot14,
   section .bss.core0.os_taskstack0_slot13,
   section .bss.core0.os_taskstack0_slot12,
   section .bss.core0.os_taskstack0_slot11,
   section .bss.core0.os_taskstack0_slot10,
   section .bss.core0.os_taskstack0_slot9,
   section .bss.core0.os_taskstack0_slot8,
   section .bss.core0.os_taskstack0_slot7,
   section .bss.core0.os_taskstack0_slot6,
   section .bss.core0.os_taskstack0_slot5,
   section .bss.core0.os_taskstack0_slot4,
   section .bss.core0.os_taskstack0_slot3,
   section .bss.core0.os_taskstack0_slot2,
   section .bss.core0.os_taskstack0_slot1,
   section .bss.core0.os_taskstack0_slot0, section .bss.core0.os_kernstack0,
   section .bss.core0.priorityQueueDynamic };
initialize manually with packing = copy, complex ranges {
   section .data, section .data.core0.kernelData };
initialize manually with packing = copy, complex ranges { section .mcal_data };
initialize manually with packing = copy, complex ranges {
   section .mcal_data_spi };
initialize manually with packing = copy, complex ranges {
   section .mcal_data_adc };
initialize manually with packing = copy, complex ranges {
   section .fls_ram_code_text };

No sections matched the following patterns:

  section .bss.core0.cpuLoad               in block AppBSS
  section .bss.core0.cpuLoadBusyBuffer     in block AppBSS
  section .bss.core0.isrAccounting         in block AppBSS
  section .bss.core0.os_taskstack0_slot10  in block OSSTACK
  section .bss.core0.os_taskstack0_slot11  in block OSSTACK
  section .bss.core0.os_taskstack0_slot12  in block OSSTACK
  section .bss.core0.os_taskstack0_slot13  in block OSSTACK
  section .bss.core0.os_taskstack0_slot14  in block OSSTACK
  section .bss.core0.os_taskstack0_slot15  in block OSSTACK
  section .bss.core0.priorityQueueDynamic  in block OSSTACK
  section .bss.core0.taskAccounting        in block AppBSS
  section .bss.core0.taskActivations       in block AppBSS
  section .calibVersion                    in block AppCalibrationVersion
  section .noinit                          in block AppNoInitData
  section .nv_calib_data                   in block AppCalibrationData
  section .nv_default_data                 in block AppFlexRomData
  section .nv_ram_data                     in block AppFlexRamData
  section .nvmDefaultVers                  in block AppNvmDefaultVersion


  Section                 Kind         Address     Size  Object
  -------                 ----         -------     ----  ------
"P1":                                             0x2c0
  AppIntVec                           0x2'0000    0x2c0  <Block>
    ExceptionTable        ro code     0x2'0000     0x40  CORTEXM-exceptiontable.o [1]
    InterruptTable        ro code     0x2'0040    0x280  CORTEXM-interruptvectors.o [1]
                                    - 0x2'02c0    0x2c0

"P3":                                           0x2f6a4
  AppCode                             0x2'1000  0x29010  <Block>
    .text                 ro code     0x2'1000    0x2b0  ACC.o [1]
    .text                 ro code     0x2'12b0     0x88  SpiIf.o [1]
    .text                 ro code     0x2'1338    0xd10  Rte.o [1]
    .text                 ro code     0x2'2048     0xa6  ABImemcpy.o [3]
    .text                 ro code     0x2'20ee      0x4  Com_UpdateShadowSignal.o [1]
    .text                 ro code     0x2'20f2      0x2  kern-initisrstacks.o [1]
    .text                 ro code     0x2'20f4     0x60  Com_SendSignalGroup.o [1]
    .text                 ro code     0x2'2154     0x30  lib-fastsuspendallinterrupts.o [1]
    .text                 ro code     0x2'2184     0x24  lib-fastresumeallinterrupts.o [1]
    .text                 ro code     0x2'21a8    0x14c  Com_ReceiveSignalGroup.o [1]
    .text                 ro code     0x2'22f4      0x4  Com_ReceiveShadowSignal.o [1]
    .text                 ro code     0x2'22f8    0x150  TSMem.o [1]
    .text                 ro code     0x2'2448     0x80  DIA_SecurityAccess.o [1]
    .text                 ro code     0x2'24c8    0x460  DIA_ReadDataByIdentifier.o [1]
    .text                 ro code     0x2'2928    0x5c4  DIA_WriteDataByIdentifier.o [1]
    .text                 ro code     0x2'2eec     0xf0  DIA.o [1]
    .text                 ro code     0x2'2fdc    0x348  DIA_RoutineControl.o [1]
    .text                 ro code     0x2'3324    0x294  Dem_DcmIfAccess.o [1]
    .text                 ro code     0x2'35b8     0xb8  CIL_AppliToCAN.o [1]
    .text                 ro code     0x2'3670     0x60  CanTrcv.o [1]
    .text                 ro code     0x2'36d0     0x14  CanSM_MainFunction.o [1]
    .text                 ro code     0x2'36e4    0x2d0  CanNm.o [1]
    .text                 ro code     0x2'39b4      0x2  Nm.o [1]
    .text                 ro code     0x2'39b6     0x46  kern-synchronize.o [1]
    .text                 ro code     0x2'39fc    0x31c  Com_MainFunctionRx.o [1]
    .text                 ro code     0x2'3d18    0x4cc  Com_MainFunctionTx.o [1]
    .text                 ro code     0x2'41e4    0x2d0  Dcm.o [1]
    .text                 ro code     0x2'44b4    0x12c  CanTp_MainFunction.o [1]
    .text                 ro code     0x2'45e0    0x39c  NvM.o [1]
    .text                 ro code     0x2'497c    0x63c  EcuM.o [1]
    .text                 ro code     0x2'4fb8    0x6a4  BswM.o [1]
    .text                 ro code     0x2'565c     0x44  ComM_MainFunction.o [1]
    .text                 ro code     0x2'56a0    0xeec  Dem.o [1]
    .text                 ro code     0x2'658c    0x2b2  SBC.o [1]
    .text                 ro code     0x2'683e      0x2  PduR_MultiIfTxConfirmation.o [1]
    .text                 ro code     0x2'6840    0x598  eCS.o [1]
    .text                 ro code     0x2'6dd8    0x17c  Fsm.o [1]
    .text                 ro code     0x2'6f54    0x580  Sad.o [1]
    .text                 ro code     0x2'74d4    0x2d4  ATM.o [1]
    .text                 ro code     0x2'77a8      0xe  CIL_CANToAppli.o [1]
    .text                 ro code     0x2'77b8     0x3c  STM.o [1]
    .text                 ro code     0x2'77f4    0x55c  CIL_ManageMFTransmission.o [1]
    .text                 ro code     0x2'7d50    0x5a4  BswM_Lcfg.o [1]
    .text                 ro code     0x2'82f4     0x6c  Com_SendSignal.o [1]
    .text                 ro code     0x2'8360    0x378  Com_Core_TxSignalGroup.o [1]
    .text                 ro code     0x2'86d8     0xfc  CORTEXM-int-nvic.o [1]
    .text                 ro code     0x2'87d4    0x1f4  Com_ReceiveSignal.o [1]
    .text                 ro code     0x2'89c8     0x66  ABImemset.o [3]
    .text                 ro code     0x2'8a30      0x6  ABImemclr.o [3]
    .text                 ro code     0x2'8a38     0x44  NvmIf.o [1]
    .text                 ro code     0x2'8a7c    0x208  Rcm.o [1]
    .text                 ro code     0x2'8c84    0x618  IoHwAb_AdcIf.o [1]
    .text                 ro code     0x2'929c     0x28  DIA_SessionControl.o [1]
    .text                 ro code     0x2'92c4    0x878  Dem_Core.o [1]
    .text                 ro code     0x2'9b3c     0x46  Atomics_TSPlatforms.o [1]
    .text                 ro code     0x2'9b84    0x728  CanIf.o [1]
    .text                 ro code     0x2'a2ac    0x9ac  CanSM_StateMachine.o [1]
    .text                 ro code     0x2'ac58     0x80  TSPBConfig.o [1]
    .text                 ro code     0x2'acd8    0x302  CanNm_Hsm.o [1]
    .text                 ro code     0x2'afdc     0x9c  PduR_AdjLayerApi.o [1]
    .text                 ro code     0x2'b078    0x438  Com_Core_RxIPdu.o [1]
    .text                 ro code     0x2'b4b0    0x4f8  Com_Core_RxUpdateBit.o [1]
    .text                 ro code     0x2'b9a8    0x198  Com_Core_TM.o [1]
    .text                 ro code     0x2'bb40    0x674  Com_Core_TxIPdu.o [1]
    .text                 ro code     0x2'c1b4    0x8c4  Dcm_Dsl_Supervisor.o [1]
    .text                 ro code     0x2'ca78    0xfe8  Dcm_Dsl_CommunicationServices.o [1]
    .text                 ro code     0x2'da60    0x302  Dcm_Hsm.o [1]
    .text                 ro code     0x2'dd62      0x8  Dcm_User.o [1]
    .text                 ro code     0x2'dd6c    0x208  Dcm_Dsp_SvcH_ReadDataByIdentifier.o [1]
    .text                 ro code     0x2'df74     0xa4  Dcm_Dsp_SvcH_WriteDataByIdentifier.o [1]
    .text                 ro code     0x2'e018     0x18  Dcm_Dsl_SecurityLevelHandler.o [1]
    .text                 ro code     0x2'e030    0x4ea  Dcm_Dsp_SvcH_SecurityAccess.o [1]
    .text                 ro code     0x2'e51c    0x7c4  Dcm_Dsp_DidServices.o [1]
    .text                 ro code     0x2'ece0    0xdf4  Dcm_Dsp.o [1]
    .text                 ro code     0x2'fad4    0x6ec  Dcm_Dsp_DemFacade.o [1]
    .text                 ro code     0x3'01c0     0x8c  CanTp_STminCallback.o [1]
    .text                 ro code     0x3'024c     0x80  CanTp_StopChannel.o [1]
    .text                 ro code     0x3'02cc    0x1a2  CanTp_RxBufferDependentSend.o [1]
    .text                 ro code     0x3'0470    0x164  CanTp_TxBufferDependentSend.o [1]
    .text                 ro code     0x3'05d4     0x7c  CanTp_UnlockChannel.o [1]
    .text                 ro code     0x3'0650    0x87c  NvM_BlockCheck.o [1]
    .text                 ro code     0x3'0ecc    0x12c  NvM_Queue.o [1]
    .text                 ro code     0x3'0ff8    0x118  NvM_StateMachine.o [1]
    .text                 ro code     0x3'1110    0x28c  NvM_DataIntern.o [1]
    .text                 ro code     0x3'139c    0x23a  BswM_Callouts.o [1]
    .text                 ro code     0x3'15d8    0x748  NvM_ReadBlock.o [1]
    .text                 ro code     0x3'1d20    0x58c  NvM_WriteBlock.o [1]
    .text                 ro code     0x3'22ac    0x164  NvM_CalcCrc.o [1]
    .text                 ro code     0x3'2410     0x70  EcuM_Cfg.o [1]
    .text                 ro code     0x3'2480     0x96  EcuM_Callout_Stubs.o [1]
    .text                 ro code     0x3'2516      0x8  EcuM_Rte.o [1]
    .text                 ro code     0x3'2520     0xd4  BswM_Cfg.o [1]
    .text                 ro code     0x3'25f4    0x1b4  ComM.o [1]
    .text                 ro code     0x3'27a8     0x20  Com_IpduGroupControl.o [1]
    .text                 ro code     0x3'27c8    0x352  ComM_HsmComMFnct.o [1]
    .text                 ro code     0x3'2b1c    0x332  ComM_Hsm.o [1]
    .text                 ro code     0x3'2e50     0x3a  ABImemset48.o [3]
    .text                 ro code     0x3'2e8c     0x2c  ATAN_02.o [1]
    .text                 ro code     0x3'2eb8     0x64  eCS_lut.o [1]
    .text                 ro code     0x3'2f1c     0x54  SIN_01.o [1]
    .text                 ro code     0x3'2f70     0x14  DioIf.o [1]
    .text                 ro code     0x3'2f84      0xc  PwmIf.o [1]
    .text                 ro code     0x3'2f90    0x16e  ATM_cfg.o [1]
    .text                 ro code     0x3'3100    0x1f0  Com_Core_TxSignal.o [1]
    .text                 ro code     0x3'32f0     0x2c  kern-panic.o [1]
    .text                 ro code     0x3'331c     0x24  S32ToFlt.o [2]
    .text                 ro code     0x3'3340     0xd8  FltMul.o [2]
    .text                 ro code     0x3'3418     0x1c  U32ToFlt.o [2]
    .text                 ro code     0x3'3434     0xfc  FltDiv.o [2]
    .text                 ro code     0x3'3530     0x80  FltSub.o [2]
    .text                 ro code     0x3'35b0     0x24  FltCmpGe.o [2]
    .text                 ro code     0x3'35d4     0xe2  FltAdd.o [2]
    .text                 ro code     0x3'36b8     0x2a  FltToS32.o [2]
    .text                 ro code     0x3'36e4    0x170  Math.o [1]
    .text                 ro code     0x3'3854    0x11c  AdcIf.o [1]
    .text                 ro code     0x3'3970     0x70  CanSM_Cbk.o [1]
    .text                 ro code     0x3'39e0     0x44  PduR_GenericIfRxIndication.o [1]
    .text                 ro code     0x3'3a24     0x40  PduR_GenericIfTxConfirmation.o [1]
    .text                 ro code     0x3'3a64     0x48  PduR_GenericIfTriggerTransmit.o [1]
    .text                 ro code     0x3'3aac     0x44  PduR_GenericTpStartOfReception.o [1]
    .text                 ro code     0x3'3af0     0x44  PduR_GenericTpCopyRxData.o [1]
    .text                 ro code     0x3'3b34     0x44  PduR_GenericTpCopyTxData.o [1]
    .text                 ro code     0x3'3b78     0x48  PduR_GenericTpRxIndication.o [1]
    .text                 ro code     0x3'3bc0     0x48  PduR_GenericTpTxConfirmation.o [1]
    .text                 ro code     0x3'3c08     0x44  PduR_GenericIfTransmit.o [1]
    .text                 ro code     0x3'3c4c     0x48  PduR_GenericTpTransmit.o [1]
    .text                 ro code     0x3'3c94     0x50  PduR_GenericTpCancelTransmit.o [1]
    .text                 ro code     0x3'3ce4     0x50  PduR_GenericTpCancelReceive.o [1]
    .text                 ro code     0x3'3d34     0x58  PduR_GateTpUpReception.o [1]
    .text                 ro code     0x3'3d8c    0x29e  Com.o [1]
    .text                 ro code     0x3'402c     0x54  Dcm_Dsl.o [1]
    .text                 ro code     0x3'4080    0x4f6  Dcm_Dsd.o [1]
    .text                 ro code     0x3'4576     0x4c  Dcm_Dsp_Contexts.o [1]
    .text                 ro code     0x3'45c4    0x600  Dcm_Dsp_DidSignals.o [1]
    .text                 ro code     0x3'4bc4    0x434  Dem_DcmIfStatusInfo.o [1]
    .text                 ro code     0x3'4ff8    0x108  CanTp_Init.o [1]
    .text                 ro code     0x3'5100    0x1ac  CanTp_PrepareFC.o [1]
    .text                 ro code     0x3'52ac     0x68  CanTp_TransmitFrame.o [1]
    .text                 ro code     0x3'5314    0x19a  CanTp_PreparexF.o [1]
    .text                 ro code     0x3'54b0    0x288  CanTp_TxConfirmation.o [1]
    .text                 ro code     0x3'5738    0x87c  CanTp_RxIndication.o [1]
    .text                 ro code     0x3'5fb4     0x24  CanSM_Init.o [1]
    .text                 ro code     0x3'5fd8     0x44  PduR_Init.o [1]
    .text                 ro code     0x3'601c     0x84  Com_Init.o [1]
    .text                 ro code     0x3'60a0    0x1e8  MIC.o [1]
    .text                 ro code     0x3'6288    0x448  NvM_ReadAll.o [1]
    .text                 ro code     0x3'66d0      0x2  CIL_Init.o [1]
    .text                 ro code     0x3'66d4    0x2d8  NvM_WriteAll.o [1]
    .text                 ro code     0x3'69ac     0x48  Crc.o [1]
    .text                 ro code     0x3'69f4     0x42  Portif.o [1]
    .text                 ro code     0x3'6a38      0x8  ComM_Rte.o [1]
    .text                 ro code     0x3'6a40     0xec  Com_Core_IPduGroup.o [1]
    .text                 ro code     0x3'6b2c     0x9c  CanSM_RequestComMode.o [1]
    .text                 ro code     0x3'6bc8     0x74  ATAN_01.o [1]
    .text                 ro code     0x3'6c3c     0x58  AdcIf_autotest.o [1]
    .text                 ro code     0x3'6c94     0x64  RCM_autotests.o [1]
    .text                 ro code     0x3'6cf8    0x23c  NvmIf_autotests.o [1]
    .text                 ro code     0x3'6f34     0xb8  MIC_autotests.o [1]
    .text                 ro code     0x3'6fec     0xcc  IoHwAb_AdcIf_Autotests.o [1]
    .text                 ro code     0x3'70b8     0x38  Sad_autotests.o [1]
    .text                 ro code     0x3'70f0    0x6a8  Com_Filter.o [1]
    .text                 ro code     0x3'7798     0x7c  kern-shutdown.o [1]
    .text                 ro code     0x3'7814     0x18  AdcIf_cfg.o [1]
    .text                 ro code     0x3'782c    0x114  Gpt.o [1]
    .text                 ro code     0x3'7940     0x74  PduR_MultiTp.o [1]
    .text                 ro code     0x3'79b4     0x8c  MIC_LLD.o [1]
    .text                 ro code     0x3'7a40     0x94  ASIN_02.o [1]
    .text                 ro code     0x3'7ad4     0xc8  kern-callshutdownhook.o [1]
    .text                 ro code     0x3'7b9c     0x3a  Gpt_Ipw.o [1]
    .text                 ro code     0x3'7bd8    0x1d0  kern-error.o [1]
    .text                 ro code     0x3'7da8    0x232  CORTEXM-NXP-mpu.o [1]
    .text                 ro code     0x3'7fdc    0x148  Gpt_LPit.o [1]
    .text                 ro code     0x3'8124     0x54  Os_hooks.o [1]
    .text                 ro code     0x3'8178    0x168  kern-callerrorhook.o [1]
    .text                 ro code     0x3'82e0    0x220  kern-erroraction.o [1]
    .text                 ro code     0x3'8500     0xf8  kern-quarantineapplication.o [1]
    .text                 ro code     0x3'85f8     0xd4  kern-restartapplication.o [1]
    .text                 ro code     0x3'86cc     0xc0  App_startup.o [1]
    .text                 ro code     0x3'878c      0x6  ABImemclr4.o [3]
    .text                 ro code     0x3'8794     0x1c  Arm_FaultHandlerThumb_isr.o [1]
    .text                 ro code     0x3'87b0    0x380  CanNm_HsmCanNmFnct.o [1]
    .text                 ro code     0x3'8b30      0x2  CanNm_User.o [1]
    .text                 ro code     0x3'8b34     0xa0  CanTp_CancelReceive.o [1]
    .text                 ro code     0x3'8bd4     0x88  CanTp_CancelTransmit.o [1]
    .text                 ro code     0x3'8c5c     0xfc  CanTp_Transmit.o [1]
    .text                 ro code     0x3'8d58    0x7a8  Com_Core_Read.o [1]
    .text                 ro code     0x3'9500   0x3b76  Com_Core_Write.o [1]
    .text                 ro code     0x3'd078     0xb4  Com_RxIndication.o [1]
    .text                 ro code     0x3'd12c     0xa4  Com_TriggerTransmit.o [1]
    .text                 ro code     0x3'd1d0    0x134  Com_TxConfirmation.o [1]
    .text                 ro code     0x3'd304     0x30  CORTEXM-dispatch.o [1]
    .text                 ro code     0x3'd334     0x18  kern-taskspoutofbounds.o [1]
    .text                 ro code     0x3'd34c     0xb4  CORTEXM-exceptions.o [1]
    .text                 ro code     0x3'd400    0x11c  CORTEXM-timer-fs-lpit.o [1]
    .text                 ro code     0x3'd51c    0x194  Dcm_Callouts.o [1]
    .text                 ro code     0x3'd6b0    0x47e  Dcm_Dsp_MemoryServices.o [1]
    .text                 ro code     0x3'db30    0x348  Dcm_Dsp_SvcH_ReadDTCInformation.o [1]
    .text                 ro code     0x3'de78     0xf0  Dcm_Dsp_SvcH_ReadMemoryByAddress.o [1]
    .text                 ro code     0x3'df68     0xb8  Dcm_Dsp_SvcH_TesterPresent.o [1]
    .text                 ro code     0x3'e020    0x154  Dcm_Dsp_SvcH_WriteMemoryByAddress.o [1]
    .text                 ro code     0x3'e174    0x8b0  Dcm_HsmDcmFnct.o [1]
    .text                 ro code     0x3'ea24     0x5c  kern-activateautoalarms.o [1]
    .text                 ro code     0x3'ea80    0x13c  kern-setabsalarm.o [1]
    .text                 ro code     0x3'ebbc    0x148  kern-setrelalarm.o [1]
    .text                 ro code     0x3'ed04     0xa4  kern-localsetalarm.o [1]
    .text                 ro code     0x3'eda8     0x54  kern-appisaccessible.o [1]
    .text                 ro code     0x3'edfc     0x80  kern-enqueuealarm.o [1]
    .text                 ro code     0x3'ee7c     0x38  kern-activateautotasks.o [1]
    .text                 ro code     0x3'eeb4    0x100  kern-activatetask.o [1]
    .text                 ro code     0x3'efb4     0x60  kern-localactivatetask.o [1]
    .text                 ro code     0x3'f014     0x44  kern-enqueuetask.o [1]
    .text                 ro code     0x3'f058     0xbc  kern-advancecounter.o [1]
    .text                 ro code     0x3'f114     0xc4  kern-allowaccess.o [1]
    .text                 ro code     0x3'f1d8     0xc4  kern-callstartuphook.o [1]
    .text                 ro code     0x3'f29c    0x10c  kern-cancelalarm.o [1]
    .text                 ro code     0x3'f3a8     0x44  kern-localcancelalarm.o [1]
    .text                 ro code     0x3'f3ec     0xdc  kern-killalarm.o [1]
    .text                 ro code     0x3'f4c8     0xd0  kern-canwrite.o [1]
    .text                 ro code     0x3'f598    0x1a0  kern-cat2entry.o [1]
    .text                 ro code     0x3'f738     0x34  kern-releaselocks.o [1]
    .text                 ro code     0x3'f76c     0x20  kern-killisr.o [1]
    .text                 ro code     0x3'f78c    0x148  kern-chainscheduletable.o [1]
    .text                 ro code     0x3'f8d4     0xb0  kern-localchainscheduletable.o [1]
    .text                 ro code     0x3'f984    0x144  kern-chaintask.o [1]
    .text                 ro code     0x3'fac8     0x40  kern-doterminatetask.o [1]
    .text                 ro code     0x3'fb08     0x54  kern-dequeuetask.o [1]
    .text                 ro code     0x3'fb5c     0x2c  kern-findhighesttask.o [1]
    .text                 ro code     0x3'fb88     0x54  kern-checkfordispatch.o [1]
    .text                 ro code     0x3'fbdc     0x50  kern-inserttask.o [1]
    .text                 ro code     0x3'fc2c    0x188  kern-checkisrmemoryaccess.o [1]
    .text                 ro code     0x3'fdb4    0x21c  kern-checkobjectaccess.o [1]
    .text                 ro code     0x3'ffd0    0x1c0  kern-checkobjectownership.o [1]
    .text                 ro code     0x4'0190    0x178  kern-checktaskmemoryaccess.o [1]
    .text                 ro code     0x4'0308     0x70  kern-clearevent.o [1]
    .text                 ro code     0x4'0378     0x80  kern-dequeueall.o [1]
    .text                 ro code     0x4'03f8     0x54  kern-disableinterruptsource.o [1]
    .text                 ro code     0x4'044c     0xc4  kern-dispatch.o [1]
    .text                 ro code     0x4'0510     0x64  kern-dogetapplicationid.o [1]
    .text                 ro code     0x4'0574     0x54  kern-enableinterruptsource.o [1]
    .text                 ro code     0x4'05c8     0xa0  kern-getactiveapplicationmode.o [1]
    .text                 ro code     0x4'0668    0x154  kern-getalarm.o [1]
    .text                 ro code     0x4'07bc     0x64  kern-localgetalarm.o [1]
    .text                 ro code     0x4'0820     0x78  kern-getalarmdelta.o [1]
    .text                 ro code     0x4'0898    0x104  kern-getalarmbase.o [1]
    .text                 ro code     0x4'099c     0x98  kern-getapplicationid.o [1]
    .text                 ro code     0x4'0a34     0xd0  kern-getapplicationstate.o [1]
    .text                 ro code     0x4'0b04     0xe4  kern-getcountervalue.o [1]
    .text                 ro code     0x4'0be8     0x14  kern-getcount.o [1]
    .text                 ro code     0x4'0bfc    0x110  kern-getelapsedcountervalue.o [1]
    .text                 ro code     0x4'0d0c     0xe4  kern-getevent.o [1]
    .text                 ro code     0x4'0df0     0x18  kern-localgetevent.o [1]
    .text                 ro code     0x4'0e08     0x9c  kern-getisrid.o [1]
    .text                 ro code     0x4'0ea4     0xdc  kern-getresource.o [1]
    .text                 ro code     0x4'0f80     0x9c  kern-getresourcefromtask.o [1]
    .text                 ro code     0x4'101c     0x48  kern-getresourcefromisr.o [1]
    .text                 ro code     0x4'1064     0x30  kern-raisetaskpriority.o [1]
    .text                 ro code     0x4'1094     0xec  kern-getscheduletablestatus.o [1]
    .text                 ro code     0x4'1180    0x1b0  kern-getstackinfo.o [1]
    .text                 ro code     0x4'1330     0xb0  kern-gettaskid.o [1]
    .text                 ro code     0x4'13e0     0xec  kern-gettaskstate.o [1]
    .text                 ro code     0x4'14cc     0x68  kern-hwcounterupdate.o [1]
    .text                 ro code     0x4'1534    0x12c  kern-incrementcounter.o [1]
    .text                 ro code     0x4'1660     0x34  kern-initalarms.o [1]
    .text                 ro code     0x4'1694     0x38  kern-initapp.o [1]
    .text                 ro code     0x4'16cc     0xcc  kern-initappdata.o [1]
    .text                 ro code     0x4'1798     0x30  kern-initcounters.o [1]
    .text                 ro code     0x4'17c8     0x50  kern-initinterrupts.o [1]
    .text                 ro code     0x4'1818     0x2c  kern-initkernstack.o [1]
    .text                 ro code     0x4'1844     0x30  kern-initresources.o [1]
    .text                 ro code     0x4'1874     0x30  kern-initschedules.o [1]
    .text                 ro code     0x4'18a4     0x50  kern-inittasks.o [1]
    .text                 ro code     0x4'18f4     0x40  kern-inittaskstacks.o [1]
    .text                 ro code     0x4'1934     0x38  kern-inittimers.o [1]
    .text                 ro code     0x4'196c     0x54  kern-killschedule.o [1]
    .text                 ro code     0x4'19c0     0x50  kern-killtask.o [1]
    .text                 ro code     0x4'1a10     0x64  kern-localsetevent.o [1]
    .text                 ro code     0x4'1a74     0x5c  kern-localsetscheduletableasync.o [1]
    .text                 ro code     0x4'1ad0    0x14c  kern-localstartscheduletable.o [1]
    .text                 ro code     0x4'1c1c     0x64  kern-localstartscheduletablesynchron.o [1]
    .text                 ro code     0x4'1c80     0xc0  kern-localstopscheduletable.o [1]
    .text                 ro code     0x4'1d40    0x2b4  kern-localsyncscheduletable.o [1]
    .text                 ro code     0x4'1ff4     0x30  kern-lowercurrenttaskspriority.o [1]
    .text                 ro code     0x4'2024     0x1c  kern-missingterminatetask.o [1]
    .text                 ro code     0x4'2040    0x15c  kern-releaseresource.o [1]
    .text                 ro code     0x4'219c     0x94  kern-resetschedulealarm.o [1]
    .text                 ro code     0x4'2230    0x118  kern-resumeinterrupts.o [1]
    .text                 ro code     0x4'2348     0x7c  kern-returnfromcall.o [1]
    .text                 ro code     0x4'23c4    0x254  kern-runschedule.o [1]
    .text                 ro code     0x4'2618     0xcc  kern-setschedulealarm.o [1]
    .text                 ro code     0x4'26e4    0x110  kern-setevent.o [1]
    .text                 ro code     0x4'27f4     0x98  kern-schedule.o [1]
    .text                 ro code     0x4'288c    0x110  kern-setscheduletableasync.o [1]
    .text                 ro code     0x4'299c     0xe4  kern-shutdownos.o [1]
    .text                 ro code     0x4'2a80     0xc0  kern-startos.o [1]
    .text                 ro code     0x4'2b40    0x184  kern-startscheduletable.o [1]
    .text                 ro code     0x4'2cc4    0x110  kern-startscheduletablesynchron.o [1]
    .text                 ro code     0x4'2dd4     0x20  kern-starttimestamptimergeneric.o [1]
    .text                 ro code     0x4'2df4    0x104  kern-stopscheduletable.o [1]
    .text                 ro code     0x4'2ef8    0x144  kern-suspendinterrupts.o [1]
    .text                 ro code     0x4'303c    0x124  kern-syncscheduletable.o [1]
    .text                 ro code     0x4'3160     0x10  kern-taskreturn.o [1]
    .text                 ro code     0x4'3170    0x160  kern-terminateapplication.o [1]
    .text                 ro code     0x4'32d0     0x28  kern-localterminateapplication.o [1]
    .text                 ro code     0x4'32f8     0x64  kern-terminatetask.o [1]
    .text                 ro code     0x4'335c     0x1c  kern-unknowninterrupt.o [1]
    .text                 ro code     0x4'3378     0x10  kern-unknownsyscall.o [1]
    .text                 ro code     0x4'3388     0xc8  kern-waitevent.o [1]
    .text                 ro code     0x4'3450     0x48  kern-wrapincrementcounter.o [1]
    .text                 ro code     0x4'3498     0x20  kern-wraprunschedule.o [1]
    .text                 ro code     0x4'34b8     0x14  LPit_Common.o [1]
    .text                 ro code     0x4'34cc     0x10  main.o [1]
    .text                 ro code     0x4'34dc    0x134  NvM_RestoreBlockDefaults.o [1]
    .text                 ro code     0x4'3610      0xc  Os_gen.o [1]
    .text                 ro code     0x4'361c     0x30  PduR_GateIfRxIndicationNb.o [1]
    .text                 ro code     0x4'364c     0x4c  PduR_MultiIfRxIndication.o [1]
    .text                 ro code     0x4'3698     0x34  PduR_MultiIfTriggerTransmit.o [1]
    .text                 ro code     0x4'36cc    0x124  PduR_MultiTpCopyTxData.o [1]
    .text                 ro code     0x4'37f0    0x130  PduR_MultiTpTransmit.o [1]
    .text                 ro code     0x4'3920     0xbc  PduR_MultiTpTxConfirmation.o [1]
    .text                 ro code     0x4'39dc     0x50  PduR_MultiUpIfTransmit.o [1]
    .text                 ro code     0x4'3a2c     0x14  CORTEXM-initarch.o [1]
    .text                 ro code     0x4'3a40    0x3ba  Dcm_Cfg.o [1]
    .text                 ro code     0x4'3dfa      0x6  Dem_Callouts.o [1]
    .text                 ro code     0x4'3e00     0x14  kern-actitask.o [1]
    .text                 ro code     0x4'3e14      0x4  kern-killhook.o [1]
    .text                 ro code     0x4'3e18     0x1a  OsUser_InitTask.o [1]
    .mcal_text            ro code     0x4'3e34    0x234  Adc.o [1]
    .mcal_text            ro code     0x4'4068    0x488  Adc_Adc12bsarv2.o [1]
    .mcal_text            ro code     0x4'44f0    0x1bc  Adc_Pdb.o [1]
    .mcal_text            ro code     0x4'46ac     0xa0  Can.o [1]
    .mcal_text            ro code     0x4'474c   0x109c  Can_Flexcan.o [1]
    .mcal_text            ro code     0x4'57e8    0x154  Can_Irq.o [1]
    .mcal_text            ro code     0x4'593c     0x30  Dio_Gpio.o [1]
    .mcal_text            ro code     0x4'596c   0x12a8  Fee.o [1]
    .mcal_text            ro code     0x4'6c14    0x4ec  Fls.o [1]
    .mcal_text            ro code     0x4'7100    0x124  Fls_IPW.o [1]
    Veneer                ro code     0x4'7224      0x8  - Linker created -
    .mcal_text            ro code     0x4'722c    0xa30  Fls_Flash.o [1]
    .mcal_text            ro code     0x4'7c5c     0xb8  Mcu.o [1]
    .mcal_text            ro code     0x4'7d14    0x13a  Mcu_IPW.o [1]
    .mcal_text            ro code     0x4'7e50     0x8c  Mcu_SIM.o [1]
    .mcal_text            ro code     0x4'7edc     0xb4  Mcu_RCM.o [1]
    .mcal_text            ro code     0x4'7f90     0x2c  Mcu_PMC.o [1]
    .mcal_text            ro code     0x4'7fbc     0xb0  Mcu_SMC.o [1]
    .mcal_text            ro code     0x4'806c    0x190  Mcu_SCG.o [1]
    .mcal_text            ro code     0x4'81fc     0x40  Mcu_PCC.o [1]
    .mcal_text            ro code     0x4'823c     0x3c  Mcu_CortexM4.o [1]
    .mcal_text            ro code     0x4'8278     0x24  MyMcuArchClock.o [1]
    .mcal_text            ro code     0x4'829c     0x18  Port.o [1]
    .mcal_text            ro code     0x4'82b4    0x1d0  Port_Port_Ci.o [1]
    .mcal_text            ro code     0x4'8484     0x20  Pwm.o [1]
    .mcal_text            ro code     0x4'84a4     0x28  Pwm_Ipw.o [1]
    .mcal_text            ro code     0x4'84cc    0x324  Pwm_Ftm.o [1]
    .mcal_text            ro code     0x4'87f0    0x548  Spi.o [1]
    .mcal_text            ro code     0x4'8d38     0x94  Spi_IPW.o [1]
    .mcal_text            ro code     0x4'8dcc    0x734  Spi_LPspi.o [1]
    .mcal_text            ro code     0x4'9500      0x4  Dio.o [1]
    .os_text              ro code     0x4'9504     0x1c  CORTEXM-atomicadd.o [1]
    .os_text              ro code     0x4'9520     0x20  CORTEXM-atomicand.o [1]
    .os_text              ro code     0x4'9540     0x1a  CORTEXM-atomicclearflag.o [1]
    .os_text              ro code     0x4'955c     0x2c  CORTEXM-atomiccompareexchange.o [1]
    .os_text              ro code     0x4'9588     0x18  CORTEXM-atomicexchange.o [1]
    .os_text              ro code     0x4'95a0     0x20  CORTEXM-atomicor.o [1]
    .os_text              ro code     0x4'95c0     0x1e  CORTEXM-atomicsub.o [1]
    .os_text              ro code     0x4'95e0     0x26  CORTEXM-atomictestandsetflag.o [1]
    .os_text              ro code     0x4'9608      0x6  CORTEXM-atomicthreadfence.o [1]
    .os_text              ro code     0x4'9610     0x1e  CORTEXM-atomicxor.o [1]
    .os_text              ro code     0x4'9630     0x4c  CORTEXM-call.o [1]
    .os_text              ro code     0x4'967c     0x3c  CORTEXM-cat2exit.o [1]
    .os_text              ro code     0x4'96b8     0x24  CORTEXM-returnfrominterrupt.o [1]
    .os_text              ro code     0x4'96dc      0x0  CORTEXM-clz.o [1]
    .os_text              ro code     0x4'96dc     0x56  CORTEXM-contextload.o [1]
    .os_text              ro code     0x4'9734      0x4  CORTEXM-disableirq.o [1]
    .os_text              ro code     0x4'9738      0x0  CORTEXM-disableirqgetstate.o [1]
    .os_text              ro code     0x4'9738    0x220  CORTEXM-exceptionhandler.o [1]
    .os_text              ro code     0x4'9958      0x0  CORTEXM-getcurirqsource.o [1]
    .os_text              ro code     0x4'9958      0x0  CORTEXM-getirqprio.o [1]
    .os_text              ro code     0x4'9958      0x6  CORTEXM-helpers.o [1]
    .os_text              ro code     0x4'9960     0x7a  CORTEXM-idle.o [1]
    .os_text              ro code     0x4'99dc    0x308  CORTEXM-interruptvectors.o [1]
    .os_text              ro code     0x4'9ce4     0x56  CORTEXM-killcalledcontext.o [1]
    .os_text              ro code     0x4'9d3c      0x2  CORTEXM-savecontextanddispatch.o [1]
    .os_text              ro code     0x4'9d40      0x0  CORTEXM-setirqprio.o [1]
    .os_text              ro code     0x4'9d40      0x0  CORTEXM-setstate.o [1]
    .os_text              ro code     0x4'9d40     0x6a  CORTEXM-starttask.o [1]
    .os_text              ro code     0x4'9dac     0xba  CORTEXM-syscall.o [1]
    .os_text              ro code     0x4'9e68      0x8  CORTEXM-user-activatetask.o [1]
    .os_text              ro code     0x4'9e70      0x8  CORTEXM-user-allowaccess.o [1]
    .os_text              ro code     0x4'9e78      0x8  CORTEXM-user-calltrustedfunction.o [1]
    .os_text              ro code     0x4'9e80      0x8  CORTEXM-user-cancelalarm.o [1]
    .os_text              ro code     0x4'9e88      0x8  CORTEXM-user-chainscheduletable.o [1]
[...]
__aeabi_fdiv               0x3'3435          Code  Gb  FltDiv.o [2]
__aeabi_fmul               0x3'3341          Code  Gb  FltMul.o [2]
__aeabi_fsub               0x3'3531          Code  Gb  FltSub.o [2]
__aeabi_i2f                0x3'331d          Code  Gb  S32ToFlt.o [2]
__aeabi_memclr             0x2'8a31          Code  Gb  ABImemclr.o [3]
__aeabi_memclr4            0x3'878d          Code  Gb  ABImemclr4.o [3]
__aeabi_memcpy             0x2'2049          Code  Gb  ABImemcpy.o [3]
__aeabi_memcpy4            0x2'2069          Code  Gb  ABImemcpy.o [3]
__aeabi_memcpy8            0x2'2069          Code  Gb  ABImemcpy.o [3]
__aeabi_memset             0x2'89c9          Code  Gb  ABImemset.o [3]
__aeabi_memset4            0x3'2e51          Code  Gb  ABImemset48.o [3]
__aeabi_memset8            0x3'2e51          Code  Gb  ABImemset48.o [3]
__aeabi_ui2f               0x3'3419          Code  Gb  U32ToFlt.o [2]
__iar_Memset               0x2'89c9          Code  Gb  ABImemset.o [3]
__iar_Memset4_word         0x3'2e59          Code  Gb  ABImemset48.o [3]
__iar_Memset8_word         0x3'2e59          Code  Gb  ABImemset48.o [3]
__iar_Memset_word          0x2'89d1          Code  Gb  ABImemset.o [3]
__iar_fadd                 0x3'353d          Code  Gb  FltSub.o [2]
__iar_fsub                 0x3'35e1          Code  Gb  FltAdd.o [2]
__iar_fsubStart            0x3'35f1          Code  Gb  FltAdd.o [2]
acc_ComputeCRC             0x2'1245    0x6c  Code  Lc  ACC.o [1]
acc_ReadOrWriteRegister
                           0x2'11bb    0x4c  Code  Lc  ACC.o [1]
acc_u16DummyRegDataReceive
                        0x1fff'9ede     0x2  Data  Lc  ACC.o [1]
acc_u16ModeRegDataReceive
                        0x1fff'9ee6     0x2  Data  Lc  ACC.o [1]
acc_u16RegisterDataTransmit
                        0x1fff'9edc     0x2  Data  Lc  ACC.o [1]
acc_u16SensivityConfigRegDataReceive
                        0x1fff'9ee4     0x2  Data  Lc  ACC.o [1]
acc_u16TemperatureDataRegDataReceive
                        0x1fff'9ee8     0x2  Data  Lc  ACC.o [1]
acc_u16XAxisFilterRegDataReceive
                        0x1fff'9ee0     0x2  Data  Lc  ACC.o [1]
acc_u16YZAxisFilterRegDataReceive
                        0x1fff'9ee2     0x2  Data  Lc  ACC.o [1]
atm_PlayCyclicTests        0x2'7681    0x82  Code  Lc  ATM.o [1]
atm_PlayOneShotTests       0x2'75ab    0xd6  Code  Lc  ATM.o [1]
atm_SetDemEvent            0x2'74d5    0x5a  Code  Lc  ATM.o [1]
au8AtStatuses           0x1fff'80f8    0x14  Data  Lc  ATM.o [1]
au8ExpectedKey          0x1fff'9be0     0x8  Data  Lc  DIA_SecurityAccess.o [1]
au8FollowingCycle       0x1fff'ad00     0x4  Data  Gb  Sad.o [1]
au8LastStepidx          0x1fff'ad04     0x4  Data  Gb  Sad.o [1]
au8NumAttAlvSecLevel    0x1fff'ad3e     0x1  Data  Lc  DIA_SecurityAccess.o [1]
b8DiagRecallCheck       0x1fff'ad3f     0x1  Data  Lc  DIA_WriteDataByIdentifier.o [1]
b8EcsFlag_a             0x1fff'9f5c     0x1  Data  Gb  Fsm.o [1]
b8IsResetCauseChecked   0x1fff'ad4b     0x1  Data  Lc  RCM_autotests.o [1]
b8PrevIsStepFinished    0x1fff'9f72     0x1  Data  Lc  Sad.o [1]
bIsTimerElapsed         0x1fff'9f6e     0x1  Data  Lc  Sad.o [1]
boardResetStart            0x5'0631          Code  Gb  startup_iar.o [1]
bss_Can_IsrFCA_BO$$Limit
                                0x0          Data  Gb  - Linker created -
bss_Can_IsrFCA_ERR$$Limit
                                0x0          Data  Gb  - Linker created -
bss_Can_IsrFCA_MB_00_15$$Limit
                                0x0          Data  Gb  - Linker created -
bss_Can_IsrFCA_MB_16_31$$Limit
                                0x0          Data  Gb  - Linker created -
bss_LPIT_0_CH_1_ISR$$Limit
                                0x0          Data  Gb  - Linker created -
bss_OsApplication_0$$Limit
                                0x0          Data  Gb  - Linker created -
bss_OsTask_Alv_Autotests$$Limit
                                0x0          Data  Gb  - Linker created -
bss_OsTask_Alv_Com$$Limit
                                0x0          Data  Gb  - Linker created -
bss_OsTask_Alv_Wdg_Refresh$$Limit
                                0x0          Data  Gb  - Linker created -
bss_OsTask_Alv_eCS_App$$Limit
                                0x0          Data  Gb  - Linker created -
bss_OsTask_Bsw_Com$$Limit
                                0x0          Data  Gb  - Linker created -
bss_OsTask_Bsw_Events$$Limit
                                0x0          Data  Gb  - Linker created -
bss_OsTask_Bsw_Init$$Limit
                                0x0          Data  Gb  - Linker created -
bss_OsTask_Bsw_Mem$$Limit
                                0x0          Data  Gb  - Linker created -
bss_OsTask_Bsw_ReadWrite_AllProcess$$Limit
                                0x0          Data  Gb  - Linker created -
bss_OsTask_Bsw_Rte$$Limit
                                0x0          Data  Gb  - Linker created -
capfu32GetFromTable        0x4'd028    0x20  Data  Lc  Math.o [1]
castRunningCyclicList      0x4'a2ac    0x48  Data  Gb  ATM_cfg.o [1]
castStartupCyclicList      0x4'a27c    0x30  Data  Gb  ATM_cfg.o [1]
castStartupSequentialList
                           0x4'a254    0x28  Data  Gb  ATM_cfg.o [1]
cau8DioMapping             0x4'c870    0x10  Data  Gb  DioIf_cfg.o [1]
cau8PwmMapping             0x4'dbfc     0x8  Data  Lc  PwmIf.o [1]
cau8SWVersion              0x4'c864     0xc  Data  Lc  DIA_ReadDataByIdentifier.o [1]
cil_Update_07Cx_Block01_InfosToSend
                           0x2'7827    0x72  Code  Lc  CIL_ManageMFTransmission.o [1]
cil_Update_07Cx_Block02_InfosToSend
                           0x2'7899    0x3e  Code  Lc  CIL_ManageMFTransmission.o [1]
cil_Update_07Cx_Block03_InfosToSend
                           0x2'78d7    0x3e  Code  Lc  CIL_ManageMFTransmission.o [1]
cil_Update_07Cx_Block04_InfosToSend
                           0x2'7915    0x52  Code  Lc  CIL_ManageMFTransmission.o [1]
cil_Update_07Cx_Block05_InfosToSend
                           0x2'7967    0x82  Code  Lc  CIL_ManageMFTransmission.o [1]
cil_Update_07Cx_Block06_InfosToSend
                           0x2'79e9    0x4e  Code  Lc  CIL_ManageMFTransmission.o [1]
cil_Update_07Cx_Block07_InfosToSend
                           0x2'7a37    0x46  Code  Lc  CIL_ManageMFTransmission.o [1]
cil_Update_07Cx_Block08_InfosToSend
                           0x2'7a7d    0x48  Code  Lc  CIL_ManageMFTransmission.o [1]
cil_Update_07Cx_Block09_InfosToSend
                           0x2'7ac5    0x4a  Code  Lc  CIL_ManageMFTransmission.o [1]
cil_Update_07Cx_Block10_InfosToSend
                           0x2'7b0f    0x4a  Code  Lc  CIL_ManageMFTransmission.o [1]
cil_Update_07Cx_Block11_InfosToSend
                           0x2'7b59    0x46  Code  Lc  CIL_ManageMFTransmission.o [1]
cil_Update_07Cx_Block12_InfosToSend
                           0x2'7b9f    0x18  Code  Lc  CIL_ManageMFTransmission.o [1]
cil_Update_07Cx_Block13_InfosToSend
                           0x2'7bb7    0x18  Code  Lc  CIL_ManageMFTransmission.o [1]
cil_Update_07Cx_Block14_InfosToSend
                           0x2'7bcf    0x18  Code  Lc  CIL_ManageMFTransmission.o [1]
cil_Update_07Cx_Block15_InfosToSend
                           0x2'7be7    0x18  Code  Lc  CIL_ManageMFTransmission.o [1]
cil_Update_07Cx_Block16_InfosToSend
                           0x2'7bff    0x18  Code  Lc  CIL_ManageMFTransmission.o [1]
cil_Update_07Cx_Block17_InfosToSend
                           0x2'7c17    0x18  Code  Lc  CIL_ManageMFTransmission.o [1]
cil_Update_07Cx_Block18_InfosToSend
                           0x2'7c2f    0x18  Code  Lc  CIL_ManageMFTransmission.o [1]
cil_Update_07Cx_Block19_InfosToSend
                           0x2'7c47    0x18  Code  Lc  CIL_ManageMFTransmission.o [1]
cil_Update_07Cx_Block20_InfosToSend
                           0x2'7c5f    0x18  Code  Lc  CIL_ManageMFTransmission.o [1]
cil_Update_07Cx_Block21_InfosToSend
                           0x2'7c77    0x18  Code  Lc  CIL_ManageMFTransmission.o [1]
cil_Update_07Cx_Block22_InfosToSend
                           0x2'7c8f    0x18  Code  Lc  CIL_ManageMFTransmission.o [1]
cil_Update_07Cx_Block23_InfosToSend
                           0x2'7ca7    0x18  Code  Lc  CIL_ManageMFTransmission.o [1]
cil_Update_07Cx_IncorrectBlock_InfosToSend
                           0x2'7cbf     0xa  Code  Lc  CIL_ManageMFTransmission.o [1]
cil_Update_07Cx_InfosToSend
                           0x2'7cc9    0x5a  Code  Lc  CIL_ManageMFTransmission.o [1]
cil_kapfBlocksEncodFunc
                           0x4'a6c4    0x5c  Data  Lc  CIL_ManageMFTransmission.o [1]
cil_tMeasurementFrameContent
                        0x1fff'9350     0x8  Data  Lc  CIL_ManageMFTransmission.o [1]
cil_u32MeasureNextBlockToSendMask
                        0x1fff'ab64     0x4  Data  Lc  CIL_ManageMFTransmission.o [1]
cil_u8MFPeriodCounter   0x1fff'ad2c     0x1  Data  Lc  CIL_ManageMFTransmission.o [1]
cil_u8MeasureNextBlockToSend
                        0x1fff'ad2b     0x1  Data  Lc  CIL_ManageMFTransmission.o [1]
cosLUT                     0x4'cf24   0x104  Data  Gb  LUTCOS.o [1]
cst_IoHwAb_LookUpTable_RES_TO_TEMP
                           0x4'c964     0xc  Data  Gb  IoHwAb_AdcIf.o [1]
data_Can_IsrFCA_BO$$Base
                                0x0          Data  Gb  - Linker created -
data_Can_IsrFCA_BO_init$$Base
                                0x0          Data  Gb  - Linker created -
data_Can_IsrFCA_BO_init$$Limit
                                0x0          Data  Gb  - Linker created -
data_Can_IsrFCA_ERR$$Base
                                0x0          Data  Gb  - Linker created -
data_Can_IsrFCA_ERR_init$$Base
                                0x0          Data  Gb  - Linker created -
data_Can_IsrFCA_ERR_init$$Limit
                                0x0          Data  Gb  - Linker created -
data_Can_IsrFCA_MB_00_15$$Base
                                0x0          Data  Gb  - Linker created -
data_Can_IsrFCA_MB_00_15_init$$Base
                                0x0          Data  Gb  - Linker created -
data_Can_IsrFCA_MB_00_15_init$$Limit
                                0x0          Data  Gb  - Linker created -
data_Can_IsrFCA_MB_16_31$$Base
                                0x0          Data  Gb  - Linker created -
data_Can_IsrFCA_MB_16_31_init$$Base
                                0x0          Data  Gb  - Linker created -
data_Can_IsrFCA_MB_16_31_init$$Limit
                                0x0          Data  Gb  - Linker created -
data_LPIT_0_CH_1_ISR$$Base
                                0x0          Data  Gb  - Linker created -
data_LPIT_0_CH_1_ISR_init$$Base
                                0x0          Data  Gb  - Linker created -
data_LPIT_0_CH_1_ISR_init$$Limit
                                0x0          Data  Gb  - Linker created -
data_OsApplication_0$$Base
                                0x0          Data  Gb  - Linker created -
data_OsApplication_0_init$$Base
                                0x0          Data  Gb  - Linker created -
data_OsApplication_0_init$$Limit
                                0x0          Data  Gb  - Linker created -
data_OsTask_Alv_Autotests$$Base
                                0x0          Data  Gb  - Linker created -
data_OsTask_Alv_Autotests_init$$Base
                                0x0          Data  Gb  - Linker created -
data_OsTask_Alv_Autotests_init$$Limit
                                0x0          Data  Gb  - Linker created -
data_OsTask_Alv_Com$$Base
                                0x0          Data  Gb  - Linker created -
data_OsTask_Alv_Com_init$$Base
                                0x0          Data  Gb  - Linker created -
data_OsTask_Alv_Com_init$$Limit
                                0x0          Data  Gb  - Linker created -
data_OsTask_Alv_Wdg_Refresh$$Base
                                0x0          Data  Gb  - Linker created -
data_OsTask_Alv_Wdg_Refresh_init$$Base
                                0x0          Data  Gb  - Linker created -
data_OsTask_Alv_Wdg_Refresh_init$$Limit
                                0x0          Data  Gb  - Linker created -
data_OsTask_Alv_eCS_App$$Base
                                0x0          Data  Gb  - Linker created -
data_OsTask_Alv_eCS_App_init$$Base
                                0x0          Data  Gb  - Linker created -
data_OsTask_Alv_eCS_App_init$$Limit
                                0x0          Data  Gb  - Linker created -
data_OsTask_Bsw_Com$$Base
                                0x0          Data  Gb  - Linker created -
data_OsTask_Bsw_Com_init$$Base
                                0x0          Data  Gb  - Linker created -
data_OsTask_Bsw_Com_init$$Limit
                                0x0          Data  Gb  - Linker created -
data_OsTask_Bsw_Events$$Base
                                0x0          Data  Gb  - Linker created -
data_OsTask_Bsw_Events_init$$Base
                                0x0          Data  Gb  - Linker created -
data_OsTask_Bsw_Events_init$$Limit
                                0x0          Data  Gb  - Linker created -
data_OsTask_Bsw_Init$$Base
                                0x0          Data  Gb  - Linker created -
data_OsTask_Bsw_Init_init$$Base
                                0x0          Data  Gb  - Linker created -
data_OsTask_Bsw_Init_init$$Limit
                                0x0          Data  Gb  - Linker created -
data_OsTask_Bsw_Mem$$Base
                                0x0          Data  Gb  - Linker created -
data_OsTask_Bsw_Mem_init$$Base
                                0x0          Data  Gb  - Linker created -
data_OsTask_Bsw_Mem_init$$Limit
                                0x0          Data  Gb  - Linker created -
data_OsTask_Bsw_ReadWrite_AllProcess$$Base
                                0x0          Data  Gb  - Linker created -
data_OsTask_Bsw_ReadWrite_AllProcess_init$$Base
                                0x0          Data  Gb  - Linker created -
data_OsTask_Bsw_ReadWrite_AllProcess_init$$Limit
                                0x0          Data  Gb  - Linker created -
data_OsTask_Bsw_Rte$$Base
                                0x0          Data  Gb  - Linker created -
data_OsTask_Bsw_Rte_init$$Base
                                0x0          Data  Gb  - Linker created -
data_OsTask_Bsw_Rte_init$$Limit
                                0x0          Data  Gb  - Linker created -
dia_u8CurrentSession    0x1fff'ad3b     0x1  Data  Gb  DIA.o [1]
dia_u8ManageNVPBlockWritingStatus
                        0x1fff'ad3a     0x1  Data  Gb  DIA.o [1]
dia_u8SessionChangeFlag
                        0x1fff'ad3c     0x1  Data  Gb  DIA.o [1]
eCS_LatchTrigger           0x2'6cbb    0x78  Code  Lc  eCS.o [1]
eCS_LatchTrigger::X_Sd6_b8OldeCSTrigger
                        0x1fff'9f00     0x2  Data  Lc  eCS.o [1]
eCS_LatchTrigger::X_Sd6_prev_HoldingCntr
                        0x1fff'9f02     0x2  Data  Lc  eCS.o [1]
eCS_LatchTrigger::X_Sd6_u16_z_UnlockThrs
                        0x1fff'9f04     0x2  Data  Lc  eCS.o [1]
eCS_runMainFunction        0x2'6841    0xe2  Code  Gb  eCS.o [1]
eChannelIdleState       0x1fff'a194     0x4  Data  Lc  Pwm_Ftm.o [1]
eStepValidity           0x1fff'9f70     0x1  Data  Lc  Sad.o [1]
executeAutoTest            0x2'7531    0x4e  Code  Lc  ATM.o [1]
iohwab_as16LocalSolenoidTemp
                        0x1fff'9c54     0x8  Data  Lc  IoHwAb_AdcIf.o [1]
iohwab_au16FilteredValue
                        0x1fff'9c4c     0x8  Data  Lc  IoHwAb_AdcIf.o [1]
iohwab_s16LocalAccTemp  0x1fff'ad10     0x2  Data  Lc  IoHwAb_AdcIf.o [1]
iohwab_s16LocalEcuTemp  0x1fff'ad16     0x2  Data  Lc  IoHwAb_AdcIf.o [1]
iohwab_s16LocalMcuTemp  0x1fff'ad12     0x2  Data  Lc  IoHwAb_AdcIf.o [1]
iohwab_s16LocalPtcTemp  0x1fff'ad14     0x2  Data  Lc  IoHwAb_AdcIf.o [1]
isAutoTestEnabled          0x2'757f    0x2c  Code  Lc  ATM.o [1]
main                       0x4'34cd    0x10  Code  Gb  main.o [1]
mic_ECC_RAM_Correction     0x3'60a1    0x30  Code  Lc  MIC.o [1]
nvmif_u16BlockId        0x1fff'ad1a     0x2  Data  Lc  NvmIf_autotests.o [1]
rcm_runCountWarmReset      0x2'8a7d    0x34  Code  Lc  Rcm.o [1]
rcm_u32ResetCause       0x1fff'acfc     0x4  Data  Lc  Rcm.o [1]
s32RawIncrementValue    0x1fff'9f1e     0x2  Data  Lc  Sad.o [1]
sbc_ClearStateAndReport
                           0x2'660b   0x134  Code  Lc  SBC.o [1]
sbc_DetermineSBCErrors     0x2'658d    0x7e  Code  Lc  SBC.o [1]
sbc_stSPICommand        0x1fff'9f36     0x2  Data  Lc  SBC.o [1]
sbc_stSPILocalResponse  0x1fff'9f34     0x2  Data  Lc  SBC.o [1]
sbc_stSPIResponse       0x1fff'9f32     0x2  Data  Lc  SBC.o [1]
sbc_u8CounterBaseRefreshWD
                        0x1fff'9f76     0x1  Data  Lc  SBC.o [1]
sbc_u8StatusInformationSBC
                        0x1fff'9f75     0x1  Data  Lc  SBC.o [1]
spiif_waitSpiIdleStatus
                           0x2'131d    0x1c  Code  Lc  SpiIf.o [1]
stAbsoluteSystemTimeStruct
                        0x1fff'8000     0x8  Data  Lc  STM.o [1]
stAccelMtrPerSecSqd_a   0x1fff'9be8     0x8  Data  Lc  eCS.o [1]
stAutotestResults       0x1fff'9ed4     0x8  Data  Lc  Sad_autotests.o [1]
stNoInitShareVar        0x2000'3f00     0xc  Data  Gb  DIA.o [1]
stStep                  0x1fff'9e70     0x8  Data  Lc  Sad.o [1]
u16BuckDutyCycle        0x1fff'9f06     0x2  Data  Gb  Fsm.o [1]
u16Ctr                  0x1fff'9efc     0x2  Data  Lc  eCS.o [1]
u16CurrentDecade        0x1fff'ad0e     0x2  Data  Lc  ATM.o [1]
u16PrevTime             0x1fff'9f22     0x2  Data  Lc  Sad.o [1]
u16StartupPeriodCnt     0x1fff'ad0c     0x2  Data  Lc  ATM.o [1]
u16StepByte0            0x1fff'9f12     0x2  Data  Gb  Sad.o [1]
u16StepBytePosition     0x1fff'9f14     0x2  Data  Gb  Sad.o [1]
u16_IoHwAb_SolResLookupTab
                           0x4'c954    0x10  Data  Gb  IoHwAb_AdcIf.o [1]
u16_IoHwAb_SolTempLookupTab
                           0x4'c944    0x10  Data  Gb  IoHwAb_AdcIf.o [1]
u32GetFromU16BITable       0x3'36e9     0x6  Code  Lc  Math.o [1]
u32GetFromU16LITable       0x3'36ef     0xe  Code  Lc  Math.o [1]
u32GetFromU32BITable       0x3'36fd     0x6  Code  Lc  Math.o [1]
u32GetFromU32LITable       0x3'3703    0x1a  Code  Lc  Math.o [1]
u32GetFromU8Table          0x3'36e5     0x4  Code  Lc  Math.o [1]
u32InterpolateFromTable
                           0x3'374d   0x104  Code  Gb  Math.o [1]
u32STMRelativeSystemTime
                        0x1fff'ad08     0x4  Data  Lc  STM.o [1]
u32SaturateResult          0x3'371d    0x2e  Code  Lc  Math.o [1]
u32SavedMemoryAddress   0x1fff'941c     0x4  Data  Lc  Dcm_Callouts.o [1]
u32SavedMemorySize      0x1fff'9420     0x4  Data  Lc  Dcm_Callouts.o [1]
u32SecRegProtAddr       0x1fff'b11c     0x4  Data  Lc  Fls_Flash.o [1]
u8CurrentTask           0x1fff'ad1e     0x1  Data  Lc  ATM.o [1]
u8CyclicTestIndex       0x1fff'ad20     0x1  Data  Lc  ATM.o [1]
u8EcuCanDataOut_Frame_0
                        0x1fff'9340     0x8  Data  Gb  CIL_AppliToCAN.o [1]
u8EcuCanDataOut_Frame_1
                        0x1fff'9348     0x8  Data  Gb  CIL_AppliToCAN.o [1]
u8FunctionPendingFlag   0x1fff'9f51     0x1  Data  Lc  DIA_RoutineControl.o [1]
u8IsReadWriteAllEndNotificationSet
                        0x1fff'ad23     0x1  Data  Lc  BswM_Callouts.o [1]
u8IsReadWriteAllProcessFinished
                        0x1fff'ad22     0x1  Data  Lc  BswM_Callouts.o [1]
u8NVMDataBlockToIndex   0x1fff'ad3d     0x1  Data  Lc  DIA_RoutineControl.o [1]
u8PrevStepIdx           0x1fff'9f73     0x1  Data  Lc  Sad.o [1]
u8RequestedReset        0x1fff'ad21     0x1  Data  Lc  BswM_Callouts.o [1]
u8SecRegProtBitPos      0x1fff'b153     0x1  Data  Lc  Fls_Flash.o [1]
u8StartupTestIndex      0x1fff'ad1f     0x1  Data  Lc  ATM.o [1]
u8StepToExecute         0x1fff'ad4c     0x1  Data  Lc  Sad.o [1]


[1] = C:\Git\eCS_Platform_Git\Tools\Build_Env\Workspace\Outputs\app\Obj
[2] = m7M_tl.a
[3] = rt7M_tl.a

  168 752 bytes of readonly  code memory
      106 bytes of readwrite code memory
   26 162 bytes of readonly  data memory (+ 5   absolute)
   28 674 bytes of readwrite data memory (+ 232 absolute)

Errors: none
Warnings: 4
