###############################################################################
#
# IAR ELF Linker V8.32.3.193/W32 for ARM                  02/Sep/2022  13:40:49
# Copyright 2007-2019 IAR Systems AB.
#
#    Output file  =  ../../Outputs/fbl/Out/fbl.elf
#    Map file     =  ../../Outputs/fbl/Out/fbl.map
#    Command line =  
#        -f
#        c:/Git/eCS_Platform_Git/Tools/Build_Env/Workspace/Build/Makefile/tmp/ilinkCommandLine.xcl
#        (../../Outputs/fbl/Obj/APP_Prg.o
#        ../../Outputs/fbl/Obj/Arm_FaultHandlerThumb_isr.o
#        ../../Outputs/fbl/Obj/Asn1Dcp_devcert.o
#        ../../Outputs/fbl/Obj/Atomics.o
#        ../../Outputs/fbl/Obj/Atomics_TSPlatforms.o
#        ../../Outputs/fbl/Obj/BL_Nvm.o ../../Outputs/fbl/Obj/BlPduR_Cbk.o
#        ../../Outputs/fbl/Obj/BlPduR_Cfg.o ../../Outputs/fbl/Obj/BlPduR_Lin.o
#        ../../Outputs/fbl/Obj/BlPduR_Prg.o ../../Outputs/fbl/Obj/BM_Cbk.o
#        ../../Outputs/fbl/Obj/BM_Cfg.o ../../Outputs/fbl/Obj/BM_Prg.o
#        ../../Outputs/fbl/Obj/BM_SecureBoot.o
#        ../../Outputs/fbl/Obj/BM_Security.o ../../Outputs/fbl/Obj/board.o
#        ../../Outputs/fbl/Obj/board_irq.o
#        ../../Outputs/fbl/Obj/board_reset_vector.o
#        ../../Outputs/fbl/Obj/boardStartup.o
#        ../../Outputs/fbl/Obj/Cal_AsymPublicKeyExtract.o
#        ../../Outputs/fbl/Obj/Cal_AsymPublicKeyExtract_Cfg.o
#        ../../Outputs/fbl/Obj/Cal_Cfg.o ../../Outputs/fbl/Obj/Cal_Compress.o
#        ../../Outputs/fbl/Obj/Cal_Compress_Cfg.o
#        ../../Outputs/fbl/Obj/Cal_Decompress.o
#        ../../Outputs/fbl/Obj/Cal_Decompress_Cfg.o
#        ../../Outputs/fbl/Obj/Cal_Hash.o ../../Outputs/fbl/Obj/Cal_Hash_Cfg.o
#        ../../Outputs/fbl/Obj/Cal_KeyDerive.o
#        ../../Outputs/fbl/Obj/Cal_KeyDerive_Cfg.o
#        ../../Outputs/fbl/Obj/Cal_KeyExchange.o
#        ../../Outputs/fbl/Obj/Cal_KeyExchange_Cfg.o
#        ../../Outputs/fbl/Obj/Cal_MacGenerate.o
#        ../../Outputs/fbl/Obj/Cal_MacGenerate_Cfg.o
#        ../../Outputs/fbl/Obj/Cal_MacVerify.o
#        ../../Outputs/fbl/Obj/Cal_MacVerify_Cfg.o
#        ../../Outputs/fbl/Obj/Cal_Random.o
#        ../../Outputs/fbl/Obj/Cal_Random_Cfg.o
#        ../../Outputs/fbl/Obj/Cal_SignatureVerify.o
#        ../../Outputs/fbl/Obj/Cal_SignatureVerify_Cfg.o
#        ../../Outputs/fbl/Obj/Cal_SymBlockDecrypt.o
#        ../../Outputs/fbl/Obj/Cal_SymBlockDecrypt_Cfg.o
#        ../../Outputs/fbl/Obj/Cal_SymBlockEncrypt.o
#        ../../Outputs/fbl/Obj/Cal_SymBlockEncrypt_Cfg.o
#        ../../Outputs/fbl/Obj/Cal_SymDecrypt.o
#        ../../Outputs/fbl/Obj/Cal_SymDecrypt_Cfg.o
#        ../../Outputs/fbl/Obj/Cal_SymKeyExtract.o
#        ../../Outputs/fbl/Obj/Cal_SymKeyExtract_Cfg.o
#        ../../Outputs/fbl/Obj/Can.o ../../Outputs/fbl/Obj/Can_Cfg.o
#        ../../Outputs/fbl/Obj/Can_Flexcan.o ../../Outputs/fbl/Obj/Can_Irq.o
#        ../../Outputs/fbl/Obj/Can_PBcfg.o ../../Outputs/fbl/Obj/CanIf.o
#        ../../Outputs/fbl/Obj/CanIf_Cfg.o ../../Outputs/fbl/Obj/CanIf_Lcfg.o
#        ../../Outputs/fbl/Obj/CanIf_MultiMF.o
#        ../../Outputs/fbl/Obj/CanIf_PBCfg.o ../../Outputs/fbl/Obj/CanSM.o
#        ../../Outputs/fbl/Obj/CanSM_ALV.o ../../Outputs/fbl/Obj/CanSM_Cbk.o
#        ../../Outputs/fbl/Obj/CanSM_Cfg.o
#        ../../Outputs/fbl/Obj/CanSM_GetCurrentComMode.o
#        ../../Outputs/fbl/Obj/CanSM_GetVersionInfo.o
#        ../../Outputs/fbl/Obj/CanSM_Init.o
#        ../../Outputs/fbl/Obj/CanSM_MainFunction.o
#        ../../Outputs/fbl/Obj/CanSM_RequestComMode.o
#        ../../Outputs/fbl/Obj/CanSM_SetBaudrate.o
#        ../../Outputs/fbl/Obj/CanSM_StateMachine.o
#        ../../Outputs/fbl/Obj/CanTp.o
#        ../../Outputs/fbl/Obj/CanTp_CancelReceive.o
#        ../../Outputs/fbl/Obj/CanTp_CancelTransmit.o
#        ../../Outputs/fbl/Obj/CanTp_Cfg.o
#        ../../Outputs/fbl/Obj/CanTp_ChangeParameter.o
#        ../../Outputs/fbl/Obj/CanTp_EntryTable.o
#        ../../Outputs/fbl/Obj/CanTp_ExitTable.o
#        ../../Outputs/fbl/Obj/CanTp_GetNSa.o
#        ../../Outputs/fbl/Obj/CanTp_GetVersionInfo.o
#        ../../Outputs/fbl/Obj/CanTp_Gpt_Cbk.o
#        ../../Outputs/fbl/Obj/CanTp_Init.o ../../Outputs/fbl/Obj/CanTp_Lcfg.o
#        ../../Outputs/fbl/Obj/CanTp_MainFunction.o
#        ../../Outputs/fbl/Obj/CanTp_PBCfg.o
#        ../../Outputs/fbl/Obj/CanTp_PrepareFC.o
#        ../../Outputs/fbl/Obj/CanTp_PreparexF.o
#        ../../Outputs/fbl/Obj/CanTp_ReadParameter.o
#        ../../Outputs/fbl/Obj/CanTp_RxBufferDependentSend.o
#        ../../Outputs/fbl/Obj/CanTp_RxIndication.o
#        ../../Outputs/fbl/Obj/CanTp_SetNSa.o
#        ../../Outputs/fbl/Obj/CanTp_STminCallback.o
#        ../../Outputs/fbl/Obj/CanTp_StopChannel.o
#        ../../Outputs/fbl/Obj/CanTp_Transmit.o
#        ../../Outputs/fbl/Obj/CanTp_TransmitFrame.o
#        ../../Outputs/fbl/Obj/CanTp_TxBufferDependentSend.o
#        ../../Outputs/fbl/Obj/CanTp_TxConfirmation.o
#        ../../Outputs/fbl/Obj/CanTp_UnlockChannel.o
#        ../../Outputs/fbl/Obj/ComM.o ../../Outputs/fbl/Obj/ComStack_Helpers.o
#        ../../Outputs/fbl/Obj/Cpl_ARLEDecompress.o
#        ../../Outputs/fbl/Obj/Cpl_ARLEDecompress_Cfg.o
#        ../../Outputs/fbl/Obj/Cpl_Common.o
#        ../../Outputs/fbl/Obj/Cpl_LZMADecompress.o
#        ../../Outputs/fbl/Obj/Cpl_LZMADecompress_Cfg.o
#        ../../Outputs/fbl/Obj/Cpl_LZSSCompress.o
#        ../../Outputs/fbl/Obj/Cpl_LZSSCompress_Cfg.o
#        ../../Outputs/fbl/Obj/Cpl_LZSSDecompress.o
#        ../../Outputs/fbl/Obj/Cpl_LZSSDecompress_Cfg.o
#        ../../Outputs/fbl/Obj/Cpl_RLECompress.o
#        ../../Outputs/fbl/Obj/Cpl_RLECompress_Cfg.o
#        ../../Outputs/fbl/Obj/Cpl_RLEDecompress.o
#        ../../Outputs/fbl/Obj/Cpl_RLEDecompress_Cfg.o
#        ../../Outputs/fbl/Obj/Crc.o ../../Outputs/fbl/Obj/Cry_AES_Common.o
#        ../../Outputs/fbl/Obj/Cry_AES_Decrypt.o
#        ../../Outputs/fbl/Obj/Cry_AES_DecryptConfig.o
#        ../../Outputs/fbl/Obj/Cry_AES_Encrypt.o
#        ../../Outputs/fbl/Obj/Cry_AES_EncryptConfig.o
#        ../../Outputs/fbl/Obj/Cry_Base64.o
#        ../../Outputs/fbl/Obj/Cry_CbcPkcs7Decrypt.o
#        ../../Outputs/fbl/Obj/Cry_CbcPkcs7DecryptConfig.o
#        ../../Outputs/fbl/Obj/Cry_CbcPkcs7Encrypt.o
#        ../../Outputs/fbl/Obj/Cry_CbcPkcs7EncryptConfig.o
#        ../../Outputs/fbl/Obj/Cry_CCM_Common.o
#        ../../Outputs/fbl/Obj/Cry_CCMDecrypt.o
#        ../../Outputs/fbl/Obj/Cry_CcmDecryptConfig.o
#        ../../Outputs/fbl/Obj/Cry_CCMEncrypt.o
#        ../../Outputs/fbl/Obj/Cry_CcmEncryptConfig.o
#        ../../Outputs/fbl/Obj/Cry_CMAC.o ../../Outputs/fbl/Obj/Cry_CMACGen.o
#        ../../Outputs/fbl/Obj/Cry_CMACGenConfig.o
#        ../../Outputs/fbl/Obj/Cry_CMACVrfy.o
#        ../../Outputs/fbl/Obj/Cry_CMACVrfyConfig.o
#        ../../Outputs/fbl/Obj/Cry_Common.o ../../Outputs/fbl/Obj/Cry_CRC.o
#        ../../Outputs/fbl/Obj/Cry_CRC_Config.o
#        ../../Outputs/fbl/Obj/Cry_CVCPublicKeyExtract.o
#        ../../Outputs/fbl/Obj/Cry_CVCPublicKeyExtractConfig.o
#        ../../Outputs/fbl/Obj/Cry_Der.o ../../Outputs/fbl/Obj/Cry_DerCVC.o
#        ../../Outputs/fbl/Obj/Cry_EdDSA.o ../../Outputs/fbl/Obj/Cry_EdDSAGen.o
#        ../../Outputs/fbl/Obj/Cry_EdDSAGenConfig.o
#        ../../Outputs/fbl/Obj/Cry_EdDSAVrfy.o
#        ../../Outputs/fbl/Obj/Cry_EdDSAVrfyConfig.o
#        ../../Outputs/fbl/Obj/Cry_ExtractECPubKey.o
#        ../../Outputs/fbl/Obj/Cry_ExtractECPubKeyConfig.o
#        ../../Outputs/fbl/Obj/Cry_ExtractRsaPublicKey.o
#        ../../Outputs/fbl/Obj/Cry_ExtractRsaPublicKeyConfig.o
#        ../../Outputs/fbl/Obj/Cry_HMACGen.o
#        ../../Outputs/fbl/Obj/Cry_HMACGenConfig.o
#        ../../Outputs/fbl/Obj/Cry_HMACVrfy.o
#        ../../Outputs/fbl/Obj/Cry_HMACVrfyConfig.o
#        ../../Outputs/fbl/Obj/Cry_KEY_SYM_Extract.o
#        ../../Outputs/fbl/Obj/Cry_KEY_SYM_ExtractConfig.o
#        ../../Outputs/fbl/Obj/Cry_LN.o ../../Outputs/fbl/Obj/Cry_MD5.o
#        ../../Outputs/fbl/Obj/Cry_MD5Config.o
#        ../../Outputs/fbl/Obj/Cry_RsaSsaPssVerify.o
#        ../../Outputs/fbl/Obj/Cry_RsaSsaPssVerifyConfig.o
#        ../../Outputs/fbl/Obj/Cry_RsaSsaV15Gen.o
#        ../../Outputs/fbl/Obj/Cry_RsaSsaV15GenConfig.o
#        ../../Outputs/fbl/Obj/Cry_RsaSsaV15Verify.o
#        ../../Outputs/fbl/Obj/Cry_RsaSsaV15VerifyConfig.o
#        ../../Outputs/fbl/Obj/Cry_SHA_Common.o
#        ../../Outputs/fbl/Obj/Cry_SHA1.o
#        ../../Outputs/fbl/Obj/Cry_SHA1Config.o
#        ../../Outputs/fbl/Obj/Cry_SHA2.o
#        ../../Outputs/fbl/Obj/Cry_SHA2Config.o
#        ../../Outputs/fbl/Obj/Cry_SHA3.o ../../Outputs/fbl/Obj/Cry_SHA3_Impl.o
#        ../../Outputs/fbl/Obj/Cry_SHA3Config.o
#        ../../Outputs/fbl/Obj/Cry_SSGGenerate.o
#        ../../Outputs/fbl/Obj/Cry_SSGGenerateConfig.o
#        ../../Outputs/fbl/Obj/Cry_SSGSeed.o
#        ../../Outputs/fbl/Obj/Cry_SSGSeedConfig.o
#        ../../Outputs/fbl/Obj/Cry_SSGStateConfig.o ../../Outputs/fbl/Obj/Csm.o
#        ../../Outputs/fbl/Obj/Csm_AsymPrivateKeyWrapAsym.o
#        ../../Outputs/fbl/Obj/Csm_AsymPrivateKeyWrapAsymCfg.o
#        ../../Outputs/fbl/Obj/Csm_AsymPrivateKeyWrapSym.o
#        ../../Outputs/fbl/Obj/Csm_AsymPrivateKeyWrapSymCfg.o
#        ../../Outputs/fbl/Obj/Csm_AsymPublicKeyExtract.o
#        ../../Outputs/fbl/Obj/Csm_AsymPublicKeyExtractCfg.o
#        ../../Outputs/fbl/Obj/Csm_Checksum.o
#        ../../Outputs/fbl/Obj/Csm_ChecksumCfg.o
#        ../../Outputs/fbl/Obj/Csm_Hash.o ../../Outputs/fbl/Obj/Csm_HashCfg.o
#        ../../Outputs/fbl/Obj/Csm_MacGenerate.o
#        ../../Outputs/fbl/Obj/Csm_MacGenerateCfg.o
#        ../../Outputs/fbl/Obj/Csm_MacVerify.o
#        ../../Outputs/fbl/Obj/Csm_MacVerifyCfg.o
#        ../../Outputs/fbl/Obj/Csm_RandomGenerate.o
#        ../../Outputs/fbl/Obj/Csm_RandomGenerateCfg.o
#        ../../Outputs/fbl/Obj/Csm_RandomSeed.o
#        ../../Outputs/fbl/Obj/Csm_RandomSeedCfg.o
#        ../../Outputs/fbl/Obj/Csm_SignatureGenerate.o
#        ../../Outputs/fbl/Obj/Csm_SignatureGenerateCfg.o
#        ../../Outputs/fbl/Obj/Csm_SignatureVerify.o
#        ../../Outputs/fbl/Obj/Csm_SignatureVerifyCfg.o
#        ../../Outputs/fbl/Obj/Csm_SymBlockDecrypt.o
#        ../../Outputs/fbl/Obj/Csm_SymBlockDecryptCfg.o
#        ../../Outputs/fbl/Obj/Csm_SymBlockEncrypt.o
#        ../../Outputs/fbl/Obj/Csm_SymBlockEncryptCfg.o
#        ../../Outputs/fbl/Obj/Csm_SymDecrypt.o
#        ../../Outputs/fbl/Obj/Csm_SymDecryptCfg.o
#        ../../Outputs/fbl/Obj/Csm_SymEncrypt.o
#        ../../Outputs/fbl/Obj/Csm_SymEncryptCfg.o
#        ../../Outputs/fbl/Obj/Csm_SymKeyExtract.o
#        ../../Outputs/fbl/Obj/Csm_SymKeyExtractCfg.o
#        ../../Outputs/fbl/Obj/Csm_SymKeyWrapAsym.o
#        ../../Outputs/fbl/Obj/Csm_SymKeyWrapAsymCfg.o
#        ../../Outputs/fbl/Obj/Csm_SymKeyWrapSym.o
#        ../../Outputs/fbl/Obj/Csm_SymKeyWrapSymCfg.o
#        ../../Outputs/fbl/Obj/Det.o ../../Outputs/fbl/Obj/Det_ASR32_Rte.o
#        ../../Outputs/fbl/Obj/Det_ASR40_Rte.o
#        ../../Outputs/fbl/Obj/Det_ASR43_Rte.o
#        ../../Outputs/fbl/Obj/Det_Int_Cfg.o ../../Outputs/fbl/Obj/Det_Rte.o
#        ../../Outputs/fbl/Obj/EcuC.o ../../Outputs/fbl/Obj/EcuC_Cfg.o
#        ../../Outputs/fbl/Obj/EcuC_MetaData.o
#        ../../Outputs/fbl/Obj/exceptiontable.o ../../Outputs/fbl/Obj/Fee.o
#        ../../Outputs/fbl/Obj/Fee_Cfg.o ../../Outputs/fbl/Obj/FLASH_Cfg.o
#        ../../Outputs/fbl/Obj/FLASH_LLD.o ../../Outputs/fbl/Obj/FLASH_Prg.o
#        ../../Outputs/fbl/Obj/Fls.o ../../Outputs/fbl/Obj/Fls_Ac.o
#        ../../Outputs/fbl/Obj/Fls_Cfg.o ../../Outputs/fbl/Obj/Fls_Flash.o
#        ../../Outputs/fbl/Obj/Fls_Flash_Const.o
#        ../../Outputs/fbl/Obj/Fls_IPW.o ../../Outputs/fbl/Obj/Fls_PBcfg.o
#        ../../Outputs/fbl/Obj/Fls_Qspi.o ../../Outputs/fbl/Obj/Fls_Qspi_Irq.o
#        ../../Outputs/fbl/Obj/FLS_S32K14X.o
#        ../../Outputs/fbl/Obj/interruptvectors.o ../../Outputs/fbl/Obj/main.o
#        ../../Outputs/fbl/Obj/Mcu.o ../../Outputs/fbl/Obj/Mcu_Cfg.o
#        ../../Outputs/fbl/Obj/Mcu_CMU.o ../../Outputs/fbl/Obj/Mcu_CMU_Irq.o
#        ../../Outputs/fbl/Obj/Mcu_CortexM4.o ../../Outputs/fbl/Obj/Mcu_IPW.o
#        ../../Outputs/fbl/Obj/Mcu_IPW_Irq.o ../../Outputs/fbl/Obj/Mcu_PBcfg.o
#        ../../Outputs/fbl/Obj/Mcu_PCC.o ../../Outputs/fbl/Obj/Mcu_PMC.o
#        ../../Outputs/fbl/Obj/Mcu_PMC_Irq.o ../../Outputs/fbl/Obj/Mcu_RCM.o
#        ../../Outputs/fbl/Obj/Mcu_RCM_Irq.o ../../Outputs/fbl/Obj/Mcu_SCG.o
#        ../../Outputs/fbl/Obj/Mcu_SIM.o ../../Outputs/fbl/Obj/Mcu_SMC.o
#        ../../Outputs/fbl/Obj/MemIf.o ../../Outputs/fbl/Obj/NvM.o
#        ../../Outputs/fbl/Obj/NvM_ASR32_Rte.o
#        ../../Outputs/fbl/Obj/NvM_ASR40_Rte.o
#        ../../Outputs/fbl/Obj/NvM_ASR42_Rte.o
#        ../../Outputs/fbl/Obj/NvM_BlockCheck.o
#        ../../Outputs/fbl/Obj/NvM_CalcCrc.o ../../Outputs/fbl/Obj/NvM_Cfg.o
#        ../../Outputs/fbl/Obj/NvM_DataIntern.o
#        ../../Outputs/fbl/Obj/NvM_FirstInitAll.o
#        ../../Outputs/fbl/Obj/NvM_Queue.o ../../Outputs/fbl/Obj/NvM_ReadAll.o
#        ../../Outputs/fbl/Obj/NvM_ReadBlock.o
#        ../../Outputs/fbl/Obj/NvM_RestoreBlockDefaults.o
#        ../../Outputs/fbl/Obj/NvM_Rte.o
#        ../../Outputs/fbl/Obj/NvM_StateMachine.o
#        ../../Outputs/fbl/Obj/NvM_ValidateAll.o
#        ../../Outputs/fbl/Obj/NvM_Wrapper.o
#        ../../Outputs/fbl/Obj/NvM_WriteAll.o
#        ../../Outputs/fbl/Obj/NvM_WriteBlock.o ../../Outputs/fbl/Obj/PduR.o
#        ../../Outputs/fbl/Obj/PduR_AdjLayerApi.o
#        ../../Outputs/fbl/Obj/PduR_DisableRouting.o
#        ../../Outputs/fbl/Obj/PduR_EnableRouting.o
#        ../../Outputs/fbl/Obj/PduR_GateIfRxIndicationDf.o
#        ../../Outputs/fbl/Obj/PduR_GateIfRxIndicationDfDynPyld.o
#        ../../Outputs/fbl/Obj/PduR_GateIfRxIndicationDfMCoreDynPyld.o
#        ../../Outputs/fbl/Obj/PduR_GateIfRxIndicationMcUpSbDynPyld.o
#        ../../Outputs/fbl/Obj/PduR_GateIfRxIndicationNb.o
#        ../../Outputs/fbl/Obj/PduR_GateIfRxIndicationSb.o
#        ../../Outputs/fbl/Obj/PduR_GateIfRxIndicationSbDynPyld.o
#        ../../Outputs/fbl/Obj/PduR_GateIfRxIndicationSbMCoreDynPyld.o
#        ../../Outputs/fbl/Obj/PduR_GateIfRxIndicationTf.o
#        ../../Outputs/fbl/Obj/PduR_GateIfRxIndicationTfDynPyld.o
#        ../../Outputs/fbl/Obj/PduR_GateIfTriggerTransmitSb.o
#        ../../Outputs/fbl/Obj/PduR_GateIfTriggerTransmitSbDynPyld.o
#        ../../Outputs/fbl/Obj/PduR_GateIfTriggerTransmitTf.o
#        ../../Outputs/fbl/Obj/PduR_GateIfTriggerTransmitTfDynPyld.o
#        ../../Outputs/fbl/Obj/PduR_GateIfTxConfirmationDf.o
#        ../../Outputs/fbl/Obj/PduR_GateIfTxConfirmationDfDynPyld.o
#        ../../Outputs/fbl/Obj/PduR_GateIfTxConfirmationDfMCoreDynPyld.o
#        ../../Outputs/fbl/Obj/PduR_GateIfTxConfirmationTf.o
#        ../../Outputs/fbl/Obj/PduR_GateIfTxConfirmationTfDynPyld.o
#        ../../Outputs/fbl/Obj/PduR_GateTp.o
#        ../../Outputs/fbl/Obj/PduR_GateTpCopyRxData.o
#        ../../Outputs/fbl/Obj/PduR_GateTpCopyTxData.o
#        ../../Outputs/fbl/Obj/PduR_GateTpRxIndication.o
#        ../../Outputs/fbl/Obj/PduR_GateTpStartOfReception.o
#        ../../Outputs/fbl/Obj/PduR_GateTpTxConfirmation.o
#        ../../Outputs/fbl/Obj/PduR_GateTpUpReception.o
#        ../../Outputs/fbl/Obj/PduR_GenericIfRxIndication.o
#        ../../Outputs/fbl/Obj/PduR_GenericIfTransmit.o
#        ../../Outputs/fbl/Obj/PduR_GenericIfTriggerTransmit.o
#        ../../Outputs/fbl/Obj/PduR_GenericIfTxConfirmation.o
#        ../../Outputs/fbl/Obj/PduR_GenericTpCancelReceive.o
#        ../../Outputs/fbl/Obj/PduR_GenericTpCancelTransmit.o
#        ../../Outputs/fbl/Obj/PduR_GenericTpChangeParameter.o
#        ../../Outputs/fbl/Obj/PduR_GenericTpCopyRxData.o
#        ../../Outputs/fbl/Obj/PduR_GenericTpCopyTxData.o
#        ../../Outputs/fbl/Obj/PduR_GenericTpRxIndication.o
#        ../../Outputs/fbl/Obj/PduR_GenericTpStartOfReception.o
#        ../../Outputs/fbl/Obj/PduR_GenericTpTransmit.o
#        ../../Outputs/fbl/Obj/PduR_GenericTpTxConfirmation.o
#        ../../Outputs/fbl/Obj/PduR_GetConfigurationId.o
#        ../../Outputs/fbl/Obj/PduR_GetVersionInfo.o
#        ../../Outputs/fbl/Obj/PduR_Init.o
#        ../../Outputs/fbl/Obj/PduR_IsValidConfig.o
#        ../../Outputs/fbl/Obj/PduR_Lcfg.o ../../Outputs/fbl/Obj/PduR_MultiIf.o
#        ../../Outputs/fbl/Obj/PduR_MultiIfRxIndication.o
#        ../../Outputs/fbl/Obj/PduR_MultiIfTriggerTransmit.o
#        ../../Outputs/fbl/Obj/PduR_MultiIfTxConfirmation.o
#        ../../Outputs/fbl/Obj/PduR_MultiTp.o
#        ../../Outputs/fbl/Obj/PduR_MultiTpCopyTxData.o
#        ../../Outputs/fbl/Obj/PduR_MultiTpTransmit.o
#        ../../Outputs/fbl/Obj/PduR_MultiTpTxConfirmation.o
#        ../../Outputs/fbl/Obj/PduR_MultiUpIfTransmit.o
#        ../../Outputs/fbl/Obj/PduR_MultiUpMCoreIfTransmit.o
#        ../../Outputs/fbl/Obj/PduR_Nto1GateTpCopyRxData.o
#        ../../Outputs/fbl/Obj/PduR_Nto1GateTpCopyTxData.o
#        ../../Outputs/fbl/Obj/PduR_Nto1GateTpRxIndication.o
#        ../../Outputs/fbl/Obj/PduR_Nto1GateTpStartOfReception.o
#        ../../Outputs/fbl/Obj/PduR_Nto1GateTpTxConfirmation.o
#        ../../Outputs/fbl/Obj/PduR_PBcfg.o
#        ../../Outputs/fbl/Obj/PduR_RPathGroups.o
#        ../../Outputs/fbl/Obj/PduR_WrapASR32.o ../../Outputs/fbl/Obj/Port.o
#        ../../Outputs/fbl/Obj/Port_Cfg.o ../../Outputs/fbl/Obj/Port_Ipw.o
#        ../../Outputs/fbl/Obj/Port_PBcfg.o
#        ../../Outputs/fbl/Obj/Port_Port_Ci.o ../../Outputs/fbl/Obj/PROG_Cbk.o
#        ../../Outputs/fbl/Obj/PROG_Cfg.o ../../Outputs/fbl/Obj/PROG_Cry.o
#        ../../Outputs/fbl/Obj/PROG_Cust_AppliCheck.o
#        ../../Outputs/fbl/Obj/PROG_Cust_Crc.o
#        ../../Outputs/fbl/Obj/PROG_Cust_Init.o
#        ../../Outputs/fbl/Obj/PROG_Cust_SBL.o
#        ../../Outputs/fbl/Obj/PROG_Decomp.o
#        ../../Outputs/fbl/Obj/PROG_DowngradeProtection.o
#        ../../Outputs/fbl/Obj/PROG_Driver.o
#        ../../Outputs/fbl/Obj/PROG_Encrypt.o
#        ../../Outputs/fbl/Obj/PROG_Erase.o ../../Outputs/fbl/Obj/PROG_Hsm.o
#        ../../Outputs/fbl/Obj/PROG_HsmPROGData.o
#        ../../Outputs/fbl/Obj/PROG_HsmPROGFnct.o
#        ../../Outputs/fbl/Obj/PROG_Impl_0.o
#        ../../Outputs/fbl/Obj/PROG_Impl_10.o
#        ../../Outputs/fbl/Obj/PROG_Impl_20.o
#        ../../Outputs/fbl/Obj/PROG_Impl_30.o
#        ../../Outputs/fbl/Obj/PROG_Impl_80.o
#        ../../Outputs/fbl/Obj/PROG_Impl_90.o ../../Outputs/fbl/Obj/PROG_Mem.o
#        ../../Outputs/fbl/Obj/PROG_Prg.o
#        ../../Outputs/fbl/Obj/PROG_Responses.o
#        ../../Outputs/fbl/Obj/PROG_ResumeReprog.o
#        ../../Outputs/fbl/Obj/PROG_Security.o
#        ../../Outputs/fbl/Obj/SA_AuthMethod0001.o
#        ../../Outputs/fbl/Obj/SA_Cbk.o ../../Outputs/fbl/Obj/SA_Cfg.o
#        ../../Outputs/fbl/Obj/SA_Decomp.o ../../Outputs/fbl/Obj/SA_Prg.o
#        ../../Outputs/fbl/Obj/SchM.o ../../Outputs/fbl/Obj/Spi.o
#        ../../Outputs/fbl/Obj/Spi_Cfg.o ../../Outputs/fbl/Obj/Spi_FlexIO.o
#        ../../Outputs/fbl/Obj/Spi_FlexIO_Irq.o ../../Outputs/fbl/Obj/Spi_IPW.o
#        ../../Outputs/fbl/Obj/Spi_LPspi.o
#        ../../Outputs/fbl/Obj/Spi_LPspi_Irq.o
#        ../../Outputs/fbl/Obj/Spi_PBcfg.o ../../Outputs/fbl/Obj/SpiIf.o
#        ../../Outputs/fbl/Obj/SpiIf_cfg.o ../../Outputs/fbl/Obj/TSMem.o
#        ../../Outputs/fbl/Obj/TSPBConfig.o ../../Outputs/fbl/Obj/UDS_Cbk.o
#        ../../Outputs/fbl/Obj/UDS_Cfg.o ../../Outputs/fbl/Obj/UDS_Prg.o
#        ../../Outputs/fbl/Obj/Watchdog.o --no_wrap_diagnostics --semihosting
#        --entry boardResetStart --config Bootloader/BootLoader_Linker.ldscript
#        --map ../../Outputs/fbl/Out/fbl.map -o ../../Outputs/fbl/Out/fbl.elf)
#
###############################################################################

*******************************************************************************
*** RUNTIME MODEL ATTRIBUTES
***

__SystemLibrary = DLib
__dlib_version  = 6


*******************************************************************************
*** HEAP SELECTION
***

The basic heap was selected because no calls to memory allocation
functions were found in the application outside of system library
functions, and there are calls to deallocation functions in the
application.


*******************************************************************************
*** PLACEMENT SUMMARY
***

define block reset_vector
   with fixed order, alignment = 256 {
      object board_reset_vector.o section .rodata,
      object board_reset_vector.o section .rodata*, section .startup,
      section .startup.* };
"A0":  place at start of [from 0x1000 to 0x10ff] { block reset_vector };
define block ExceptionTable
   with fixed order, alignment = 256 {
      section .ExceptionTable, section .ExceptionTable.*,
      section .InterruptTable, section .InterruptTable.* };
"P1":  place in [from 0x1800 to 0x1bff] { block ExceptionTable };
define block text
   with fixed order, alignment = 32 {
      section .os_text, section .os_text.*, section .text, section .text.*,
      section i.*, section i.*.* };
"P2":  place in [from 0x2300 to 0x1'ffff] { block text };
define block rodata
   with fixed order, alignment = 32 {
      section .const*, section .const*.*, section .constdata,
      section .constdata.*, section .rodata, section .rodata.* };
"P4":  place in [from 0x2300 to 0x1'ffff] { block rodata };
define block DATA_init
   with fixed order, alignment = 32 {
      section .data_init, section .data.*_init };
"P5":  place in [from 0x2300 to 0x1'ffff] { block DATA_init };
define block Flash_Rom
   with fixed order, alignment = 32 {
      section .fls_driver, section .fls_driver.* };
"P3":  place in [from 0x1c00 to 0x1dff] { block Flash_Rom };
define block noinit
   with fixed order, alignment = 32 {
      section .prog_sig, section .prog_sig.*, section .ram_no_init,
      section .ram_no_init.* };
"P6":  place in [from 0x2000'3f00 to 0x2000'3fff] { block noinit };
define block BSS
   with fixed order, alignment = 32 {
      section *.stack*, section *.stack.*, section .bss, section .bss.*,
      section .bss.*.*, section .os_idlestack, section .os_idlestack.*,
      section COMMON, section COMMON.* };
define block DATA
   with fixed order, alignment = 32 { section .data, section .data.* }
      except { section *_init };
define block group_DATABSS with fixed order { block BSS, block DATA };
"P7":  place in [from 0x1fff'9200 to 0x2000'3eff] { block group_DATABSS };
do not initialize {
   section .bss*, section .stack*, section .prog_sig*, section .ram_no_init* };
initialize manually with packing = copy, complex ranges {
   section .data, section .data.* };
keep {
   object board_reset_vector.o section .rodata,
   object board_reset_vector.o section .rodata* };

No sections matched the following patterns:

  section *.stack.*          in block BSS
  section .ExceptionTable.*  in block ExceptionTable
  section .InterruptTable.*  in block ExceptionTable
  section .bss.*             in block BSS
  section .bss.*.*           in block BSS
  section .const*            in block rodata
  section .const*.*          in block rodata
  section .constdata         in block rodata
  section .constdata.*       in block rodata
  section .data.*            in block DATA
  section .data.*_init       in block DATA_init
  section .fls_driver.*      in block Flash_Rom
  section .os_idlestack      in block BSS
  section .os_idlestack.*    in block BSS
  section .os_text           in block text
  section .os_text.*         in block text
  section .prog_sig.*        in block noinit
  section .ram_no_init       in block noinit
  section .ram_no_init.*     in block noinit
  section .rodata.*          in block rodata
  section .startup.*         in block reset_vector
  section .text.*            in block text
  section COMMON             in block BSS
  section COMMON.*           in block BSS
  section i.*                in block text
  section i.*.*              in block text


  Section              Kind         Address    Size  Object
  -------              ----         -------    ----  ------
"A0":                                          0xae
  reset_vector                       0x1000    0xae  <Block>
    .rodata            const         0x1000     0x8  board_reset_vector.o [1]
    .startup           ro code       0x1008    0xa6  boardStartup.o [1]
                                   - 0x10ae    0xae

"P1":                                         0x2c0
  ExceptionTable                     0x1800   0x2c0  <Block>
    .ExceptionTable    ro code       0x1800    0x40  exceptiontable.o [1]
    .InterruptTable    ro code       0x1840   0x280  interruptvectors.o [1]
                                   - 0x1ac0   0x2c0

"P3":                                         0x188
  Flash_Rom                          0x1c00   0x188  <Block>
    .fls_driver        ro code       0x1c00   0x188  FLS_S32K14X.o [1]
                                   - 0x1d88   0x188

"P2|P4-P5":                                  0xfe38
  text                               0x2300  0xd0e4  <Block>
    .text              ro code       0x2300    0x80  APP_Prg.o [1]
    .text              ro code       0x2380   0x274  board.o [1]
    .text              ro code       0x25f4     0x4  BM_Cbk.o [1]
    .text              ro code       0x25f8    0x70  main.o [1]
    .text              ro code       0x2668   0x306  SpiIf.o [1]
    .text              ro code       0x296e     0x2  BL_Nvm.o [1]
    .text              ro code       0x2970    0x90  Mcu.o [1]
    .text              ro code       0x2a00    0x18  Port.o [1]
    .text              ro code       0x2a18    0x44  BM_Prg.o [1]
    .text              ro code       0x2a5c   0x408  Spi.o [1]
    .text              ro code       0x2e64   0x6bc  BlPduR_Prg.o [1]
    .text              ro code       0x3520  0x1d3e  PROG_Prg.o [1]
    .text              ro code       0x525e    0x34  Csm.o [1]
    .text              ro code       0x5294    0xb6  Mcu_IPW.o [1]
    .text              ro code       0x534c   0x1d0  Port_Port_Ci.o [1]
    .text              ro code       0x551c   0x210  PROG_Cust_AppliCheck.o [1]
    .text              ro code       0x572c    0x84  SchM.o [1]
    .text              ro code       0x57b0    0xe0  Spi_IPW.o [1]
    .text              ro code       0x5890    0x6e  BlPduR_Cbk.o [1]
    .text              ro code       0x5900  0x102c  UDS_Prg.o [1]
    .text              ro code       0x692c   0x2c8  FLASH_Prg.o [1]
    .text              ro code       0x6bf4   0x114  SA_Prg.o [1]
    .text              ro code       0x6d08    0x48  PduR_AdjLayerApi.o [1]
    .text              ro code       0x6d50   0x108  CanTp_MainFunction.o [1]
    .text              ro code       0x6e58    0x4e  TSMem.o [1]
    .text              ro code       0x6ea8   0x4bc  PROG_Cbk.o [1]
    .text              ro code       0x7364    0x92  PROG_Mem.o [1]
    .text              ro code       0x73f8   0x1bc  PROG_Cry.o [1]
    .text              ro code       0x75b4   0x29c  PROG_Hsm.o [1]
    .text              ro code       0x7850    0x14  PROG_Responses.o [1]
    .text              ro code       0x7864   0x2ec  PROG_Decomp.o [1]
    .text              ro code       0x7b50   0x198  PROG_Encrypt.o [1]
    .text              ro code       0x7ce8    0x58  PROG_Cust_Crc.o [1]
    .text              ro code       0x7d40    0x18  ABImemcpy_small.o [2]
    .text              ro code       0x7d58    0xfc  Csm_Hash.o [1]
    .text              ro code       0x7e54   0x104  Csm_SignatureVerify.o [1]
    .text              ro code       0x7f58   0x100  Csm_SymBlockDecrypt.o [1]
    .text              ro code       0x8058   0x104  Csm_SymDecrypt.o [1]
    .text              ro code       0x815c    0x8c  Mcu_SIM.o [1]
    .text              ro code       0x81e8    0x20  Mcu_RCM.o [1]
    .text              ro code       0x8208    0x2c  Mcu_PMC.o [1]
    .text              ro code       0x8234    0x10  Mcu_SMC.o [1]
    .text              ro code       0x8244   0x158  Mcu_SCG.o [1]
    .text              ro code       0x839c    0x40  Mcu_PCC.o [1]
    .text              ro code       0x83dc     0x2  Watchdog.o [1]
    .text              ro code       0x83e0   0xc18  Spi_LPspi.o [1]
    .text              ro code       0x8ff8    0x90  CanSM_RequestComMode.o [1]
    .text              ro code       0x9088    0x14  PduR_Init.o [1]
    .text              ro code       0x909c    0x78  Can.o [1]
    .text              ro code       0x9114   0x44c  CanIf.o [1]
    .text              ro code       0x9560   0x128  CanTp_Init.o [1]
    .text              ro code       0x9688    0x24  CanSM_Init.o [1]
    .text              ro code       0x96ac     0x6  ABImemclr4.o [2]
    .text              ro code       0x96b4   0x230  UDS_Cbk.o [1]
    .text              ro code       0x98e4    0x74  FLASH_LLD.o [1]
    .text              ro code       0x9958    0x3a  ABImemset48.o [2]
    .text              ro code       0x9994    0x54  SA_Cbk.o [1]
    .text              ro code       0x99e8    0x44  PduR_GenericTpTransmit.o [1]
    .text              ro code       0x9a2c    0x48  PduR_GenericTpChangeParameter.o [1]
    .text              ro code       0x9a74    0x48  PduR_GenericTpStartOfReception.o [1]
    .text              ro code       0x9abc    0x48  PduR_GenericTpCopyRxData.o [1]
    .text              ro code       0x9b04    0x40  PduR_GenericTpCopyTxData.o [1]
    .text              ro code       0x9b44    0x44  PduR_GenericTpRxIndication.o [1]
    .text              ro code       0x9b88    0x44  PduR_GenericTpTxConfirmation.o [1]
    .text              ro code       0x9bcc    0x7a  CanTp_STminCallback.o [1]
    .text              ro code       0x9c48    0x78  CanTp_StopChannel.o [1]
    .text              ro code       0x9cc0   0x172  CanTp_RxBufferDependentSend.o [1]
    .text              ro code       0x9e34   0x13c  CanTp_TxBufferDependentSend.o [1]
    .text              ro code       0x9f70    0x78  CanTp_UnlockChannel.o [1]
    .text              ro code       0x9fe8    0x40  Cal_Decompress.o [1]
    .text              ro code       0xa028   0x52c  CanSM_StateMachine.o [1]
    .text              ro code       0xa554  0x13b8  Can_Flexcan.o [1]
    .text              ro code       0xb90c    0x1c  CanSM_Cbk.o [1]
    .text              ro code       0xb928    0xc4  FLS_S32K14X.o [1]
    .text              ro code       0xb9ec   0x154  CanTp_PrepareFC.o [1]
    .text              ro code       0xbb40   0x106  CanTp_PreparexF.o [1]
    .text              ro code       0xbc48    0x6c  CanTp_TransmitFrame.o [1]
    .text              ro code       0xbcb4   0x258  CanTp_TxConfirmation.o [1]
    .text              ro code       0xbf0c   0x780  CanTp_RxIndication.o [1]
    .text              ro code       0xc68c     0x2  ComM.o [1]
    .text              ro code       0xc68e     0x2  CanSM_ALV.o [1]
    .text              ro code       0xc690     0x6  ABImemclr.o [2]
    .text              ro code       0xc698    0x12  ABImemset_small.o [2]
    .text              ro code       0xc6ac    0x1c  Arm_FaultHandlerThumb_isr.o [1]
    .text              ro code       0xc6c8    0x56  board_irq.o [1]
    .text              ro code       0xc720   0x120  Can_Irq.o [1]
    .text              ro code       0xc840    0x5c  CanTp_ChangeParameter.o [1]
    .text              ro code       0xc89c    0xc8  CanTp_Transmit.o [1]
    .text              ro code       0xc964   0x1a8  Cry_AES_Common.o [1]
    .text              ro code       0xcb0c   0x46c  Cry_AES_Decrypt.o [1]
    .text              ro code       0xcf78    0x32  Cry_Common.o [1]
    .text              ro code       0xcfac   0x150  Cry_Base64.o [1]
    .text              ro code       0xd0fc   0x2ec  Cry_CbcPkcs7Decrypt.o [1]
    .text              ro code       0xd3e8   0x61c  Cry_LN.o [1]
    .text              ro code       0xda04   0x5da  Cry_RsaSsaPssVerify.o [1]
    .text              ro code       0xdfe0   0x2b0  Cry_SHA_Common.o [1]
    .text              ro code       0xe290   0xb34  Cry_SHA2.o [1]
    .text              ro code       0xedc4    0x82  PROG_Cust_Init.o [1]
    .text              ro code       0xee48   0x21e  PROG_HsmPROGFnct.o [1]
    .text              ro code       0xf066    0xa8  Cpl_Common.o [1]
    .text              ro code       0xf10e   0x2d6  Cpl_LZSSDecompress.o [1]
  rodata                             0xf400  0x2c51  <Block>
    .rodata            const         0xf400    0x10  BlPduR_Cfg.o [1]
    .rodata            const         0xf410    0x14  Cal_Decompress_Cfg.o [1]
    .rodata            const         0xf424     0x4  Can_Cfg.o [1]
    .rodata            const         0xf428    0x14  Can_Cfg.o [1]
    .rodata            const         0xf43c     0xc  Can_Cfg.o [1]
    .rodata            const         0xf448     0x8  Can_Flexcan.o [1]
    .rodata            const         0xf450     0x8  Can_Flexcan.o [1]
    .rodata            const         0xf458     0xc  Can_Flexcan.o [1]
    .rodata            const         0xf464    0x18  Can_Flexcan.o [1]
    .rodata            const         0xf47c     0x4  Can_PBcfg.o [1]
    .rodata            const         0xf480    0x54  Can_PBcfg.o [1]
    .rodata            const         0xf4d4    0x2c  Can_PBcfg.o [1]
    .rodata            const         0xf500    0x10  Can_PBcfg.o [1]
    .rodata            const         0xf510    0x14  Can_PBcfg.o [1]
    .rodata            const         0xf524     0x8  CanIf_Cfg.o [1]
    .rodata            const         0xf52c   0x150  CanIf_PBCfg.o [1]
    .rodata            const         0xf67c   0x1f4  CanTp_PBCfg.o [1]
    .rodata            const         0xf870     0x8  Cpl_LZSSDecompress_Cfg.o [1]
    .rodata            const         0xf878   0x100  Cry_AES_Common.o [1]
    .rodata            const         0xf978   0x100  Cry_AES_Common.o [1]
    .rodata            const         0xfa78   0x100  Cry_AES_Common.o [1]
    .rodata            const         0xfb78   0x100  Cry_AES_Common.o [1]
    .rodata            const         0xfc78   0x100  Cry_AES_Common.o [1]
    .rodata            const         0xfd78   0x100  Cry_Base64.o [1]
    .rodata            const         0xfe78     0x8  Cry_RsaSsaPssVerify.o [1]
    .rodata            const         0xfe80     0x8  Cry_RsaSsaPssVerifyConfig.o [1]
    .rodata            const         0xfe88   0x100  Cry_SHA2.o [1]
    .rodata            const         0xff88    0x10  Cry_SHA2Config.o [1]
    .rodata            const         0xff98    0x10  Cry_SHA2Config.o [1]
    .rodata            const         0xffa8    0x20  Csm_HashCfg.o [1]
    .rodata            const         0xffc8    0x1c  Csm_SignatureVerifyCfg.o [1]
    .rodata            const         0xffe4    0x1c  Csm_SymBlockDecryptCfg.o [1]
    .rodata            const       0x1'0000    0x1c  Csm_SymDecryptCfg.o [1]
    .rodata            const       0x1'001c     0xc  FLASH_Cfg.o [1]
    .rodata            const       0x1'0028    0x10  Mcu_PBcfg.o [1]
    .rodata            const       0x1'0038     0x8  Mcu_PBcfg.o [1]
    .rodata            const       0x1'0040     0xc  Mcu_PBcfg.o [1]
    .rodata            const       0x1'004c    0x18  Mcu_PBcfg.o [1]
    .rodata            const       0x1'0064    0x18  Mcu_PBcfg.o [1]
    .rodata            const       0x1'007c    0x18  Mcu_PBcfg.o [1]
    .rodata            const       0x1'0094    0x18  Mcu_PBcfg.o [1]
    .rodata            const       0x1'00ac    0x20  Mcu_PBcfg.o [1]
    .rodata            const       0x1'00cc   0x100  Mcu_PBcfg.o [1]
    .rodata            const       0x1'01cc     0x8  Mcu_PBcfg.o [1]
    .rodata            const       0x1'01d4    0x14  Mcu_PBcfg.o [1]
    .rodata            const       0x1'01e8     0x8  Mcu_PBcfg.o [1]
    .rodata            const       0x1'01f0    0x1c  Mcu_PBcfg.o [1]
    .rodata            const       0x1'020c     0x4  Mcu_PBcfg.o [1]
    .rodata            const       0x1'0210     0x4  Mcu_PBcfg.o [1]
    .rodata            const       0x1'0214    0x10  Mcu_PBcfg.o [1]
    .rodata            const       0x1'0224    0x1c  Mcu_PBcfg.o [1]
    .rodata            const       0x1'0240    0x38  PduR_Lcfg.o [1]
    .rodata            const       0x1'0278    0xfc  PduR_PBcfg.o [1]
    .rodata            const       0x1'0374    0x40  Port_PBcfg.o [1]
    .rodata            const       0x1'03b4     0x8  Port_PBcfg.o [1]
    .rodata            const       0x1'03bc   0x3a0  Port_PBcfg.o [1]
    .rodata            const       0x1'075c    0x18  Port_PBcfg.o [1]
    .rodata            const       0x1'0774     0x8  PROG_Cbk.o [1]
    .rodata            const       0x1'077c     0x8  PROG_Cbk.o [1]
    .rodata            const       0x1'0784   0x180  PROG_Cbk.o [1]
    .rodata            const       0x1'0904    0x10  PROG_Cfg.o [1]
    .rodata            const       0x1'0914    0x3c  PROG_Cfg.o [1]
    .rodata            const       0x1'0950    0x14  PROG_Cfg.o [1]
    .rodata            const       0x1'0964   0x400  PROG_Cust_Crc.o [1]
    .rodata            const       0x1'0d64   0x228  PROG_HsmPROGData.o [1]
    .rodata            const       0x1'0f8c    0x38  PROG_HsmPROGData.o [1]
    .rodata            const       0x1'0fc4    0x38  PROG_HsmPROGData.o [1]
    .rodata            const       0x1'0ffc    0x30  PROG_HsmPROGData.o [1]
    .rodata            const       0x1'102c     0x8  PROG_HsmPROGData.o [1]
    .rodata            const       0x1'1034     0x8  PROG_HsmPROGData.o [1]
    .rodata            const       0x1'103c    0x20  PROG_HsmPROGData.o [1]
    .rodata            const       0x1'105c    0x20  PROG_HsmPROGData.o [1]
    .rodata            const       0x1'107c    0x10  PROG_HsmPROGData.o [1]
    .rodata            const       0x1'108c    0x40  PROG_HsmPROGData.o [1]
    .rodata            const       0x1'10cc     0x8  PROG_HsmPROGData.o [1]
    .rodata            const       0x1'10d4    0x10  PROG_HsmPROGData.o [1]
    .rodata            const       0x1'10e4    0x58  PROG_HsmPROGData.o [1]
    .rodata            const       0x1'113c     0x8  PROG_HsmPROGData.o [1]
    .rodata            const       0x1'1144     0x8  PROG_HsmPROGData.o [1]
    .rodata            const       0x1'114c    0x40  PROG_HsmPROGData.o [1]
    .rodata            const       0x1'118c    0x10  PROG_HsmPROGData.o [1]
    .rodata            const       0x1'119c    0x10  PROG_HsmPROGData.o [1]
    .rodata            const       0x1'11ac    0x10  PROG_HsmPROGData.o [1]
    .rodata            const       0x1'11bc     0x8  PROG_HsmPROGData.o [1]
    .rodata            const       0x1'11c4     0x8  PROG_HsmPROGData.o [1]
    .rodata            const       0x1'11cc     0x8  PROG_HsmPROGData.o [1]
    .rodata            const       0x1'11d4    0x38  PROG_HsmPROGData.o [1]
    .rodata            const       0x1'120c     0x8  PROG_HsmPROGData.o [1]
    .rodata            const       0x1'1214    0x30  PROG_HsmPROGData.o [1]
    .rodata            const       0x1'1244    0x38  PROG_HsmPROGData.o [1]
    .rodata            const       0x1'127c    0x38  PROG_HsmPROGData.o [1]
    .rodata            const       0x1'12b4    0x28  PROG_HsmPROGData.o [1]
    .rodata            const       0x1'12dc     0x8  PROG_HsmPROGData.o [1]
    .rodata            const       0x1'12e4     0x8  PROG_HsmPROGData.o [1]
    .rodata            const       0x1'12ec     0x8  PROG_HsmPROGData.o [1]
    .rodata            const       0x1'12f4    0x10  PROG_HsmPROGData.o [1]
    .rodata            const       0x1'1304    0x20  PROG_HsmPROGData.o [1]
    .rodata            const       0x1'1324    0x10  PROG_HsmPROGData.o [1]
    .rodata            const       0x1'1334     0x8  PROG_HsmPROGData.o [1]
    .rodata            const       0x1'133c    0x10  PROG_HsmPROGData.o [1]
    .rodata            const       0x1'134c    0x10  PROG_HsmPROGData.o [1]
    .rodata            const       0x1'135c     0x8  PROG_HsmPROGData.o [1]
    .rodata            const       0x1'1364    0x10  PROG_HsmPROGData.o [1]
    .rodata            const       0x1'1374    0x18  PROG_HsmPROGData.o [1]
    .rodata            const       0x1'138c    0x18  PROG_HsmPROGData.o [1]
    .rodata            const       0x1'13a4    0x20  PROG_HsmPROGData.o [1]
    .rodata            const       0x1'13c4     0x8  PROG_HsmPROGData.o [1]
    .rodata            const       0x1'13cc    0x18  PROG_HsmPROGData.o [1]
    .rodata            const       0x1'13e4    0x20  PROG_HsmPROGData.o [1]
    .rodata            const       0x1'1404     0x8  PROG_HsmPROGData.o [1]
    .rodata            const       0x1'140c    0x10  PROG_HsmPROGData.o [1]
    .rodata            const       0x1'141c    0x10  PROG_HsmPROGData.o [1]
    .rodata            const       0x1'142c     0x8  PROG_HsmPROGData.o [1]
    .rodata            const       0x1'1434     0x8  PROG_HsmPROGData.o [1]
    .rodata            const       0x1'143c    0x18  PROG_HsmPROGData.o [1]
    .rodata            const       0x1'1454    0x48  PROG_HsmPROGData.o [1]
    .rodata            const       0x1'149c    0x18  PROG_HsmPROGData.o [1]
    .rodata            const       0x1'14b4     0x8  PROG_HsmPROGData.o [1]
    .rodata            const       0x1'14bc    0x38  PROG_HsmPROGData.o [1]
    .rodata            const       0x1'14f4    0x18  PROG_HsmPROGData.o [1]
    .rodata            const       0x1'150c     0x8  PROG_HsmPROGData.o [1]
    .rodata            const       0x1'1514    0x10  PROG_HsmPROGData.o [1]
    .rodata            const       0x1'1524   0x4c4  PROG_HsmPROGData.o [1]
    .rodata            const       0x1'19e8    0x1c  PROG_HsmPROGData.o [1]
    .rodata            const       0x1'1a04    0x34  Spi_LPspi.o [1]
    .rodata            const       0x1'1a38    0x3c  Spi_PBcfg.o [1]
    .rodata            const       0x1'1a74    0x78  Spi_PBcfg.o [1]
    .rodata            const       0x1'1aec    0x30  Spi_PBcfg.o [1]
    .rodata            const       0x1'1b1c    0x24  Spi_PBcfg.o [1]
    .rodata            const       0x1'1b40    0x10  Spi_PBcfg.o [1]
    .rodata            const       0x1'1b50     0xc  Spi_PBcfg.o [1]
    .rodata            const       0x1'1b5c    0x1c  Spi_PBcfg.o [1]
    .rodata            const       0x1'1b78     0xc  UDS_Cbk.o [1]
    .rodata            const       0x1'1b84     0x8  UDS_Cbk.o [1]
    .rodata            const       0x1'1b8c    0x18  UDS_Cbk.o [1]
    .rodata            const       0x1'1ba4     0xc  UDS_Cbk.o [1]
    .rodata            const       0x1'1bb0    0x1c  UDS_Cbk.o [1]
    .rodata            const       0x1'1bcc     0x8  UDS_Cbk.o [1]
    .rodata            const       0x1'1bd4     0x4  UDS_Cbk.o [1]
    .rodata            const       0x1'1bd8    0x14  UDS_Cbk.o [1]
    .rodata            const       0x1'1bec    0x18  UDS_Cbk.o [1]
    .rodata            const       0x1'1c04     0x8  UDS_Cbk.o [1]
    .rodata            const       0x1'1c0c    0x10  UDS_Cbk.o [1]
    .rodata            const       0x1'1c1c    0xa8  UDS_Cfg.o [1]
    .rodata            const       0x1'1cc4   0x220  UDS_Cfg.o [1]
    .rodata            const       0x1'1ee4    0x60  UDS_Cfg.o [1]
    .rodata            const       0x1'1f44    0x50  UDS_Cfg.o [1]
    .rodata            const       0x1'1f94     0x2  Cry_CbcPkcs7DecryptConfig.o [1]
    .rodata            const       0x1'1f96     0x2  PROG_HsmPROGData.o [1]
    .rodata            const       0x1'1f98     0x2  PROG_HsmPROGData.o [1]
    .rodata            const       0x1'1f9a     0x2  PROG_HsmPROGData.o [1]
    .rodata            const       0x1'1f9c     0x2  PROG_HsmPROGData.o [1]
    .rodata            const       0x1'1f9e     0x2  PROG_HsmPROGData.o [1]
    .rodata            const       0x1'1fa0     0x2  PROG_HsmPROGData.o [1]
    .rodata            const       0x1'1fa2     0x2  PROG_HsmPROGData.o [1]
    .rodata            const       0x1'1fa4     0x2  Spi_PBcfg.o [1]
    .rodata            const       0x1'1fa6     0x2  Spi_PBcfg.o [1]
    .rodata            const       0x1'1fa8     0x2  Spi_PBcfg.o [1]
    .rodata            const       0x1'1faa     0x2  SpiIf.o [1]
    .rodata            const       0x1'1fac     0x2  SpiIf.o [1]
    .rodata            const       0x1'1fae     0x2  SpiIf.o [1]
    .rodata            const       0x1'1fb0     0x2  SpiIf.o [1]
    .rodata            const       0x1'1fb2     0x2  SpiIf.o [1]
    .rodata            const       0x1'1fb4     0x2  SpiIf.o [1]
    .rodata            const       0x1'1fb6     0x2  SpiIf.o [1]
    .rodata            const       0x1'1fb8     0x2  SpiIf.o [1]
    .rodata            const       0x1'1fba     0x2  SpiIf.o [1]
    .rodata            const       0x1'1fbc     0x2  SpiIf.o [1]
    .rodata            const       0x1'1fbe     0x2  SpiIf.o [1]
    .rodata            const       0x1'1fc0     0x2  SpiIf.o [1]
    .rodata            const       0x1'1fc2     0x2  SpiIf.o [1]
    .rodata            const       0x1'1fc4     0x2  SpiIf.o [1]
    .rodata            const       0x1'1fc6     0x2  SpiIf.o [1]
    .rodata            const       0x1'1fc8     0x2  SpiIf.o [1]
    .rodata            const       0x1'1fca     0x2  SpiIf.o [1]
    .rodata            const       0x1'1fcc     0x2  SpiIf.o [1]
    .rodata            const       0x1'1fce     0x1  CanSM_Cfg.o [1]
    .rodata            const       0x1'1fcf     0x1  Cry_AES_DecryptConfig.o [1]
    .rodata            const       0x1'1fd0     0x1  PduR_Lcfg.o [1]
    .rodata            const       0x1'1fd1     0x1  PduR_Lcfg.o [1]
    .rodata            const       0x1'1fd2     0x1  PROG_HsmPROGData.o [1]
    .rodata            const       0x1'1fd3     0x1  PROG_HsmPROGData.o [1]
    .rodata            const       0x1'1fd4     0x1  PROG_HsmPROGData.o [1]
    .rodata            const       0x1'1fd5     0x1  PROG_HsmPROGData.o [1]
    .rodata            const       0x1'1fd6     0x1  PROG_HsmPROGData.o [1]
    .rodata            const       0x1'1fd7     0x1  PROG_HsmPROGData.o [1]
    .rodata            const       0x1'1fd8     0x1  PROG_HsmPROGData.o [1]
    .rodata            const       0x1'1fd9     0x1  PROG_HsmPROGData.o [1]
    .rodata            const       0x1'1fda     0x1  PROG_HsmPROGData.o [1]
    .rodata            const       0x1'1fdb     0x1  PROG_HsmPROGData.o [1]
    .rodata            const       0x1'1fdc     0x1  PROG_HsmPROGData.o [1]
    .rodata            const       0x1'1fdd     0x1  PROG_HsmPROGData.o [1]
    .rodata            const       0x1'1fde     0x1  PROG_HsmPROGData.o [1]
    .rodata            const       0x1'1fdf     0x1  PROG_HsmPROGData.o [1]
    .rodata            const       0x1'1fe0     0x1  PROG_HsmPROGData.o [1]
    .rodata            const       0x1'1fe1     0x1  PROG_HsmPROGData.o [1]
    .rodata            const       0x1'1fe2     0x1  PROG_HsmPROGData.o [1]
    .rodata            const       0x1'1fe3     0x1  PROG_HsmPROGData.o [1]
    .rodata            const       0x1'1fe4     0x1  PROG_HsmPROGData.o [1]
    .rodata            const       0x1'1fe5     0x1  PROG_HsmPROGData.o [1]
    .rodata            const       0x1'1fe6     0x1  PROG_HsmPROGData.o [1]
    .rodata            const       0x1'1fe7     0x1  PROG_HsmPROGData.o [1]
    .rodata            const       0x1'1fe8     0x1  PROG_HsmPROGData.o [1]
    .rodata            const       0x1'1fe9     0x1  PROG_HsmPROGData.o [1]
    .rodata            const       0x1'1fea     0x1  PROG_HsmPROGData.o [1]
    .rodata            const       0x1'1feb     0x1  PROG_HsmPROGData.o [1]
    .rodata            const       0x1'1fec     0x1  PROG_HsmPROGData.o [1]
    .rodata            const       0x1'1fed     0x1  PROG_HsmPROGData.o [1]
    .rodata            const       0x1'1fee     0x1  PROG_HsmPROGData.o [1]
    .rodata            const       0x1'1fef     0x1  PROG_HsmPROGData.o [1]
    .rodata            const       0x1'1ff0     0x1  PROG_HsmPROGData.o [1]
    .rodata            const       0x1'1ff1     0x1  PROG_HsmPROGData.o [1]
    .rodata            const       0x1'1ff2     0x1  PROG_HsmPROGData.o [1]
    .rodata            const       0x1'1ff3     0x1  PROG_HsmPROGData.o [1]
    .rodata            const       0x1'1ff4     0x1  PROG_HsmPROGData.o [1]
    .rodata            const       0x1'1ff5     0x1  PROG_HsmPROGData.o [1]
    .rodata            const       0x1'1ff6     0x1  PROG_HsmPROGData.o [1]
    .rodata            const       0x1'1ff7     0x1  PROG_HsmPROGData.o [1]
    .rodata            const       0x1'1ff8     0x1  PROG_HsmPROGData.o [1]
    .rodata            const       0x1'1ff9     0x1  PROG_HsmPROGData.o [1]
    .rodata            const       0x1'1ffa     0x1  PROG_HsmPROGData.o [1]
    .rodata            const       0x1'1ffb     0x1  PROG_HsmPROGData.o [1]
    .rodata            const       0x1'1ffc     0x1  PROG_HsmPROGData.o [1]
    .rodata            const       0x1'1ffd     0x1  PROG_HsmPROGData.o [1]
    .rodata            const       0x1'1ffe     0x1  PROG_HsmPROGData.o [1]
    .rodata            const       0x1'1fff     0x1  PROG_HsmPROGData.o [1]
    .rodata            const       0x1'2000     0x1  PROG_HsmPROGData.o [1]
    .rodata            const       0x1'2001     0x1  PROG_HsmPROGData.o [1]
    .rodata            const       0x1'2002     0x1  PROG_HsmPROGData.o [1]
    .rodata            const       0x1'2003     0x1  PROG_HsmPROGData.o [1]
    .rodata            const       0x1'2004     0x1  PROG_HsmPROGData.o [1]
    .rodata            const       0x1'2005     0x1  PROG_HsmPROGData.o [1]
    .rodata            const       0x1'2006     0x1  PROG_HsmPROGData.o [1]
    .rodata            const       0x1'2007     0x1  PROG_HsmPROGData.o [1]
    .rodata            const       0x1'2008     0x1  PROG_HsmPROGData.o [1]
    .rodata            const       0x1'2009     0x1  PROG_HsmPROGData.o [1]
    .rodata            const       0x1'200a     0x1  PROG_HsmPROGData.o [1]
    .rodata            const       0x1'200b     0x1  PROG_HsmPROGData.o [1]
    .rodata            const       0x1'200c     0x1  PROG_HsmPROGData.o [1]
    .rodata            const       0x1'200d     0x1  PROG_HsmPROGData.o [1]
    .rodata            const       0x1'200e     0x1  PROG_HsmPROGData.o [1]
    .rodata            const       0x1'200f     0x1  PROG_HsmPROGData.o [1]
    .rodata            const       0x1'2010     0x1  PROG_HsmPROGData.o [1]
    .rodata            const       0x1'2011     0x1  PROG_HsmPROGData.o [1]
    .rodata            const       0x1'2012     0x1  PROG_HsmPROGData.o [1]
    .rodata            const       0x1'2013     0x1  PROG_HsmPROGData.o [1]
    .rodata            const       0x1'2014     0x1  PROG_HsmPROGData.o [1]
    .rodata            const       0x1'2015     0x1  PROG_HsmPROGData.o [1]
    .rodata            const       0x1'2016     0x1  PROG_HsmPROGData.o [1]
    .rodata            const       0x1'2017     0x1  PROG_HsmPROGData.o [1]
    .rodata            const       0x1'2018     0x1  PROG_HsmPROGData.o [1]
    .rodata            const       0x1'2019     0x1  PROG_HsmPROGData.o [1]
    .rodata            const       0x1'201a     0x1  PROG_HsmPROGData.o [1]
    .rodata            const       0x1'201b     0x1  PROG_HsmPROGData.o [1]
    .rodata            const       0x1'201c     0x1  PROG_HsmPROGData.o [1]
    .rodata            const       0x1'201d     0x1  PROG_HsmPROGData.o [1]
    .rodata            const       0x1'201e     0x1  PROG_HsmPROGData.o [1]
    .rodata            const       0x1'201f     0x1  PROG_HsmPROGData.o [1]
    .rodata            const       0x1'2020     0x1  PROG_HsmPROGData.o [1]
    .rodata            const       0x1'2021     0x1  PROG_HsmPROGData.o [1]
    .rodata            const       0x1'2022     0x1  PROG_HsmPROGData.o [1]
    .rodata            const       0x1'2023     0x1  PROG_HsmPROGData.o [1]
    .rodata            const       0x1'2024     0x1  PROG_HsmPROGData.o [1]
    .rodata            const       0x1'2025     0x1  PROG_HsmPROGData.o [1]
    .rodata            const       0x1'2026     0x1  PROG_HsmPROGData.o [1]
    .rodata            const       0x1'2027     0x1  PROG_HsmPROGData.o [1]
    .rodata            const       0x1'2028     0x1  PROG_HsmPROGData.o [1]
    .rodata            const       0x1'2029     0x1  PROG_HsmPROGData.o [1]
    .rodata            const       0x1'202a     0x1  PROG_HsmPROGData.o [1]
    .rodata            const       0x1'202b     0x1  PROG_HsmPROGData.o [1]
    .rodata            const       0x1'202c     0x1  PROG_HsmPROGData.o [1]
    .rodata            const       0x1'202d     0x1  PROG_HsmPROGData.o [1]
    .rodata            const       0x1'202e     0x1  PROG_HsmPROGData.o [1]
    .rodata            const       0x1'202f     0x1  PROG_HsmPROGData.o [1]
    .rodata            const       0x1'2030     0x1  PROG_HsmPROGData.o [1]
    .rodata            const       0x1'2031     0x1  PROG_HsmPROGData.o [1]
    .rodata            const       0x1'2032     0x1  PROG_HsmPROGData.o [1]
    .rodata            const       0x1'2033     0x1  PROG_HsmPROGData.o [1]
    .rodata            const       0x1'2034     0x1  PROG_HsmPROGData.o [1]
    .rodata            const       0x1'2035     0x1  PROG_HsmPROGData.o [1]
    .rodata            const       0x1'2036     0x1  PROG_HsmPROGData.o [1]
    .rodata            const       0x1'2037     0x1  PROG_HsmPROGData.o [1]
    .rodata            const       0x1'2038     0x1  PROG_HsmPROGData.o [1]
    .rodata            const       0x1'2039     0x1  PROG_HsmPROGData.o [1]
    .rodata            const       0x1'203a     0x1  PROG_HsmPROGData.o [1]
    .rodata            const       0x1'203b     0x1  PROG_HsmPROGData.o [1]
    .rodata            const       0x1'203c     0x1  PROG_HsmPROGData.o [1]
    .rodata            const       0x1'203d     0x1  PROG_HsmPROGData.o [1]
    .rodata            const       0x1'203e     0x1  PROG_HsmPROGData.o [1]
    .rodata            const       0x1'203f     0x1  PROG_HsmPROGData.o [1]
    .rodata            const       0x1'2040     0x1  PROG_HsmPROGData.o [1]
    .rodata            const       0x1'2041     0x1  PROG_HsmPROGData.o [1]
    .rodata            const       0x1'2042     0x1  PROG_HsmPROGData.o [1]
    .rodata            const       0x1'2043     0x1  PROG_HsmPROGData.o [1]
    .rodata            const       0x1'2044     0x1  PROG_HsmPROGData.o [1]
    .rodata            const       0x1'2045     0x1  PROG_HsmPROGData.o [1]
    .rodata            const       0x1'2046     0x1  PROG_HsmPROGData.o [1]
    .rodata            const       0x1'2047     0x1  PROG_HsmPROGData.o [1]
    .rodata            const       0x1'2048     0x1  PROG_HsmPROGData.o [1]
    .rodata            const       0x1'2049     0x1  PROG_HsmPROGData.o [1]
    .rodata            const       0x1'204a     0x1  PROG_HsmPROGData.o [1]
    .rodata            const       0x1'204b     0x1  PROG_HsmPROGData.o [1]
    .rodata            const       0x1'204c     0x1  PROG_HsmPROGData.o [1]
    .rodata            const       0x1'204d     0x1  PROG_HsmPROGData.o [1]
    .rodata            const       0x1'204e     0x1  Spi_PBcfg.o [1]
    .rodata            const       0x1'204f     0x1  Spi_PBcfg.o [1]
    .rodata            const       0x1'2050     0x1  Spi_PBcfg.o [1]
  DATA_init                        0x1'2060    0xd8  <Block>
    Initializer bytes  const       0x1'2060    0xd8  <for section .data-1>
                                 - 0x1'2138  0xfe38

"P7":                                        0x9638
  group_DATABSS                 0x1fff'9200  0x9638  <Block>
    BSS                         0x1fff'9200  0x955f  <Block>
      .stack           uninit   0x1fff'9200   0x800  board_reset_vector.o [1]
      .bss             uninit   0x1fff'9a00  0x1000  BlPduR_Cfg.o [1]
      .bss             uninit   0x1fff'aa00     0xc  BlPduR_Cfg.o [1]
      .bss             uninit   0x1fff'aa0c     0x8  BlPduR_Prg.o [1]
      .bss             uninit   0x1fff'aa14     0xc  BlPduR_Prg.o [1]
      .bss             uninit   0x1fff'aa20     0x4  BlPduR_Prg.o [1]
      .bss             uninit   0x1fff'aa24     0xc  BlPduR_Prg.o [1]
      .bss             uninit   0x1fff'aa30     0xc  BlPduR_Prg.o [1]
      .bss             uninit   0x1fff'aa3c     0x4  BlPduR_Prg.o [1]
      .bss             uninit   0x1fff'aa40     0x8  BlPduR_Prg.o [1]
      .bss             uninit   0x1fff'aa48     0x4  Can.o [1]
      .bss             uninit   0x1fff'aa4c     0x4  Can.o [1]
      .bss             uninit   0x1fff'aa50     0x4  Can.o [1]
      .bss             uninit   0x1fff'aa54    0x9c  Can_Flexcan.o [1]
      .bss             uninit   0x1fff'aaf0     0x4  Can_Flexcan.o [1]
      .bss             uninit   0x1fff'aaf4     0x4  CanIf.o [1]
      .bss             uninit   0x1fff'aaf8     0x4  CanIf.o [1]
      .bss             uninit   0x1fff'aafc     0x4  CanIf.o [1]
      .bss             uninit   0x1fff'ab00     0x4  CanIf.o [1]
      .bss             uninit   0x1fff'ab04     0x4  CanIf_Cfg.o [1]
      .bss             uninit   0x1fff'ab08     0x4  CanIf_Cfg.o [1]
      .bss             uninit   0x1fff'ab0c     0xc  CanSM_Cfg.o [1]
      .bss             uninit   0x1fff'ab18     0x8  CanTp_Cfg.o [1]
      .bss             uninit   0x1fff'ab20     0x8  CanTp_Cfg.o [1]
      .bss             uninit   0x1fff'ab28   0x300  CanTp_Cfg.o [1]
      .bss             uninit   0x1fff'ae28     0x4  CanTp_Init.o [1]
      .bss             uninit   0x1fff'ae2c   0x150  Cry_AES_Decrypt.o [1]
      .bss             uninit   0x1fff'af7c    0x54  Cry_CbcPkcs7Decrypt.o [1]
      .bss             uninit   0x1fff'afd0   0x848  Cry_RsaSsaPssVerify.o [1]
      .bss             uninit   0x1fff'b818   0x1f8  Cry_SHA2.o [1]
      .bss             uninit   0x1fff'ba10     0x4  FLASH_Prg.o [1]
      .bss             uninit   0x1fff'ba14     0x4  FLASH_Prg.o [1]
      .bss             uninit   0x1fff'ba18    0x1c  FLS_S32K14X.o [1]
      .bss             uninit   0x1fff'ba34     0x8  FLS_S32K14X.o [1]
      .bss             uninit   0x1fff'ba3c     0xc  FLS_S32K14X.o [1]
      .bss             uninit   0x1fff'ba48     0x4  PduR.o [1]
      .bss             uninit   0x1fff'ba4c     0xc  PROG_Cbk.o [1]
      .bss             uninit   0x1fff'ba58    0x9c  PROG_Cbk.o [1]
      .bss             uninit   0x1fff'baf4     0x4  PROG_Cry.o [1]
      .bss             uninit   0x1fff'baf8  0x5000  PROG_Decomp.o [1]
      .bss             uninit   0x2000'0af8    0x10  PROG_Decomp.o [1]
      .bss             uninit   0x2000'0b08   0x414  PROG_Decomp.o [1]
      .bss             uninit   0x2000'0f1c     0x4  PROG_Decomp.o [1]
      .bss             uninit   0x2000'0f20    0x14  PROG_Encrypt.o [1]
      .bss             uninit   0x2000'0f34     0x4  PROG_Encrypt.o [1]
      .bss             uninit   0x2000'0f38     0x4  PROG_Encrypt.o [1]
      .bss             uninit   0x2000'0f3c    0x20  PROG_HsmPROGData.o [1]
      .bss             uninit   0x2000'0f5c    0x20  PROG_HsmPROGData.o [1]
      .bss             uninit   0x2000'0f7c     0x4  PROG_HsmPROGData.o [1]
      .bss             uninit   0x2000'0f80     0xc  PROG_Prg.o [1]
      .bss             uninit   0x2000'0f8c     0xc  PROG_Prg.o [1]
      .bss             uninit   0x2000'0f98    0x10  PROG_Prg.o [1]
      .bss             uninit   0x2000'0fa8   0x180  PROG_Prg.o [1]
      .bss             uninit   0x2000'1128    0x10  PROG_Prg.o [1]
      .bss             uninit   0x2000'1138    0x1c  PROG_Prg.o [1]
      .bss             uninit   0x2000'1154     0xc  PROG_Prg.o [1]
      .bss             uninit   0x2000'1160     0xc  PROG_Prg.o [1]
      .bss             uninit   0x2000'116c  0x1024  PROG_Prg.o [1]
      .bss             uninit   0x2000'2190     0x8  PROG_Prg.o [1]
      .bss             uninit   0x2000'2198    0x14  PROG_Prg.o [1]
      .bss             uninit   0x2000'21ac     0x4  PROG_Prg.o [1]
      .bss             uninit   0x2000'21b0    0x20  PROG_Prg.o [1]
      .bss             uninit   0x2000'21d0     0x4  PROG_Prg.o [1]
      .bss             uninit   0x2000'21d4     0x4  PROG_Prg.o [1]
      .bss             uninit   0x2000'21d8   0x310  PROG_Prg.o [1]
      .bss             uninit   0x2000'24e8     0x4  SA_Prg.o [1]
      .bss             uninit   0x2000'24ec     0xc  SA_Prg.o [1]
      .bss             uninit   0x2000'24f8    0x14  Spi.o [1]
      .bss             uninit   0x2000'250c    0x30  Spi.o [1]
      .bss             uninit   0x2000'253c    0x24  Spi.o [1]
      .bss             uninit   0x2000'2560     0xc  Spi.o [1]
      .bss             uninit   0x2000'256c     0xc  Spi.o [1]
      .bss             uninit   0x2000'2578    0x54  Spi_LPspi.o [1]
      .bss             uninit   0x2000'25cc    0x3c  Spi_LPspi.o [1]
      .bss             uninit   0x2000'2608    0x30  Spi_LPspi.o [1]
      .bss             uninit   0x2000'2638     0x4  Spi_LPspi.o [1]
      .bss             uninit   0x2000'263c    0x64  Spi_LPspi.o [1]
      .bss             uninit   0x2000'26a0     0x2  Spi_PBcfg.o [1]
      .bss             uninit   0x2000'26a2     0x2  BlPduR_Prg.o [1]
      .bss             uninit   0x2000'26a4     0x2  Spi_PBcfg.o [1]
      .bss             uninit   0x2000'26a6     0x2  BlPduR_Prg.o [1]
      .bss             uninit   0x2000'26a8     0x2  Spi_PBcfg.o [1]
      .bss             uninit   0x2000'26aa     0x2  Csm_Hash.o [1]
      .bss             uninit   0x2000'26ac     0x2  Spi_PBcfg.o [1]
      .bss             uninit   0x2000'26ae     0x2  Csm_SignatureVerify.o [1]
      .bss             uninit   0x2000'26b0     0x2  Spi_PBcfg.o [1]
      .bss             uninit   0x2000'26b2     0x2  Csm_SymBlockDecrypt.o [1]
      .bss             uninit   0x2000'26b4     0x2  Spi_PBcfg.o [1]
      .bss             uninit   0x2000'26b6     0x2  Csm_SymDecrypt.o [1]
      .bss             uninit   0x2000'26b8     0x4  Spi_PBcfg.o [1]
      .bss             uninit   0x2000'26bc    0x44  UDS_Cbk.o [1]
      .bss             uninit   0x2000'2700    0x10  UDS_Prg.o [1]
      .bss             uninit   0x2000'2710     0x2  FLASH_Prg.o [1]
      .bss             uninit   0x2000'2712     0x2  FLASH_Prg.o [1]
      .bss             uninit   0x2000'2714     0x2  FLASH_Prg.o [1]
      .bss             uninit   0x2000'2716     0x2  FLASH_Prg.o [1]
      .bss             uninit   0x2000'2718     0x2  FLASH_Prg.o [1]
      .bss             uninit   0x2000'271a     0x2  PROG_Prg.o [1]
      .bss             uninit   0x2000'271c     0x2  UDS_Prg.o [1]
      .bss             uninit   0x2000'271e     0x2  UDS_Prg.o [1]
      .bss             uninit   0x2000'2720     0x2  UDS_Prg.o [1]
      .bss             uninit   0x2000'2722     0x2  UDS_Prg.o [1]
      .bss             uninit   0x2000'2724     0x2  UDS_Prg.o [1]
      .bss             uninit   0x2000'2726     0x1  BlPduR_Prg.o [1]
      .bss             uninit   0x2000'2727     0x1  BlPduR_Prg.o [1]
      .bss             uninit   0x2000'2728     0x1  BlPduR_Prg.o [1]
      .bss             uninit   0x2000'2729     0x1  BlPduR_Prg.o [1]
      .bss             uninit   0x2000'272a     0x1  BlPduR_Prg.o [1]
      .bss             uninit   0x2000'272b     0x1  BlPduR_Prg.o [1]
      .bss             uninit   0x2000'272c     0x1  board.o [1]
      .bss             uninit   0x2000'272d     0x1  Can.o [1]
      .bss             uninit   0x2000'272e     0x1  CanIf.o [1]
      .bss             uninit   0x2000'272f     0x1  CanSM.o [1]
      .bss             uninit   0x2000'2730     0x1  CanSM.o [1]
      .bss             uninit   0x2000'2731     0x1  CanSM_Cfg.o [1]
      .bss             uninit   0x2000'2732     0x1  CanTp_Cfg.o [1]
      .bss             uninit   0x2000'2733     0x1  CanTp_Cfg.o [1]
      .bss             uninit   0x2000'2734     0x1  Csm_Hash.o [1]
      .bss             uninit   0x2000'2735     0x1  Csm_SignatureVerify.o [1]
      .bss             uninit   0x2000'2736     0x1  Csm_SymBlockDecrypt.o [1]
      .bss             uninit   0x2000'2737     0x1  Csm_SymDecrypt.o [1]
      .bss             uninit   0x2000'2738     0x1  FLASH_Prg.o [1]
      .bss             uninit   0x2000'2739     0x1  Mcu.o [1]
      .bss             uninit   0x2000'273a     0x1  Mcu.o [1]
      .bss             uninit   0x2000'273b     0x1  Mcu.o [1]
      .bss             uninit   0x2000'273c     0x1  PduR.o [1]
      .bss             uninit   0x2000'273d     0x1  PROG_Cbk.o [1]
      .bss             uninit   0x2000'273e     0x1  PROG_Cbk.o [1]
      .bss             uninit   0x2000'273f     0x1  PROG_Cry.o [1]
      .bss             uninit   0x2000'2740     0x1  PROG_Cry.o [1]
      .bss             uninit   0x2000'2741     0x1  PROG_Cry.o [1]
      .bss             uninit   0x2000'2742     0x1  PROG_Cust_AppliCheck.o [1]
      .bss             uninit   0x2000'2743     0x1  PROG_Decomp.o [1]
      .bss             uninit   0x2000'2744     0x1  PROG_Encrypt.o [1]
      .bss             uninit   0x2000'2745     0x1  PROG_Encrypt.o [1]
      .bss             uninit   0x2000'2746     0x1  PROG_Prg.o [1]
      .bss             uninit   0x2000'2747     0x1  PROG_Prg.o [1]
      .bss             uninit   0x2000'2748     0x1  PROG_Prg.o [1]
      .bss             uninit   0x2000'2749     0x1  PROG_Prg.o [1]
      .bss             uninit   0x2000'274a     0x1  PROG_Prg.o [1]
      .bss             uninit   0x2000'274b     0x1  PROG_Prg.o [1]
      .bss             uninit   0x2000'274c     0x1  PROG_Prg.o [1]
      .bss             uninit   0x2000'274d     0x1  PROG_Prg.o [1]
      .bss             uninit   0x2000'274e     0x1  PROG_Prg.o [1]
      .bss             uninit   0x2000'274f     0x1  PROG_Prg.o [1]
      .bss             uninit   0x2000'2750     0x1  PROG_Prg.o [1]
      .bss             uninit   0x2000'2751     0x1  PROG_Prg.o [1]
      .bss             uninit   0x2000'2752     0x1  PROG_Prg.o [1]
      .bss             uninit   0x2000'2753     0x1  PROG_Prg.o [1]
      .bss             uninit   0x2000'2754     0x1  PROG_Prg.o [1]
      .bss             uninit   0x2000'2755     0x1  PROG_Prg.o [1]
      .bss             uninit   0x2000'2756     0x1  PROG_Prg.o [1]
      .bss             uninit   0x2000'2757     0x1  PROG_Prg.o [1]
      .bss             uninit   0x2000'2758     0x1  SA_Prg.o [1]
      .bss             uninit   0x2000'2759     0x1  UDS_Prg.o [1]
      .bss             uninit   0x2000'275a     0x1  UDS_Prg.o [1]
      .bss             uninit   0x2000'275b     0x1  UDS_Prg.o [1]
      .bss             uninit   0x2000'275c     0x1  UDS_Prg.o [1]
      .bss             uninit   0x2000'275d     0x1  UDS_Prg.o [1]
      .bss             uninit   0x2000'275e     0x1  UDS_Prg.o [1]
    DATA                        0x2000'2760    0xd8  <Block>
      section .data-1           0x2000'2760    0xd5  <Init block>
        .data          inited   0x2000'2760    0x20  BlPduR_Cfg.o [1]
        .data          inited   0x2000'2780     0xc  BlPduR_Cfg.o [1]
        .data          inited   0x2000'278c     0xc  BlPduR_Cfg.o [1]
        .data          inited   0x2000'2798     0xc  BlPduR_Cfg.o [1]
        .data          inited   0x2000'27a4     0xc  BlPduR_Cfg.o [1]
        .data          inited   0x2000'27b0     0x4  Can.o [1]
        .data          inited   0x2000'27b4     0x4  Mcu.o [1]
        .data          inited   0x2000'27b8     0x4  Mcu_IPW.o [1]
        .data          inited   0x2000'27bc     0x4  Port.o [1]
        .data          inited   0x2000'27c0    0x10  PROG_Cbk.o [1]
        .data          inited   0x2000'27d0    0x10  PROG_Cbk.o [1]
        .data          inited   0x2000'27e0     0x4  Spi.o [1]
        .data          inited   0x2000'27e4     0x4  Spi.o [1]
        .data          inited   0x2000'27e8     0xc  Spi_LPspi.o [1]
        .data          inited   0x2000'27f4     0x8  Spi_PBcfg.o [1]
        .data          inited   0x2000'27fc     0x8  Spi_PBcfg.o [1]
        .data          inited   0x2000'2804     0x8  Spi_PBcfg.o [1]
        .data          inited   0x2000'280c     0xc  Spi_PBcfg.o [1]
        .data          inited   0x2000'2818     0x4  Spi_PBcfg.o [1]
        .data          inited   0x2000'281c     0x8  Spi_PBcfg.o [1]
        .data          inited   0x2000'2824     0x4  SpiIf.o [1]
        .data          inited   0x2000'2828     0x2  SpiIf.o [1]
        .data          inited   0x2000'282a     0x2  SpiIf.o [1]
        .data          inited   0x2000'282c     0x2  SpiIf.o [1]
        .data          inited   0x2000'282e     0x2  SpiIf.o [1]
        .data          inited   0x2000'2830     0x1  CanSM.o [1]
        .data          inited   0x2000'2831     0x1  CanSM.o [1]
        .data          inited   0x2000'2832     0x1  FLASH_Prg.o [1]
        .data          inited   0x2000'2833     0x1  PROG_Prg.o [1]
        .data          inited   0x2000'2834     0x1  SpiIf.o [1]
                              - 0x2000'2838  0x9638

"P6":                                           0xc
  noinit                        0x2000'3f00     0xc  <Block>
    .prog_sig          uninit   0x2000'3f00     0xc  PROG_Cbk.o [1]
                              - 0x2000'3f0c     0xc

Unused ranges:

         From           To    Size
         ----           --    ----
       0x1ac0       0x1bff   0x140
       0x1d88       0x1dff    0x78
     0x1'2138     0x1'ffff  0xdec8
  0x2000'2838  0x2000'3eff  0x16c8
  0x2000'3f0c  0x2000'3fff    0xf4



*******************************************************************************
*** MODULE SUMMARY
***

    Module                            ro code  ro data  rw data
    ------                            -------  -------  -------
command line/config:
    -----------------------------------------------------------
    Total:

C:\Git\eCS_Platform_Git\Tools\Build_Env\Workspace\Outputs\fbl\Obj: [1]
    APP_Prg.o                             128
    Arm_FaultHandlerThumb_isr.o            28
    BL_Nvm.o                                2
    BM_Cbk.o                                4
    BM_Prg.o                               68
    BlPduR_Cbk.o                          110
    BlPduR_Cfg.o                                    96    4 188
    BlPduR_Prg.o                        1 724                70
    Cal_Decompress.o                       64
    Cal_Decompress_Cfg.o                            20
    Can.o                                 120        4       17
    CanIf.o                             1 100                17
    CanIf_Cfg.o                                      8        8
    CanIf_PBCfg.o                                  336
    CanSM.o                                          2        4
    CanSM_ALV.o                             2
    CanSM_Cbk.o                            28
    CanSM_Cfg.o                                      1       13
    CanSM_Init.o                           36
    CanSM_RequestComMode.o                144
    CanSM_StateMachine.o                1 324
    CanTp_Cfg.o                                             786
    CanTp_ChangeParameter.o                92
    CanTp_Init.o                          296                 4
    CanTp_MainFunction.o                  264
    CanTp_PBCfg.o                                  500
    CanTp_PrepareFC.o                     340
    CanTp_PreparexF.o                     262
    CanTp_RxBufferDependentSend.o         370
    CanTp_RxIndication.o                1 920
    CanTp_STminCallback.o                 122
    CanTp_StopChannel.o                   120
    CanTp_Transmit.o                      200
    CanTp_TransmitFrame.o                 108
    CanTp_TxBufferDependentSend.o         316
    CanTp_TxConfirmation.o                600
    CanTp_UnlockChannel.o                 120
    Can_Cfg.o                                       36
    Can_Flexcan.o                       5 048       52      160
    Can_Irq.o                             288
    Can_PBcfg.o                                    168
    ComM.o                                  2
    Cpl_Common.o                          168
    Cpl_LZSSDecompress.o                  726
    Cpl_LZSSDecompress_Cfg.o                         8
    Cry_AES_Common.o                      424    1 280
    Cry_AES_Decrypt.o                   1 132               336
    Cry_AES_DecryptConfig.o                          1
    Cry_Base64.o                          336      256
    Cry_CbcPkcs7Decrypt.o                 748                84
    Cry_CbcPkcs7DecryptConfig.o                      2
    Cry_Common.o                           50
    Cry_LN.o                            1 564
    Cry_RsaSsaPssVerify.o               1 498        8    2 120
    Cry_RsaSsaPssVerifyConfig.o                      8
    Cry_SHA2.o                          2 868      256      504
    Cry_SHA2Config.o                                32
    Cry_SHA_Common.o                      688
    Csm.o                                  52
    Csm_Hash.o                            252                 3
    Csm_HashCfg.o                                   32
    Csm_SignatureVerify.o                 260                 3
    Csm_SignatureVerifyCfg.o                        28
    Csm_SymBlockDecrypt.o                 256                 3
    Csm_SymBlockDecryptCfg.o                        28
    Csm_SymDecrypt.o                      260                 3
    Csm_SymDecryptCfg.o                             28
    FLASH_Cfg.o                                     12
    FLASH_LLD.o                           116
    FLASH_Prg.o                           712        1       20
    FLS_S32K14X.o                         588                48
    Mcu.o                                 144        4        7
    Mcu_IPW.o                             182        4        4
    Mcu_PBcfg.o                                    536
    Mcu_PCC.o                              64
    Mcu_PMC.o                              44
    Mcu_RCM.o                              32
    Mcu_SCG.o                             344
    Mcu_SIM.o                             140
    Mcu_SMC.o                              16
    PROG_Cbk.o                          1 212      432      214
    PROG_Cfg.o                                      96
    PROG_Cry.o                            444                 7
    PROG_Cust_AppliCheck.o                528                 1
    PROG_Cust_Crc.o                        88    1 024
    PROG_Cust_Init.o                      130
    PROG_Decomp.o                         748            21 545
    PROG_Encrypt.o                        408                30
    PROG_Hsm.o                            668
    PROG_HsmPROGData.o                           3 370       68
    PROG_HsmPROGFnct.o                    542
    PROG_Mem.o                            146
    PROG_Prg.o                          7 486        1    5 501
    PROG_Responses.o                       20
    PduR.o                                                    5
    PduR_AdjLayerApi.o                     72
    PduR_GenericTpChangeParameter.o        72
    PduR_GenericTpCopyRxData.o             72
    PduR_GenericTpCopyTxData.o             64
    PduR_GenericTpRxIndication.o           68
    PduR_GenericTpStartOfReception.o       72
    PduR_GenericTpTransmit.o               68
    PduR_GenericTpTxConfirmation.o         68
    PduR_Init.o                            20
    PduR_Lcfg.o                                     58
    PduR_PBcfg.o                                   252
    Port.o                                 24        4        4
    Port_PBcfg.o                                 1 024
    Port_Port_Ci.o                        464
    SA_Cbk.o                               84
    SA_Prg.o                              276                17
    SchM.o                                132
    Spi.o                               1 032        8      136
    SpiIf.o                               774       49       13
    Spi_IPW.o                             224
    Spi_LPspi.o                         3 096       64      308
    Spi_PBcfg.o                                    377       64
    TSMem.o                                78
    UDS_Cbk.o                             560      164       68
    UDS_Cfg.o                                      888
    UDS_Prg.o                           4 140                32
    Watchdog.o                              2
    board.o                               628                 1
    boardStartup.o                        166
    board_irq.o                            86
    board_reset_vector.o                             8    2 048
    exceptiontable.o                       64
    interruptvectors.o                    640
    main.o                                112
    -----------------------------------------------------------
    Total:                             54 592   11 566   38 464

rt7M_tl.a: [2]
    ABImemclr.o                             6
    ABImemclr4.o                            6
    ABImemcpy_small.o                      24
    ABImemset48.o                          58
    ABImemset_small.o                      18
    -----------------------------------------------------------
    Total:                                112

    Gaps                                   34
    Linker created                                   3
---------------------------------------------------------------
    Grand Total:                       54 738   11 569   38 464


*******************************************************************************
*** ENTRY LIST
***

Entry                       Address    Size  Type      Object
-----                       -------    ----  ----      ------
APP_Init                     0x230f     0x4  Code  Gb  APP_Prg.o [1]
APP_InterruptDisable         0x2305     0xa  Code  Gb  APP_Prg.o [1]
APP_InterruptEnable          0x2301     0x4  Code  Gb  APP_Prg.o [1]
APP_TpRxInd                  0x237d     0x2  Code  Gb  APP_Prg.o [1]
APP_TpTxConf                 0x237b     0x2  Code  Gb  APP_Prg.o [1]
APP_UdsSessionStatusInd
                             0x2379     0x2  Code  Gb  APP_Prg.o [1]
APP_UnlockFlash              0x2313    0x56  Code  Gb  APP_Prg.o [1]
Arm_FaultHandlerThumb        0xc6ad          Code  Gb  Arm_FaultHandlerThumb_isr.o [1]
BLT_HardFaultHandlerHll
                             0x296f     0x2  Code  Gb  BL_Nvm.o [1]
BL_NvM_TryRead               0x96b7     0x4  Code  Gb  UDS_Cbk.o [1]
BM_BootStartUp               0x2a19    0x1a  Code  Gb  BM_Prg.o [1]
BM_HardwareInit              0x25f5     0x2  Code  Gb  BM_Cbk.o [1]
BM_SoftwareInit              0x25f7     0x2  Code  Gb  BM_Cbk.o [1]
BM_StartUp                   0x2a33    0x2a  Code  Gb  BM_Prg.o [1]
BOARD_GET_ISR_SRC            0x10a5          Code  Gb  boardStartup.o [1]
BSS$$Base               0x1fff'9200          Data  Gb  - Linker created -
BSS$$Limit              0x2000'275f          Data  Gb  - Linker created -
BlPduRRxPhysBuffer      0x1fff'9a00  0x1000  Data  Gb  BlPduR_Cfg.o [1]
BlPduR_ConvertRxFuncPduId
                             0x348f    0x40  Code  Lc  BlPduR_Prg.o [1]
BlPduR_CopyRxData            0x312b    0x78  Code  Gb  BlPduR_Prg.o [1]
BlPduR_CopyTxData            0x329f    0x44  Code  Gb  BlPduR_Prg.o [1]
BlPduR_Custom_Com_Deactivate
                             0x58fd     0x2  Code  Gb  BlPduR_Cbk.o [1]
BlPduR_Custom_Com_Init       0x58b9    0x26  Code  Gb  BlPduR_Cbk.o [1]
BlPduR_Custom_RequestCommunicationDown
                             0x58b1     0x2  Code  Gb  BlPduR_Cbk.o [1]
BlPduR_Custom_RequestCommunicationUp
                             0x58ad     0x4  Code  Gb  BlPduR_Cbk.o [1]
BlPduR_GetGroupIdVal         0x5891     0x4  Code  Gb  BlPduR_Cbk.o [1]
BlPduR_GetRxPduId            0x5895    0x12  Code  Gb  BlPduR_Cbk.o [1]
BlPduR_GetTpParameter        0x2eef    0x10  Code  Gb  BlPduR_Prg.o [1]
BlPduR_GroupIdFrameFilter
                             0x3453    0x3c  Code  Gb  BlPduR_Prg.o [1]
BlPduR_Init                  0x2e65    0x38  Code  Gb  BlPduR_Prg.o [1]
BlPduR_Init1                 0x2e9d     0x4  Code  Gb  BlPduR_Prg.o [1]
BlPduR_Init2                 0x2ea1    0x4e  Code  Gb  BlPduR_Prg.o [1]
BlPduR_Manage                0x2f57    0x1a  Code  Gb  BlPduR_Prg.o [1]
BlPduR_ReleaseBuffers        0x3365     0xe  Code  Lc  BlPduR_Prg.o [1]
BlPduR_RetrieveConnectionInfo
                             0x33e9    0x34  Code  Gb  BlPduR_Prg.o [1]
[...]
Spi_LPspi_IrqPoll            0x84b7    0x50  Code  Gb  Spi_LPspi.o [1]
Spi_LPspi_IsrFifoRx          0x8977    0xbc  Code  Gb  Spi_LPspi.o [1]
Spi_LPspi_JobTransfer        0x88f3    0x84  Code  Gb  Spi_LPspi.o [1]
Spi_LPspi_JobTransferFifoDrain
                             0x86df    0x9a  Code  Lc  Spi_LPspi.o [1]
Spi_LPspi_JobTransferFifoFill
                             0x85d3    0x6a  Code  Lc  Spi_LPspi.o [1]
Spi_LPspi_PrepareCacheInformation
                             0x8779   0x17a  Code  Gb  Spi_LPspi.o [1]
Spi_LPspi_SyncTransmit       0x8ae9    0xec  Code  Gb  Spi_LPspi.o [1]
Spi_LPspi_SyncTransmitJob
                             0x8bd5   0x158  Code  Gb  Spi_LPspi.o [1]
Spi_LPspi_SyncTransmitRX
                             0x8ec7    0xfc  Code  Lc  Spi_LPspi.o [1]
Spi_LPspi_SyncTransmitState
                        0x2000'2608    0x30  Data  Lc  Spi_LPspi.o [1]
Spi_LPspi_SyncTransmitTX
                             0x8e71    0x56  Code  Lc  Spi_LPspi.o [1]
Spi_LPspi_SyncTransmit_Fast
                             0x8d2d   0x144  Code  Gb  Spi_LPspi.o [1]
Spi_LPspi_TransferStatus
                             0x8a4f    0x9a  Code  Lc  Spi_LPspi.o [1]
Spi_LPspi_WriteTxFifo        0x863d    0xa2  Code  Lc  Spi_LPspi.o [1]
Spi_LPspi_aChannelsAttributes
                        0x2000'25cc    0x3c  Data  Lc  Spi_LPspi.o [1]
Spi_LPspi_aDeviceState  0x2000'263c    0x64  Data  Gb  Spi_LPspi.o [1]
Spi_LPspi_aSeqsAttributes
                        0x2000'2578    0x54  Data  Lc  Spi_LPspi.o [1]
Spi_LPspi_apOneJobSeqsOptimized
                        0x2000'27e8     0xc  Data  Gb  Spi_LPspi.o [1]
Spi_LPspi_au32BaseAddrs
                           0x1'1a04    0x34  Data  Gb  Spi_LPspi.o [1]
Spi_LPspi_u32ReadDiscard
                        0x2000'2638     0x4  Data  Lc  Spi_LPspi.o [1]
Spi_MainFunction_Handling
                             0x2ceb    0x16  Code  Gb  Spi.o [1]
Spi_PBCfgVariantPredefined
                           0x1'1b5c    0x1c  Data  Gb  Spi_PBcfg.o [1]
Spi_ReadIB                   0x2c47    0x38  Code  Gb  Spi.o [1]
Spi_ScheduleJob              0x2a5d    0x74  Code  Lc  Spi.o [1]
Spi_ScheduleNextJob          0x2d01    0x74  Code  Lc  Spi.o [1]
Spi_SyncTransmit             0x2c89    0x62  Code  Gb  Spi.o [1]
Spi_WriteIB                  0x2bf1    0x56  Code  Gb  Spi.o [1]
Spi_aSpiChannelState    0x2000'2560     0xc  Data  Gb  Spi.o [1]
Spi_aSpiHWUnitQueueArray
                        0x2000'24f8    0x14  Data  Lc  Spi.o [1]
Spi_aSpiJobState        0x2000'253c    0x24  Data  Gb  Spi.o [1]
Spi_aSpiSequenceState   0x2000'250c    0x30  Data  Gb  Spi.o [1]
Spi_au32SpiSeqUsedHWUnits
                        0x2000'256c     0xc  Data  Lc  Spi.o [1]
Spi_pcSpiConfigPtr      0x2000'27e0     0x4  Data  Gb  Spi.o [1]
Spi_u32SpiBusySyncHWUnitsStatus
                        0x2000'27e4     0x4  Data  Lc  Spi.o [1]
TS_MemCpy32                  0x6e59    0x4e  Code  Gb  TSMem.o [1]
UDS_AnswerOrNot              0x6501    0x1c  Code  Lc  UDS_Prg.o [1]
UDS_CustomPositiveAnswerInd
                             0x96b5     0x2  Code  Gb  UDS_Cbk.o [1]
UDS_DiagSession              0x6529    0xce  Code  Lc  UDS_Prg.o [1]
UDS_DidFiltering             0x5f2f    0x46  Code  Lc  UDS_Prg.o [1]
UDS_DidSessionFiltering2
                             0x5ec1    0x4a  Code  Lc  UDS_Prg.o [1]
UDS_FilteringCfg1            0x5abf    0xb4  Code  Lc  UDS_Prg.o [1]
UDS_FilteringCfg2            0x5d43    0xb4  Code  Lc  UDS_Prg.o [1]
UDS_FilteringCfg3            0x60ef    0x9c  Code  Lc  UDS_Prg.o [1]
UDS_GetCurrentSession        0x6821    0x72  Code  Gb  UDS_Prg.o [1]
UDS_GetRoutineStatus         0x63eb    0x2e  Code  Lc  UDS_Prg.o [1]
UDS_Init                     0x5901    0x38  Code  Gb  UDS_Prg.o [1]
UDS_IsPending                0x68eb     0xc  Code  Gb  UDS_Prg.o [1]
UDS_LongRequestEnd           0x666f    0x52  Code  Gb  UDS_Prg.o [1]
UDS_LongRequestRespTxConf
                             0x6811     0x8  Code  Gb  UDS_Prg.o [1]
UDS_LongRequestResponseInd
                             0x68e1     0xa  Code  Lc  UDS_Prg.o [1]
UDS_Manage                   0x66c5    0x88  Code  Gb  UDS_Prg.o [1]
UDS_NegativeAnswer           0x6419    0x46  Code  Lc  UDS_Prg.o [1]
UDS_P2AboutToExpireInd       0x96bb     0x2  Code  Gb  UDS_Cbk.o [1]
UDS_PositiveAnswer           0x6469    0x90  Code  Lc  UDS_Prg.o [1]
UDS_RdbiManagement           0x5f75   0x16e  Code  Lc  UDS_Prg.o [1]
UDS_ReadDataByIdentifier
                             0x96bd   0x1dc  Code  Gb  UDS_Cbk.o [1]
UDS_ReloadTStopDiag          0x67b9    0x50  Code  Gb  UDS_Prg.o [1]
UDS_ResponsePending_Manage
                             0x6755    0x64  Code  Gb  UDS_Prg.o [1]
UDS_RiFiltering              0x62f9    0x4a  Code  Lc  UDS_Prg.o [1]
UDS_RiSessionFiltering3
                             0x62ab    0x4e  Code  Lc  UDS_Prg.o [1]
UDS_RxRequest                0x5939    0x10  Code  Gb  UDS_Prg.o [1]
UDS_RxRequestWithAddrMode
                             0x5949   0x176  Code  Gb  UDS_Prg.o [1]
UDS_SecurityLevelCheck       0x6893    0x46  Code  Lc  UDS_Prg.o [1]
UDS_SelectSessionMask        0x65f7    0x78  Code  Lc  UDS_Prg.o [1]
UDS_ServiceFiltering1        0x5b73    0x56  Code  Lc  UDS_Prg.o [1]
UDS_ServiceFiltering2        0x5e2d    0x32  Code  Lc  UDS_Prg.o [1]
UDS_ServiceFiltering3        0x618b    0x34  Code  Lc  UDS_Prg.o [1]
UDS_SessionFiltering1        0x5c5f    0x46  Code  Lc  UDS_Prg.o [1]
UDS_SessionFiltering2        0x5e79    0x38  Code  Lc  UDS_Prg.o [1]
UDS_SessionFiltering3        0x625f    0x3c  Code  Lc  UDS_Prg.o [1]
UDS_SessionStatusInd         0x3373    0x3c  Code  Gb  BlPduR_Prg.o [1]
UDS_StartRoutineControl
                             0x634b    0x2e  Code  Lc  UDS_Prg.o [1]
UDS_StopNRC78Timer           0x6819     0x8  Code  Gb  UDS_Prg.o [1]
UDS_StopRoutineControl       0x6379    0x2e  Code  Lc  UDS_Prg.o [1]
UDS_StopSessionTimer         0x6809     0x2  Code  Gb  UDS_Prg.o [1]
UDS_SubServiceFiltering1
                             0x5bc9    0x96  Code  Lc  UDS_Prg.o [1]
UDS_SubServiceFiltering3
                             0x61dd    0x82  Code  Lc  UDS_Prg.o [1]
UDS_SubServiceSessionFiltering1
                             0x5ca5    0x8e  Code  Lc  UDS_Prg.o [1]
Watchdog_Trigger             0x83dd     0x2  Code  Gb  Watchdog.o [1]
__Flash_API_RAM_SECTION_END_ADDR {Abs}
                        0x1fff'91ff          Data  Gb  <internal module>
__Flash_API_RAM_SECTION_START_ADDR {Abs}
                        0x1fff'9000          Data  Gb  <internal module>
__Flash_API_ROM_SECTION_END_ADDR {Abs}
                             0x1dff          Data  Gb  <internal module>
__Flash_API_ROM_SECTION_START_ADDR {Abs}
                             0x1c00          Data  Gb  <internal module>
__GLBL_RAM_END {Abs}    0x2000'3eff          Data  Gb  <internal module>
__GLBL_RAM_START {Abs}  0x1fff'9200          Data  Gb  <internal module>
__GLBL_ROM_END {Abs}       0x1'ffff          Data  Gb  <internal module>
__GLBL_ROM_START {Abs}       0x1000          Data  Gb  <internal module>
__aeabi_memclr               0xc691          Code  Gb  ABImemclr.o [2]
__aeabi_memclr4              0x96ad          Code  Gb  ABImemclr4.o [2]
__aeabi_memset4              0x9959          Code  Gb  ABImemset48.o [2]
__aeabi_memset8              0x9959          Code  Gb  ABImemset48.o [2]
__iar_Memset4_word           0x9961          Code  Gb  ABImemset48.o [2]
__iar_Memset8_word           0x9961          Code  Gb  ABImemset48.o [2]
__iar_small_Memcpy           0x7d45          Code  Gb  ABImemcpy_small.o [2]
__iar_small_Memset           0xc699          Code  Gb  ABImemset_small.o [2]
__iar_small_Memset_word
                             0xc699          Code  Gb  ABImemset_small.o [2]
__iar_small_memcpy           0x7d41          Code  Gb  ABImemcpy_small.o [2]
__iar_small_memcpy4          0x7d41          Code  Gb  ABImemcpy_small.o [2]
__iar_small_memcpy8          0x7d41          Code  Gb  ABImemcpy_small.o [2]
__iar_small_memset           0xc699          Code  Gb  ABImemset_small.o [2]
auCanId_0               0x2000'2798     0xc  Data  Gb  BlPduR_Cfg.o [1]
auCanId_1               0x2000'27a4     0xc  Data  Gb  BlPduR_Cfg.o [1]
aubDataSlicerSync       0x1fff'ba14     0x4  Data  Gb  FLASH_Prg.o [1]
boardDisableInterruptsAsm
                             0x1071          Code  Gb  boardStartup.o [1]
boardEnableInterruptsAsm
                             0x1075          Code  Gb  boardStartup.o [1]
boardInvalidException        0x100b          Code  Gb  boardStartup.o [1]
boardInvalidInterrupt        0x1009          Code  Gb  boardStartup.o [1]
boardResetStart              0x1039          Code  Gb  boardStartup.o [1]
cu8BusStatRegister         0x1'1fc2     0x2  Data  Gb  SpiIf.o [1]
cu8DevStatRegister         0x1'1fc0     0x2  Data  Gb  SpiIf.o [1]
cu8FamProdStateRegister
                           0x1'1fcc     0x2  Data  Gb  SpiIf.o [1]
cu8GpioOcStatRegister      0x1'1fc8     0x2  Data  Gb  SpiIf.o [1]
cu8GpioOlStatRegister      0x1'1fca     0x2  Data  Gb  SpiIf.o [1]
cu8HwCtrl0Register         0x1'1faa     0x2  Data  Gb  SpiIf.o [1]
cu8HwCtrl1Register         0x1'1fac     0x2  Data  Gb  SpiIf.o [1]
cu8HwCtrl2Register         0x1'1fae     0x2  Data  Gb  SpiIf.o [1]
cu8PwmCtrlRegister         0x1'1fb6     0x2  Data  Gb  SpiIf.o [1]
cu8SupStat0Register        0x1'1fbc     0x2  Data  Gb  SpiIf.o [1]
cu8SupStat1Register        0x1'1fba     0x2  Data  Gb  SpiIf.o [1]
cu8ThermalStatRegister     0x1'1fbe     0x2  Data  Gb  SpiIf.o [1]
cu8TimerCtrlRegister       0x1'1fb4     0x2  Data  Gb  SpiIf.o [1]
cu8WKCtrl0Register         0x1'1fb0     0x2  Data  Gb  SpiIf.o [1]
cu8WKCtrl1Register         0x1'1fb2     0x2  Data  Gb  SpiIf.o [1]
cu8WakeStat0Register       0x1'1fc4     0x2  Data  Gb  SpiIf.o [1]
cu8WakeStat1Register       0x1'1fc6     0x2  Data  Gb  SpiIf.o [1]
cu8WdgRegister             0x1'1fb8     0x2  Data  Gb  SpiIf.o [1]
gFlag                   0x2000'273e     0x1  Data  Gb  PROG_Cbk.o [1]
group_DATABSS$$Base     0x1fff'9200           --   Gb  - Linker created -
group_DATABSS$$Limit    0x2000'2838           --   Gb  - Linker created -
m_aMagicNumProgrammedValue
                           0x1'0774     0x8  Data  Lc  PROG_Cbk.o [1]
m_aMagicNumRevokedValue
                           0x1'077c     0x8  Data  Lc  PROG_Cbk.o [1]
m_apstReceptionBuffer   0x1fff'aa40     0x8  Data  Gb  BlPduR_Prg.o [1]
m_astCfgMemory             0x1'0904    0x10  Data  Gb  PROG_Cfg.o [1]
m_astDiagSrvCfg1           0x1'1c1c    0xa8  Data  Gb  UDS_Cfg.o [1]
m_astDiagSrvCfg2           0x1'1cc4   0x220  Data  Gb  UDS_Cfg.o [1]
m_astDiagSrvCfg3           0x1'1ee4    0x60  Data  Gb  UDS_Cfg.o [1]
m_aubCalculatedKey      0x2000'24e8     0x4  Data  Lc  SA_Prg.o [1]
m_aubCrcData            0x2000'21b0    0x20  Data  Lc  PROG_Prg.o [1]
m_aubExpectedSignature  0x2000'0fa8   0x180  Data  Gb  PROG_Prg.o [1]
m_aubFingerPrint        0x1fff'ba4c     0xc  Data  Lc  PROG_Cbk.o [1]
m_aubPROGPublicModulus     0x1'0784   0x180  Data  Gb  PROG_Cbk.o [1]
m_aubTPFuncBuffer       0x1fff'aa0c     0x8  Data  Lc  BlPduR_Prg.o [1]
m_aubUdsData            0x2000'2190     0x8  Data  Lc  PROG_Prg.o [1]
m_crc32tab                 0x1'0964   0x400  Data  Lc  PROG_Cust_Crc.o [1]
m_eCryptoState          0x2000'2741     0x1  Data  Lc  PROG_Cry.o [1]
m_eCryptoStatus         0x2000'273f     0x1  Data  Lc  PROG_Cry.o [1]
m_eEncryptDecryptState  0x2000'2744     0x1  Data  Gb  PROG_Encrypt.o [1]
m_eEncryptDecryptStatus
                        0x2000'2745     0x1  Data  Lc  PROG_Encrypt.o [1]
m_eSaStatus             0x2000'2758     0x1  Data  Gb  SA_Prg.o [1]
m_eSessionCode          0x2000'271c     0x2  Data  Lc  UDS_Prg.o [1]
m_eSessionIdx           0x2000'2759     0x1  Data  Lc  UDS_Prg.o [1]
m_eSessionMask          0x2000'271e     0x2  Data  Lc  UDS_Prg.o [1]
m_eSimRxReqState        0x2000'272b     0x1  Data  Gb  BlPduR_Prg.o [1]
m_eSuppresPosRspMsgIndicationBit
                        0x2000'275b     0x1  Data  Lc  UDS_Prg.o [1]
m_eUdsAddrMode          0x2000'275e     0x1  Data  Lc  UDS_Prg.o [1]
m_pstRxCurrentBufferConfig
                        0x1fff'aa3c     0x4  Data  Gb  BlPduR_Prg.o [1]
m_pubInitVector         0x2000'0f34     0x4  Data  Lc  PROG_Encrypt.o [1]
m_pubProgCryptoSignature
                        0x1fff'baf4     0x4  Data  Lc  PROG_Cry.o [1]
m_pubTxBuffer           0x1fff'aa20     0x4  Data  Gb  BlPduR_Prg.o [1]
m_stAntiscanInfo        0x2000'24ec     0xc  Data  Lc  SA_Prg.o [1]
m_stCryptoData          0x2000'116c  0x1024  Data  Lc  PROG_Prg.o [1]
m_stCurrentSegment      0x2000'0f8c     0xc  Data  Gb  PROG_Prg.o [1]
m_stDataProgVerification
                        0x2000'0f98    0x10  Data  Gb  PROG_Prg.o [1]
m_stDiagMessageInfo     0x2000'0f80     0xc  Data  Gb  PROG_Prg.o [1]
m_stFirstCheckMemoryAnswerInfo
                        0x2000'1154     0xc  Data  Lc  PROG_Prg.o [1]
m_stInBuffContext       0x2000'0af8    0x10  Data  Lc  PROG_Decomp.o [1]
m_stLongRequest         0x2000'2700    0x10  Data  Lc  UDS_Prg.o [1]
m_stOutBuffContext      0x2000'0b08   0x414  Data  Lc  PROG_Decomp.o [1]
m_stPageBuffer          0x2000'1160     0xc  Data  Lc  PROG_Prg.o [1]
m_stProgAsymPublicKey   0x2000'21d8   0x310  Data  Gb  PROG_Prg.o [1]
m_stProgCplContext      0x1fff'baf8  0x5000  Data  Gb  PROG_Decomp.o [1]
m_stProgDecryptionKey   0x2000'0f20    0x14  Data  Lc  PROG_Encrypt.o [1]
m_stReprogInfo          0x2000'1128    0x10  Data  Gb  PROG_Prg.o [1]
m_stRxFuncBufferConfig  0x1fff'aa30     0xc  Data  Lc  BlPduR_Prg.o [1]
m_stRxFuncBufferInfo    0x1fff'aa24     0xc  Data  Lc  BlPduR_Prg.o [1]
m_stSegList             0x2000'2198    0x14  Data  Gb  PROG_Prg.o [1]
m_stSessionInfo            0x1'1f44    0x50  Data  Gb  UDS_Cfg.o [1]
m_stTxBufferInfo        0x1fff'aa14     0xc  Data  Gb  BlPduR_Prg.o [1]
m_stWfSuccess           0x2000'21d0     0x4  Data  Lc  PROG_Prg.o [1]
m_stWriteInfo           0x2000'1138    0x1c  Data  Gb  PROG_Prg.o [1]
m_uProgDecompStatus     0x2000'2743     0x1  Data  Gb  PROG_Decomp.o [1]
m_uSessionTimeCnt       0x2000'2720     0x2  Data  Lc  UDS_Prg.o [1]
m_uSrvIdx               0x2000'275a     0x1  Data  Lc  UDS_Prg.o [1]
m_uStartSrvIdx          0x2000'275c     0x1  Data  Lc  UDS_Prg.o [1]
m_uStartSubSrvIdx       0x2000'275d     0x1  Data  Lc  UDS_Prg.o [1]
m_uTreatmentStatus      0x2000'2728     0x1  Data  Lc  BlPduR_Prg.o [1]
m_ubActivePartialVerifyCrc
                        0x2000'2742     0x1  Data  Gb  PROG_Cust_AppliCheck.o [1]
m_ubBoardIntLockNestingCounter
                        0x2000'272c     0x1  Data  Gb  board.o [1]
m_ubBootInDefaultSession
                        0x2000'2748     0x1  Data  Gb  PROG_Prg.o [1]
m_ubCRC_Calculation     0x2000'274d     0x1  Data  Gb  PROG_Prg.o [1]
m_ubCheckMemoryFinishState
                        0x2000'274e     0x1  Data  Lc  PROG_Prg.o [1]
m_ubCrcStart            0x2000'274a     0x1  Data  Gb  PROG_Prg.o [1]
m_ubCurrentConnection   0x2000'2729     0x1  Data  Gb  BlPduR_Prg.o [1]
m_ubDecompNotWritten    0x2000'2757     0x1  Data  Gb  PROG_Prg.o [1]
m_ubEncryptionMethod    0x2000'2755     0x1  Data  Lc  PROG_Prg.o [1]
m_ubFinishDecryption    0x2000'274c     0x1  Data  Gb  PROG_Prg.o [1]
m_ubGroupIdVal          0x2000'2727     0x1  Data  Lc  BlPduR_Prg.o [1]
m_ubNbSectEraseCnt      0x2000'2754     0x1  Data  Lc  PROG_Prg.o [1]
m_ubProgFirstCall       0x2000'2751     0x1  Data  Lc  PROG_Prg.o [1]
m_ubProgIsInit          0x2000'2749     0x1  Data  Gb  PROG_Prg.o [1]
m_ubProgSecurityLevel   0x2000'2753     0x1  Data  Lc  PROG_Prg.o [1]
m_ubProgVerifyResult    0x2000'2740     0x1  Data  Lc  PROG_Cry.o [1]
m_ubRTEReceived         0x2000'2752     0x1  Data  Lc  PROG_Prg.o [1]
m_ubReceiveBuffCount    0x2000'2726     0x1  Data  Gb  BlPduR_Prg.o [1]
m_ubSameRequest         0x2000'274f     0x1  Data  Lc  PROG_Prg.o [1]
m_ubSendResponseafterReset
                        0x2000'2747     0x1  Data  Gb  PROG_Prg.o [1]
m_ubSendResponsetoOpenProgramming
                        0x2000'2746     0x1  Data  Gb  PROG_Prg.o [1]
m_ubSimulateProgSessionWithResponse
                        0x2000'274b     0x1  Data  Gb  PROG_Prg.o [1]
m_ubStoredConnection    0x2000'272a     0x1  Data  Gb  BlPduR_Prg.o [1]
m_ubTDReceive           0x2000'2750     0x1  Data  Lc  PROG_Prg.o [1]
m_ubVerificationMethod  0x2000'2833     0x1  Data  Gb  PROG_Prg.o [1]
m_ubWaitCryptoBeforeTdEnd
                        0x2000'2756     0x1  Data  Gb  PROG_Prg.o [1]
m_ulCompressedDataSize  0x2000'0f1c     0x4  Data  Lc  PROG_Decomp.o [1]
m_ulExpectedCks         0x2000'21d4     0x4  Data  Gb  PROG_Prg.o [1]
m_ulInitVectorLength    0x2000'0f38     0x4  Data  Lc  PROG_Encrypt.o [1]
m_ulSleepTimeout        0x2000'21ac     0x4  Data  Lc  PROG_Prg.o [1]
m_uwBlPduRTpBsVal       0x2000'26a2     0x2  Data  Lc  BlPduR_Prg.o [1]
m_uwBlPduRTpStminVal    0x2000'26a6     0x2  Data  Lc  BlPduR_Prg.o [1]
m_uwDid                 0x2000'2722     0x2  Data  Lc  UDS_Prg.o [1]
m_uwRi                  0x2000'2724     0x2  Data  Lc  UDS_Prg.o [1]
m_uwStreamingLength     0x2000'271a     0x2  Data  Lc  PROG_Prg.o [1]
main                         0x25f9    0x70  Code  Gb  main.o [1]
noinit$$Base            0x2000'3f00          Data  Gb  - Linker created -
noinit$$Limit           0x2000'3f0c           --   Gb  - Linker created -
reset_vector                 0x1000     0x8  Data  Gb  board_reset_vector.o [1]
reset_vector$$Base           0x1000           --   Gb  - Linker created -
reset_vector$$Limit          0x10ae           --   Gb  - Linker created -
rodata$$Base                 0xf400           --   Gb  - Linker created -
rodata$$Limit              0x1'2051           --   Gb  - Linker created -
stCfgBlock                 0x1'0950    0x14  Data  Gb  PROG_Cfg.o [1]
stConfigSegment            0x1'0914    0x3c  Data  Gb  PROG_Cfg.o [1]
stMultipleIdConfig           0xf400    0x10  Data  Gb  BlPduR_Cfg.o [1]
stNVMBootloaderData     0x1fff'ba58    0x9c  Data  Gb  PROG_Cbk.o [1]
stNoIntShareVar         0x2000'3f00     0xc  Data  Gb  PROG_Cbk.o [1]
stPduConnection         0x2000'2780     0xc  Data  Gb  BlPduR_Cfg.o [1]
stRxPdu                 0x2000'2760    0x20  Data  Gb  BlPduR_Cfg.o [1]
stRxPhysBufferConfig    0x2000'278c     0xc  Data  Gb  BlPduR_Cfg.o [1]
stRxPhysBufferInfo      0x1fff'aa00     0xc  Data  Gb  BlPduR_Cfg.o [1]
text$$Base                   0x2300           --   Gb  - Linker created -
text$$Limit                  0xf3e4           --   Gb  - Linker created -
u32StatusInformationSBC
                        0x2000'2824     0x4  Data  Lc  SpiIf.o [1]
u8BusCtrl0Register      0x2000'282a     0x2  Data  Lc  SpiIf.o [1]
u8CounterBaseRefreshWD  0x2000'2834     0x1  Data  Lc  SpiIf.o [1]
u8CurrentBlock          0x2000'273d     0x1  Data  Gb  PROG_Cbk.o [1]
u8DecryptKey            0x2000'27d0    0x10  Data  Gb  PROG_Cbk.o [1]
u8DiagBuffer            0x2000'26bc    0x44  Data  Gb  UDS_Cbk.o [1]
u8InitKey               0x2000'27c0    0x10  Data  Gb  PROG_Cbk.o [1]
u8MSCtrlRegister        0x2000'282c     0x2  Data  Lc  SpiIf.o [1]
u8SPILocalResponse      0x2000'282e     0x2  Data  Lc  SpiIf.o [1]
u8SPIResponse           0x2000'2828     0x2  Data  Lc  SpiIf.o [1]
uAddrSlicerSync         0x1fff'ba10     0x4  Data  Gb  FLASH_Prg.o [1]
ubProcessFlag           0x2000'2738     0x1  Data  Gb  FLASH_Prg.o [1]
uwEndBlockNo            0x2000'2718     0x2  Data  Gb  FLASH_Prg.o [1]
uwGlobalStatus          0x2000'2832     0x1  Data  Gb  FLASH_Prg.o [1]
uwNotAlignedDataLen     0x2000'2714     0x2  Data  Gb  FLASH_Prg.o [1]
uwStartBlockNo          0x2000'2716     0x2  Data  Gb  FLASH_Prg.o [1]
uwWriteIncrement        0x2000'2712     0x2  Data  Gb  FLASH_Prg.o [1]
uwremainProcessTimes    0x2000'2710     0x2  Data  Gb  FLASH_Prg.o [1]


[1] = C:\Git\eCS_Platform_Git\Tools\Build_Env\Workspace\Outputs\fbl\Obj
[2] = rt7M_tl.a

  54 738 bytes of readonly  code memory
  11 569 bytes of readonly  data memory
  38 464 bytes of readwrite data memory

Errors: none
Warnings: none
